<?xml version="1.0" encoding="ISO-8859-1" ?>
<link_info>
   <banner>TI ARM Clang Linker PC v4.0.3.LTS</banner>
   <copyright>Copyright (c) 1996-2018 Texas Instruments Incorporated</copyright>
   <command_line>D:\ti\ccs2020\ccs\tools\compiler\ti-cgt-armllvm_4.0.3.LTS\bin\tiarmlnk -ID:\ti\ccs2020\ccs\tools\compiler\ti-cgt-armllvm_4.0.3.LTS\lib -o empty_LP_MSPM0G3507_nortos_ticlang.out -mempty_LP_MSPM0G3507_nortos_ticlang.map -iD:/ti/mspm0_sdk_2_01_00_03/source -iC:/Users/Mayn/Desktop/WHEELTEC_C07A_TB6612/empty_LP_MSPM0G3507_nortos_ticlang -iC:/Users/Mayn/Desktop/WHEELTEC_C07A_TB6612/empty_LP_MSPM0G3507_nortos_ticlang/Debug/syscfg -iD:/ti/ccs2020/ccs/tools/compiler/ti-cgt-armllvm_4.0.3.LTS/lib --diag_wrap=off --display_error_number --warn_sections --xml_link_info=empty_LP_MSPM0G3507_nortos_ticlang_linkInfo.xml --rom_model ./empty.o ./ti_msp_dl_config.o ./startup_mspm0g350x_ticlang.o ./Hardware/board.o ./Hardware/encoder.o ./Hardware/key.o ./Hardware/led.o ./Hardware/motor.o -l./device_linker.cmd -ldevice.cmd.genlibs -llibc.a --start-group -llibc++.a -llibc++abi.a -llibc.a -llibsys.a -llibsysbm.a -llibclang_rt.builtins.a -llibclang_rt.profile.a --end-group --cg_opt_level=0</command_line>
   <link_time>0x687863c8</link_time>
   <link_errors>0x0</link_errors>
   <output_file>C:\Users\Mayn\Desktop\WHEELTEC_C07A_TB6612\empty_LP_MSPM0G3507_nortos_ticlang\Debug\empty_LP_MSPM0G3507_nortos_ticlang.out</output_file>
   <entry_point>
      <name>_c_int00_noargs</name>
      <address>0x2de1</address>
   </entry_point>
   <input_file_list>
      <input_file id="fl-1">
         <path>C:\Users\Mayn\Desktop\WHEELTEC_C07A_TB6612\empty_LP_MSPM0G3507_nortos_ticlang\Debug\.\</path>
         <kind>object</kind>
         <file>empty.o</file>
         <name>empty.o</name>
      </input_file>
      <input_file id="fl-2">
         <path>C:\Users\Mayn\Desktop\WHEELTEC_C07A_TB6612\empty_LP_MSPM0G3507_nortos_ticlang\Debug\.\</path>
         <kind>object</kind>
         <file>ti_msp_dl_config.o</file>
         <name>ti_msp_dl_config.o</name>
      </input_file>
      <input_file id="fl-3">
         <path>C:\Users\Mayn\Desktop\WHEELTEC_C07A_TB6612\empty_LP_MSPM0G3507_nortos_ticlang\Debug\.\</path>
         <kind>object</kind>
         <file>startup_mspm0g350x_ticlang.o</file>
         <name>startup_mspm0g350x_ticlang.o</name>
      </input_file>
      <input_file id="fl-4">
         <path>C:\Users\Mayn\Desktop\WHEELTEC_C07A_TB6612\empty_LP_MSPM0G3507_nortos_ticlang\Debug\.\Hardware\</path>
         <kind>object</kind>
         <file>board.o</file>
         <name>board.o</name>
      </input_file>
      <input_file id="fl-5">
         <path>C:\Users\Mayn\Desktop\WHEELTEC_C07A_TB6612\empty_LP_MSPM0G3507_nortos_ticlang\Debug\.\Hardware\</path>
         <kind>object</kind>
         <file>encoder.o</file>
         <name>encoder.o</name>
      </input_file>
      <input_file id="fl-6">
         <path>C:\Users\Mayn\Desktop\WHEELTEC_C07A_TB6612\empty_LP_MSPM0G3507_nortos_ticlang\Debug\.\Hardware\</path>
         <kind>object</kind>
         <file>key.o</file>
         <name>key.o</name>
      </input_file>
      <input_file id="fl-7">
         <path>C:\Users\Mayn\Desktop\WHEELTEC_C07A_TB6612\empty_LP_MSPM0G3507_nortos_ticlang\Debug\.\Hardware\</path>
         <kind>object</kind>
         <file>led.o</file>
         <name>led.o</name>
      </input_file>
      <input_file id="fl-8">
         <path>C:\Users\Mayn\Desktop\WHEELTEC_C07A_TB6612\empty_LP_MSPM0G3507_nortos_ticlang\Debug\.\Hardware\</path>
         <kind>object</kind>
         <file>motor.o</file>
         <name>motor.o</name>
      </input_file>
      <input_file id="fl-15">
         <path>C:\Users\Mayn\Desktop\WHEELTEC_C07A_TB6612\empty_LP_MSPM0G3507_nortos_ticlang\Debug\</path>
         <kind>object</kind>
         <file>&lt;internal&gt;</file>
         <name>&lt;internal&gt;</name>
      </input_file>
      <input_file id="fl-16">
         <path>D:\ti\mspm0_sdk_2_01_00_03\source\ti\driverlib\lib\ticlang\m0p\mspm0g1x0x_g3x0x\</path>
         <kind>archive</kind>
         <file>driverlib.a</file>
         <name>dl_common.o</name>
      </input_file>
      <input_file id="fl-17">
         <path>D:\ti\mspm0_sdk_2_01_00_03\source\ti\driverlib\lib\ticlang\m0p\mspm0g1x0x_g3x0x\</path>
         <kind>archive</kind>
         <file>driverlib.a</file>
         <name>dl_timer.o</name>
      </input_file>
      <input_file id="fl-18">
         <path>D:\ti\mspm0_sdk_2_01_00_03\source\ti\driverlib\lib\ticlang\m0p\mspm0g1x0x_g3x0x\</path>
         <kind>archive</kind>
         <file>driverlib.a</file>
         <name>dl_uart.o</name>
      </input_file>
      <input_file id="fl-19">
         <path>D:\ti\mspm0_sdk_2_01_00_03\source\ti\driverlib\lib\ticlang\m0p\mspm0g1x0x_g3x0x\</path>
         <kind>archive</kind>
         <file>driverlib.a</file>
         <name>dl_sysctl_mspm0g1x0x_g3x0x.o</name>
      </input_file>
      <input_file id="fl-30">
         <path>D:\ti\ccs2020\ccs\tools\compiler\ti-cgt-armllvm_4.0.3.LTS\lib\armv6m-ti-none-eabi\c\</path>
         <kind>archive</kind>
         <file>libc.a</file>
         <name>printf.c.obj</name>
      </input_file>
      <input_file id="fl-31">
         <path>D:\ti\ccs2020\ccs\tools\compiler\ti-cgt-armllvm_4.0.3.LTS\lib\armv6m-ti-none-eabi\c\</path>
         <kind>archive</kind>
         <file>libc.a</file>
         <name>_printfi.c.obj</name>
      </input_file>
      <input_file id="fl-32">
         <path>D:\ti\ccs2020\ccs\tools\compiler\ti-cgt-armllvm_4.0.3.LTS\lib\armv6m-ti-none-eabi\c\</path>
         <kind>archive</kind>
         <file>libc.a</file>
         <name>s_frexp.c.obj</name>
      </input_file>
      <input_file id="fl-33">
         <path>D:\ti\ccs2020\ccs\tools\compiler\ti-cgt-armllvm_4.0.3.LTS\lib\armv6m-ti-none-eabi\c\</path>
         <kind>archive</kind>
         <file>libc.a</file>
         <name>s_scalbn.c.obj</name>
      </input_file>
      <input_file id="fl-34">
         <path>D:\ti\ccs2020\ccs\tools\compiler\ti-cgt-armllvm_4.0.3.LTS\lib\armv6m-ti-none-eabi\c\</path>
         <kind>archive</kind>
         <file>libc.a</file>
         <name>wcslen.c.obj</name>
      </input_file>
      <input_file id="fl-35">
         <path>D:\ti\ccs2020\ccs\tools\compiler\ti-cgt-armllvm_4.0.3.LTS\lib\armv6m-ti-none-eabi\c\</path>
         <kind>archive</kind>
         <file>libc.a</file>
         <name>aeabi_portable.c.obj</name>
      </input_file>
      <input_file id="fl-36">
         <path>D:\ti\ccs2020\ccs\tools\compiler\ti-cgt-armllvm_4.0.3.LTS\lib\armv6m-ti-none-eabi\c\</path>
         <kind>archive</kind>
         <file>libc.a</file>
         <name>_lock.c.obj</name>
      </input_file>
      <input_file id="fl-37">
         <path>D:\ti\ccs2020\ccs\tools\compiler\ti-cgt-armllvm_4.0.3.LTS\lib\armv6m-ti-none-eabi\c\</path>
         <kind>archive</kind>
         <file>libc.a</file>
         <name>_ltoa.c.obj</name>
      </input_file>
      <input_file id="fl-38">
         <path>D:\ti\ccs2020\ccs\tools\compiler\ti-cgt-armllvm_4.0.3.LTS\lib\armv6m-ti-none-eabi\c\</path>
         <kind>archive</kind>
         <file>libc.a</file>
         <name>assert.c.obj</name>
      </input_file>
      <input_file id="fl-39">
         <path>D:\ti\ccs2020\ccs\tools\compiler\ti-cgt-armllvm_4.0.3.LTS\lib\armv6m-ti-none-eabi\c\</path>
         <kind>archive</kind>
         <file>libc.a</file>
         <name>atoi.c.obj</name>
      </input_file>
      <input_file id="fl-3a">
         <path>D:\ti\ccs2020\ccs\tools\compiler\ti-cgt-armllvm_4.0.3.LTS\lib\armv6m-ti-none-eabi\c\</path>
         <kind>archive</kind>
         <file>libc.a</file>
         <name>defs.c.obj</name>
      </input_file>
      <input_file id="fl-3b">
         <path>D:\ti\ccs2020\ccs\tools\compiler\ti-cgt-armllvm_4.0.3.LTS\lib\armv6m-ti-none-eabi\c\</path>
         <kind>archive</kind>
         <file>libc.a</file>
         <name>memccpy.c.obj</name>
      </input_file>
      <input_file id="fl-3c">
         <path>D:\ti\ccs2020\ccs\tools\compiler\ti-cgt-armllvm_4.0.3.LTS\lib\armv6m-ti-none-eabi\c\</path>
         <kind>archive</kind>
         <file>libc.a</file>
         <name>memory.c.obj</name>
      </input_file>
      <input_file id="fl-3d">
         <path>D:\ti\ccs2020\ccs\tools\compiler\ti-cgt-armllvm_4.0.3.LTS\lib\armv6m-ti-none-eabi\c\</path>
         <kind>archive</kind>
         <file>libc.a</file>
         <name>boot_cortex_m.c.obj</name>
      </input_file>
      <input_file id="fl-3e">
         <path>D:\ti\ccs2020\ccs\tools\compiler\ti-cgt-armllvm_4.0.3.LTS\lib\armv6m-ti-none-eabi\c\</path>
         <kind>archive</kind>
         <file>libc.a</file>
         <name>mathacl_init.c.obj</name>
      </input_file>
      <input_file id="fl-3f">
         <path>D:\ti\ccs2020\ccs\tools\compiler\ti-cgt-armllvm_4.0.3.LTS\lib\armv6m-ti-none-eabi\c\</path>
         <kind>archive</kind>
         <file>libc.a</file>
         <name>autoinit.c.obj</name>
      </input_file>
      <input_file id="fl-40">
         <path>D:\ti\ccs2020\ccs\tools\compiler\ti-cgt-armllvm_4.0.3.LTS\lib\armv6m-ti-none-eabi\c\</path>
         <kind>archive</kind>
         <file>libc.a</file>
         <name>pre_init.c.obj</name>
      </input_file>
      <input_file id="fl-41">
         <path>D:\ti\ccs2020\ccs\tools\compiler\ti-cgt-armllvm_4.0.3.LTS\lib\armv6m-ti-none-eabi\c\</path>
         <kind>archive</kind>
         <file>libc.a</file>
         <name>cpy_tbl.c.obj</name>
      </input_file>
      <input_file id="fl-42">
         <path>D:\ti\ccs2020\ccs\tools\compiler\ti-cgt-armllvm_4.0.3.LTS\lib\armv6m-ti-none-eabi\c\</path>
         <kind>archive</kind>
         <file>libc.a</file>
         <name>copy_zero_init.c.obj</name>
      </input_file>
      <input_file id="fl-43">
         <path>D:\ti\ccs2020\ccs\tools\compiler\ti-cgt-armllvm_4.0.3.LTS\lib\armv6m-ti-none-eabi\c\</path>
         <kind>archive</kind>
         <file>libc.a</file>
         <name>copy_decompress_none.c.obj</name>
      </input_file>
      <input_file id="fl-44">
         <path>D:\ti\ccs2020\ccs\tools\compiler\ti-cgt-armllvm_4.0.3.LTS\lib\armv6m-ti-none-eabi\c\</path>
         <kind>archive</kind>
         <file>libc.a</file>
         <name>copy_decompress_lzss.c.obj</name>
      </input_file>
      <input_file id="fl-45">
         <path>D:\ti\ccs2020\ccs\tools\compiler\ti-cgt-armllvm_4.0.3.LTS\lib\armv6m-ti-none-eabi\c\</path>
         <kind>archive</kind>
         <file>libc.a</file>
         <name>sprintf.c.obj</name>
      </input_file>
      <input_file id="fl-46">
         <path>D:\ti\ccs2020\ccs\tools\compiler\ti-cgt-armllvm_4.0.3.LTS\lib\armv6m-ti-none-eabi\c\</path>
         <kind>archive</kind>
         <file>libc.a</file>
         <name>fflush.c.obj</name>
      </input_file>
      <input_file id="fl-47">
         <path>D:\ti\ccs2020\ccs\tools\compiler\ti-cgt-armllvm_4.0.3.LTS\lib\armv6m-ti-none-eabi\c\</path>
         <kind>archive</kind>
         <file>libc.a</file>
         <name>aeabi_ctype.S.obj</name>
      </input_file>
      <input_file id="fl-48">
         <path>D:\ti\ccs2020\ccs\tools\compiler\ti-cgt-armllvm_4.0.3.LTS\lib\armv6m-ti-none-eabi\c\</path>
         <kind>archive</kind>
         <file>libc.a</file>
         <name>exit.c.obj</name>
      </input_file>
      <input_file id="fl-49">
         <path>D:\ti\ccs2020\ccs\tools\compiler\ti-cgt-armllvm_4.0.3.LTS\lib\armv6m-ti-none-eabi\c\</path>
         <kind>archive</kind>
         <file>libc.a</file>
         <name>args_main.c.obj</name>
      </input_file>
      <input_file id="fl-e9">
         <path>D:\ti\ccs2020\ccs\tools\compiler\ti-cgt-armllvm_4.0.3.LTS\lib\armv6m-ti-none-eabi\c\</path>
         <kind>archive</kind>
         <file>libsysbm.a</file>
         <name>hostexit.c.obj</name>
      </input_file>
      <input_file id="fl-ea">
         <path>D:\ti\ccs2020\ccs\tools\compiler\ti-cgt-armllvm_4.0.3.LTS\lib\armv6m-ti-none-eabi\c\</path>
         <kind>archive</kind>
         <file>libsysbm.a</file>
         <name>write.c.obj</name>
      </input_file>
      <input_file id="fl-eb">
         <path>D:\ti\ccs2020\ccs\tools\compiler\ti-cgt-armllvm_4.0.3.LTS\lib\armv6m-ti-none-eabi\c\</path>
         <kind>archive</kind>
         <file>libsysbm.a</file>
         <name>host_device.c.obj</name>
      </input_file>
      <input_file id="fl-ec">
         <path>D:\ti\ccs2020\ccs\tools\compiler\ti-cgt-armllvm_4.0.3.LTS\lib\armv6m-ti-none-eabi\c\</path>
         <kind>archive</kind>
         <file>libsysbm.a</file>
         <name>hostclose.c.obj</name>
      </input_file>
      <input_file id="fl-ed">
         <path>D:\ti\ccs2020\ccs\tools\compiler\ti-cgt-armllvm_4.0.3.LTS\lib\armv6m-ti-none-eabi\c\</path>
         <kind>archive</kind>
         <file>libsysbm.a</file>
         <name>hostlseek.c.obj</name>
      </input_file>
      <input_file id="fl-ee">
         <path>D:\ti\ccs2020\ccs\tools\compiler\ti-cgt-armllvm_4.0.3.LTS\lib\armv6m-ti-none-eabi\c\</path>
         <kind>archive</kind>
         <file>libsysbm.a</file>
         <name>hostopen.c.obj</name>
      </input_file>
      <input_file id="fl-ef">
         <path>D:\ti\ccs2020\ccs\tools\compiler\ti-cgt-armllvm_4.0.3.LTS\lib\armv6m-ti-none-eabi\c\</path>
         <kind>archive</kind>
         <file>libsysbm.a</file>
         <name>hostread.c.obj</name>
      </input_file>
      <input_file id="fl-f0">
         <path>D:\ti\ccs2020\ccs\tools\compiler\ti-cgt-armllvm_4.0.3.LTS\lib\armv6m-ti-none-eabi\c\</path>
         <kind>archive</kind>
         <file>libsysbm.a</file>
         <name>hostrename.c.obj</name>
      </input_file>
      <input_file id="fl-f1">
         <path>D:\ti\ccs2020\ccs\tools\compiler\ti-cgt-armllvm_4.0.3.LTS\lib\armv6m-ti-none-eabi\c\</path>
         <kind>archive</kind>
         <file>libsysbm.a</file>
         <name>hostunlink.c.obj</name>
      </input_file>
      <input_file id="fl-f2">
         <path>D:\ti\ccs2020\ccs\tools\compiler\ti-cgt-armllvm_4.0.3.LTS\lib\armv6m-ti-none-eabi\c\</path>
         <kind>archive</kind>
         <file>libsysbm.a</file>
         <name>hostwrite.c.obj</name>
      </input_file>
      <input_file id="fl-f3">
         <path>D:\ti\ccs2020\ccs\tools\compiler\ti-cgt-armllvm_4.0.3.LTS\lib\armv6m-ti-none-eabi\c\</path>
         <kind>archive</kind>
         <file>libsysbm.a</file>
         <name>trgmsg.c.obj</name>
      </input_file>
      <input_file id="fl-f4">
         <path>D:\ti\ccs2020\ccs\tools\compiler\ti-cgt-armllvm_4.0.3.LTS\lib\armv6m-ti-none-eabi\</path>
         <kind>archive</kind>
         <file>libclang_rt.builtins.a</file>
         <name>addsf3.S.obj</name>
      </input_file>
      <input_file id="fl-f5">
         <path>D:\ti\ccs2020\ccs\tools\compiler\ti-cgt-armllvm_4.0.3.LTS\lib\armv6m-ti-none-eabi\</path>
         <kind>archive</kind>
         <file>libclang_rt.builtins.a</file>
         <name>adddf3.S.obj</name>
      </input_file>
      <input_file id="fl-f6">
         <path>D:\ti\ccs2020\ccs\tools\compiler\ti-cgt-armllvm_4.0.3.LTS\lib\armv6m-ti-none-eabi\</path>
         <kind>archive</kind>
         <file>libclang_rt.builtins.a</file>
         <name>muldf3.S.obj</name>
      </input_file>
      <input_file id="fl-f7">
         <path>D:\ti\ccs2020\ccs\tools\compiler\ti-cgt-armllvm_4.0.3.LTS\lib\armv6m-ti-none-eabi\</path>
         <kind>archive</kind>
         <file>libclang_rt.builtins.a</file>
         <name>muldsi3.S.obj</name>
      </input_file>
      <input_file id="fl-f8">
         <path>D:\ti\ccs2020\ccs\tools\compiler\ti-cgt-armllvm_4.0.3.LTS\lib\armv6m-ti-none-eabi\</path>
         <kind>archive</kind>
         <file>libclang_rt.builtins.a</file>
         <name>mulsf3.S.obj</name>
      </input_file>
      <input_file id="fl-f9">
         <path>D:\ti\ccs2020\ccs\tools\compiler\ti-cgt-armllvm_4.0.3.LTS\lib\armv6m-ti-none-eabi\</path>
         <kind>archive</kind>
         <file>libclang_rt.builtins.a</file>
         <name>divsf3.S.obj</name>
      </input_file>
      <input_file id="fl-fa">
         <path>D:\ti\ccs2020\ccs\tools\compiler\ti-cgt-armllvm_4.0.3.LTS\lib\armv6m-ti-none-eabi\</path>
         <kind>archive</kind>
         <file>libclang_rt.builtins.a</file>
         <name>divdf3.S.obj</name>
      </input_file>
      <input_file id="fl-fb">
         <path>D:\ti\ccs2020\ccs\tools\compiler\ti-cgt-armllvm_4.0.3.LTS\lib\armv6m-ti-none-eabi\</path>
         <kind>archive</kind>
         <file>libclang_rt.builtins.a</file>
         <name>extendsfdf2.S.obj</name>
      </input_file>
      <input_file id="fl-fc">
         <path>D:\ti\ccs2020\ccs\tools\compiler\ti-cgt-armllvm_4.0.3.LTS\lib\armv6m-ti-none-eabi\</path>
         <kind>archive</kind>
         <file>libclang_rt.builtins.a</file>
         <name>fixdfsi.S.obj</name>
      </input_file>
      <input_file id="fl-fd">
         <path>D:\ti\ccs2020\ccs\tools\compiler\ti-cgt-armllvm_4.0.3.LTS\lib\armv6m-ti-none-eabi\</path>
         <kind>archive</kind>
         <file>libclang_rt.builtins.a</file>
         <name>fixsfsi.S.obj</name>
      </input_file>
      <input_file id="fl-fe">
         <path>D:\ti\ccs2020\ccs\tools\compiler\ti-cgt-armllvm_4.0.3.LTS\lib\armv6m-ti-none-eabi\</path>
         <kind>archive</kind>
         <file>libclang_rt.builtins.a</file>
         <name>floatsidf.S.obj</name>
      </input_file>
      <input_file id="fl-ff">
         <path>D:\ti\ccs2020\ccs\tools\compiler\ti-cgt-armllvm_4.0.3.LTS\lib\armv6m-ti-none-eabi\</path>
         <kind>archive</kind>
         <file>libclang_rt.builtins.a</file>
         <name>floatsisf.S.obj</name>
      </input_file>
      <input_file id="fl-100">
         <path>D:\ti\ccs2020\ccs\tools\compiler\ti-cgt-armllvm_4.0.3.LTS\lib\armv6m-ti-none-eabi\</path>
         <kind>archive</kind>
         <file>libclang_rt.builtins.a</file>
         <name>muldi3.S.obj</name>
      </input_file>
      <input_file id="fl-101">
         <path>D:\ti\ccs2020\ccs\tools\compiler\ti-cgt-armllvm_4.0.3.LTS\lib\armv6m-ti-none-eabi\</path>
         <kind>archive</kind>
         <file>libclang_rt.builtins.a</file>
         <name>aeabi_dcmp.S.obj</name>
      </input_file>
      <input_file id="fl-102">
         <path>D:\ti\ccs2020\ccs\tools\compiler\ti-cgt-armllvm_4.0.3.LTS\lib\armv6m-ti-none-eabi\</path>
         <kind>archive</kind>
         <file>libclang_rt.builtins.a</file>
         <name>aeabi_idivmod.S.obj</name>
      </input_file>
      <input_file id="fl-103">
         <path>D:\ti\ccs2020\ccs\tools\compiler\ti-cgt-armllvm_4.0.3.LTS\lib\armv6m-ti-none-eabi\</path>
         <kind>archive</kind>
         <file>libclang_rt.builtins.a</file>
         <name>aeabi_memcpy.S.obj</name>
      </input_file>
      <input_file id="fl-104">
         <path>D:\ti\ccs2020\ccs\tools\compiler\ti-cgt-armllvm_4.0.3.LTS\lib\armv6m-ti-none-eabi\</path>
         <kind>archive</kind>
         <file>libclang_rt.builtins.a</file>
         <name>aeabi_memset.S.obj</name>
      </input_file>
      <input_file id="fl-105">
         <path>D:\ti\ccs2020\ccs\tools\compiler\ti-cgt-armllvm_4.0.3.LTS\lib\armv6m-ti-none-eabi\</path>
         <kind>archive</kind>
         <file>libclang_rt.builtins.a</file>
         <name>aeabi_uidivmod.S.obj</name>
      </input_file>
      <input_file id="fl-106">
         <path>D:\ti\ccs2020\ccs\tools\compiler\ti-cgt-armllvm_4.0.3.LTS\lib\armv6m-ti-none-eabi\</path>
         <kind>archive</kind>
         <file>libclang_rt.builtins.a</file>
         <name>aeabi_uldivmod.S.obj</name>
      </input_file>
      <input_file id="fl-107">
         <path>D:\ti\ccs2020\ccs\tools\compiler\ti-cgt-armllvm_4.0.3.LTS\lib\armv6m-ti-none-eabi\</path>
         <kind>archive</kind>
         <file>libclang_rt.builtins.a</file>
         <name>udivmoddi4.S.obj</name>
      </input_file>
      <input_file id="fl-108">
         <path>D:\ti\ccs2020\ccs\tools\compiler\ti-cgt-armllvm_4.0.3.LTS\lib\armv6m-ti-none-eabi\</path>
         <kind>archive</kind>
         <file>libclang_rt.builtins.a</file>
         <name>ashldi3.S.obj</name>
      </input_file>
      <input_file id="fl-109">
         <path>D:\ti\ccs2020\ccs\tools\compiler\ti-cgt-armllvm_4.0.3.LTS\lib\armv6m-ti-none-eabi\</path>
         <kind>archive</kind>
         <file>libclang_rt.builtins.a</file>
         <name>comparedf2.c.obj</name>
      </input_file>
      <input_file id="fl-10a">
         <path>D:\ti\ccs2020\ccs\tools\compiler\ti-cgt-armllvm_4.0.3.LTS\lib\armv6m-ti-none-eabi\</path>
         <kind>archive</kind>
         <file>libclang_rt.builtins.a</file>
         <name>aeabi_div0.c.obj</name>
      </input_file>
      <input_file id="fl-10b">
         <path>D:\ti\ccs2020\ccs\tools\compiler\ti-cgt-armllvm_4.0.3.LTS\lib\armv6m-ti-none-eabi\c\</path>
         <kind>archive</kind>
         <file>libc.a</file>
         <name>memcpy16.S.obj</name>
      </input_file>
      <input_file id="fl-10c">
         <path>D:\ti\ccs2020\ccs\tools\compiler\ti-cgt-armllvm_4.0.3.LTS\lib\armv6m-ti-none-eabi\c\</path>
         <kind>archive</kind>
         <file>libc.a</file>
         <name>memset16.S.obj</name>
      </input_file>
   </input_file_list>
   <object_component_list>
      <object_component id="oc-18">
         <name>.intvecs</name>
         <load_address>0x0</load_address>
         <readonly>true</readonly>
         <run_address>0x0</run_address>
         <size>0xc0</size>
         <alignment>0x4</alignment>
         <input_file_ref idref="fl-3"/>
      </object_component>
      <object_component id="oc-183">
         <name>.text:__TI_printfi</name>
         <load_address>0xc0</load_address>
         <readonly>true</readonly>
         <executable>true</executable>
         <run_address>0xc0</run_address>
         <size>0x9d0</size>
         <alignment>0x4</alignment>
         <input_file_ref idref="fl-31"/>
      </object_component>
      <object_component id="oc-1c4">
         <name>.text._pconv_a</name>
         <load_address>0xa90</load_address>
         <readonly>true</readonly>
         <executable>true</executable>
         <run_address>0xa90</run_address>
         <size>0x220</size>
         <alignment>0x4</alignment>
         <input_file_ref idref="fl-31"/>
      </object_component>
      <object_component id="oc-1c9">
         <name>.text._pconv_g</name>
         <load_address>0xcb0</load_address>
         <readonly>true</readonly>
         <executable>true</executable>
         <run_address>0xcb0</run_address>
         <size>0x1dc</size>
         <alignment>0x4</alignment>
         <input_file_ref idref="fl-31"/>
      </object_component>
      <object_component id="oc-213">
         <name>.text.adddf3_subdf3</name>
         <load_address>0xe8c</load_address>
         <readonly>true</readonly>
         <executable>true</executable>
         <run_address>0xe8c</run_address>
         <size>0x192</size>
         <alignment>0x4</alignment>
         <input_file_ref idref="fl-f5"/>
      </object_component>
      <object_component id="oc-1d3">
         <name>.text.__aeabi_idiv0</name>
         <load_address>0x101e</load_address>
         <readonly>true</readonly>
         <executable>true</executable>
         <run_address>0x101e</run_address>
         <size>0x2</size>
         <alignment>0x2</alignment>
         <input_file_ref idref="fl-10a"/>
      </object_component>
      <object_component id="oc-217">
         <name>.text.fcvt</name>
         <load_address>0x1020</load_address>
         <readonly>true</readonly>
         <executable>true</executable>
         <run_address>0x1020</run_address>
         <size>0x13c</size>
         <alignment>0x4</alignment>
         <input_file_ref idref="fl-31"/>
      </object_component>
      <object_component id="oc-a4">
         <name>.text.click_N_Double</name>
         <load_address>0x115c</load_address>
         <readonly>true</readonly>
         <executable>true</executable>
         <run_address>0x115c</run_address>
         <size>0x12c</size>
         <alignment>0x4</alignment>
         <input_file_ref idref="fl-6"/>
      </object_component>
      <object_component id="oc-34">
         <name>.text.GROUP1_IRQHandler</name>
         <load_address>0x1288</load_address>
         <readonly>true</readonly>
         <executable>true</executable>
         <run_address>0x1288</run_address>
         <size>0x120</size>
         <alignment>0x4</alignment>
         <input_file_ref idref="fl-5"/>
      </object_component>
      <object_component id="oc-1cb">
         <name>.text._pconv_e</name>
         <load_address>0x13a8</load_address>
         <readonly>true</readonly>
         <executable>true</executable>
         <run_address>0x13a8</run_address>
         <size>0x120</size>
         <alignment>0x4</alignment>
         <input_file_ref idref="fl-31"/>
      </object_component>
      <object_component id="oc-7f">
         <name>.text.Set_PWM</name>
         <load_address>0x14c8</load_address>
         <readonly>true</readonly>
         <executable>true</executable>
         <run_address>0x14c8</run_address>
         <size>0x10c</size>
         <alignment>0x4</alignment>
         <input_file_ref idref="fl-8"/>
      </object_component>
      <object_component id="oc-20f">
         <name>.text.__divdf3</name>
         <load_address>0x15d4</load_address>
         <readonly>true</readonly>
         <executable>true</executable>
         <run_address>0x15d4</run_address>
         <size>0x10c</size>
         <alignment>0x4</alignment>
         <input_file_ref idref="fl-fa"/>
      </object_component>
      <object_component id="oc-118">
         <name>.text.SYSCFG_DL_GPIO_init</name>
         <load_address>0x16e0</load_address>
         <readonly>true</readonly>
         <executable>true</executable>
         <run_address>0x16e0</run_address>
         <size>0xec</size>
         <alignment>0x4</alignment>
         <input_file_ref idref="fl-2"/>
      </object_component>
      <object_component id="oc-166">
         <name>.text.DL_Timer_initTimerMode</name>
         <load_address>0x17cc</load_address>
         <readonly>true</readonly>
         <executable>true</executable>
         <run_address>0x17cc</run_address>
         <size>0xe8</size>
         <alignment>0x4</alignment>
         <input_file_ref idref="fl-17"/>
      </object_component>
      <object_component id="oc-1ff">
         <name>.text.__muldf3</name>
         <load_address>0x18b4</load_address>
         <readonly>true</readonly>
         <executable>true</executable>
         <run_address>0x18b4</run_address>
         <size>0xe4</size>
         <alignment>0x4</alignment>
         <input_file_ref idref="fl-f6"/>
      </object_component>
      <object_component id="oc-153">
         <name>.text.DL_SYSCTL_configSYSPLL</name>
         <load_address>0x1998</load_address>
         <readonly>true</readonly>
         <executable>true</executable>
         <run_address>0x1998</run_address>
         <size>0xdc</size>
         <alignment>0x4</alignment>
         <input_file_ref idref="fl-19"/>
      </object_component>
      <object_component id="oc-1ee">
         <name>.text.scalbn</name>
         <load_address>0x1a74</load_address>
         <readonly>true</readonly>
         <executable>true</executable>
         <run_address>0x1a74</run_address>
         <size>0xd8</size>
         <alignment>0x4</alignment>
         <input_file_ref idref="fl-33"/>
      </object_component>
      <object_component id="oc-b4">
         <name>.text</name>
         <load_address>0x1b4c</load_address>
         <readonly>true</readonly>
         <executable>true</executable>
         <run_address>0x1b4c</run_address>
         <size>0xd8</size>
         <alignment>0x4</alignment>
         <input_file_ref idref="fl-f4"/>
      </object_component>
      <object_component id="oc-19e">
         <name>.text.DL_Timer_initPWMMode</name>
         <load_address>0x1c24</load_address>
         <readonly>true</readonly>
         <executable>true</executable>
         <run_address>0x1c24</run_address>
         <size>0xc4</size>
         <alignment>0x4</alignment>
         <input_file_ref idref="fl-17"/>
      </object_component>
      <object_component id="oc-79">
         <name>.text.Velocity_A</name>
         <load_address>0x1ce8</load_address>
         <readonly>true</readonly>
         <executable>true</executable>
         <run_address>0x1ce8</run_address>
         <size>0xc4</size>
         <alignment>0x4</alignment>
         <input_file_ref idref="fl-8"/>
      </object_component>
      <object_component id="oc-7e">
         <name>.text.Velocity_B</name>
         <load_address>0x1dac</load_address>
         <readonly>true</readonly>
         <executable>true</executable>
         <run_address>0x1dac</run_address>
         <size>0xc4</size>
         <alignment>0x4</alignment>
         <input_file_ref idref="fl-8"/>
      </object_component>
      <object_component id="oc-39">
         <name>.text.TIMG0_IRQHandler</name>
         <load_address>0x1e70</load_address>
         <readonly>true</readonly>
         <executable>true</executable>
         <run_address>0x1e70</run_address>
         <size>0xc0</size>
         <alignment>0x4</alignment>
         <input_file_ref idref="fl-1"/>
      </object_component>
      <object_component id="oc-1e5">
         <name>.text</name>
         <load_address>0x1f30</load_address>
         <readonly>true</readonly>
         <executable>true</executable>
         <run_address>0x1f30</run_address>
         <size>0xa2</size>
         <alignment>0x4</alignment>
         <input_file_ref idref="fl-107"/>
      </object_component>
      <object_component id="oc-21c">
         <name>.text.__aeabi_ldiv0</name>
         <load_address>0x1fd2</load_address>
         <readonly>true</readonly>
         <executable>true</executable>
         <run_address>0x1fd2</run_address>
         <size>0x2</size>
         <alignment>0x2</alignment>
         <input_file_ref idref="fl-10a"/>
      </object_component>
      <object_component id="oc-ab">
         <name>.text.__mulsf3</name>
         <load_address>0x1fd4</load_address>
         <readonly>true</readonly>
         <executable>true</executable>
         <run_address>0x1fd4</run_address>
         <size>0x8c</size>
         <alignment>0x4</alignment>
         <input_file_ref idref="fl-f8"/>
      </object_component>
      <object_component id="oc-15c">
         <name>.text.__NVIC_SetPriority</name>
         <load_address>0x2060</load_address>
         <readonly>true</readonly>
         <executable>true</executable>
         <run_address>0x2060</run_address>
         <size>0x84</size>
         <alignment>0x4</alignment>
         <input_file_ref idref="fl-2"/>
      </object_component>
      <object_component id="oc-af">
         <name>.text.__divsf3</name>
         <load_address>0x20e4</load_address>
         <readonly>true</readonly>
         <executable>true</executable>
         <run_address>0x20e4</run_address>
         <size>0x82</size>
         <alignment>0x4</alignment>
         <input_file_ref idref="fl-f9"/>
      </object_component>
      <object_component id="oc-184">
         <name>.text._nop</name>
         <load_address>0x2166</load_address>
         <readonly>true</readonly>
         <executable>true</executable>
         <run_address>0x2166</run_address>
         <size>0x2</size>
         <alignment>0x2</alignment>
         <input_file_ref idref="fl-36"/>
      </object_component>
      <object_component id="oc-15f">
         <name>.text.DL_TimerA_initPWMMode</name>
         <load_address>0x2168</load_address>
         <readonly>true</readonly>
         <executable>true</executable>
         <run_address>0x2168</run_address>
         <size>0x80</size>
         <alignment>0x4</alignment>
         <input_file_ref idref="fl-17"/>
      </object_component>
      <object_component id="oc-11a">
         <name>.text.SYSCFG_DL_PWM_0_init</name>
         <load_address>0x21e8</load_address>
         <readonly>true</readonly>
         <executable>true</executable>
         <run_address>0x21e8</run_address>
         <size>0x80</size>
         <alignment>0x4</alignment>
         <input_file_ref idref="fl-2"/>
      </object_component>
      <object_component id="oc-1c">
         <name>.text:decompress:lzss</name>
         <load_address>0x2268</load_address>
         <readonly>true</readonly>
         <executable>true</executable>
         <run_address>0x2268</run_address>
         <size>0x7c</size>
         <alignment>0x4</alignment>
         <input_file_ref idref="fl-44"/>
      </object_component>
      <object_component id="oc-20d">
         <name>.text.__gedf2</name>
         <load_address>0x22e4</load_address>
         <readonly>true</readonly>
         <executable>true</executable>
         <run_address>0x22e4</run_address>
         <size>0x74</size>
         <alignment>0x4</alignment>
         <input_file_ref idref="fl-109"/>
      </object_component>
      <object_component id="oc-94">
         <name>.text.main</name>
         <load_address>0x2358</load_address>
         <readonly>true</readonly>
         <executable>true</executable>
         <run_address>0x2358</run_address>
         <size>0x74</size>
         <alignment>0x4</alignment>
         <input_file_ref idref="fl-1"/>
      </object_component>
      <object_component id="oc-117">
         <name>.text.SYSCFG_DL_initPower</name>
         <load_address>0x23cc</load_address>
         <readonly>true</readonly>
         <executable>true</executable>
         <run_address>0x23cc</run_address>
         <size>0x68</size>
         <alignment>0x4</alignment>
         <input_file_ref idref="fl-2"/>
      </object_component>
      <object_component id="oc-207">
         <name>.text.__ledf2</name>
         <load_address>0x2434</load_address>
         <readonly>true</readonly>
         <executable>true</executable>
         <run_address>0x2434</run_address>
         <size>0x68</size>
         <alignment>0x4</alignment>
         <input_file_ref idref="fl-109"/>
      </object_component>
      <object_component id="oc-206">
         <name>.text._mcpy</name>
         <load_address>0x249c</load_address>
         <readonly>true</readonly>
         <executable>true</executable>
         <run_address>0x249c</run_address>
         <size>0x66</size>
         <alignment>0x2</alignment>
         <input_file_ref idref="fl-31"/>
      </object_component>
      <object_component id="oc-1c5">
         <name>.text.__aeabi_dcmp</name>
         <load_address>0x2504</load_address>
         <readonly>true</readonly>
         <executable>true</executable>
         <run_address>0x2504</run_address>
         <size>0x62</size>
         <alignment>0x4</alignment>
         <input_file_ref idref="fl-101"/>
      </object_component>
      <object_component id="oc-11c">
         <name>.text.SYSCFG_DL_UART_0_init</name>
         <load_address>0x2568</load_address>
         <readonly>true</readonly>
         <executable>true</executable>
         <run_address>0x2568</run_address>
         <size>0x5c</size>
         <alignment>0x4</alignment>
         <input_file_ref idref="fl-2"/>
      </object_component>
      <object_component id="oc-1ea">
         <name>.text.frexp</name>
         <load_address>0x25c4</load_address>
         <readonly>true</readonly>
         <executable>true</executable>
         <run_address>0x25c4</run_address>
         <size>0x5c</size>
         <alignment>0x4</alignment>
         <input_file_ref idref="fl-32"/>
      </object_component>
      <object_component id="oc-de">
         <name>.text.printf</name>
         <load_address>0x2620</load_address>
         <readonly>true</readonly>
         <executable>true</executable>
         <run_address>0x2620</run_address>
         <size>0x5c</size>
         <alignment>0x4</alignment>
         <input_file_ref idref="fl-30"/>
      </object_component>
      <object_component id="oc-1f6">
         <name>.text.__TI_ltoa</name>
         <load_address>0x267c</load_address>
         <readonly>true</readonly>
         <executable>true</executable>
         <run_address>0x267c</run_address>
         <size>0x58</size>
         <alignment>0x2</alignment>
         <input_file_ref idref="fl-37"/>
      </object_component>
      <object_component id="oc-1ca">
         <name>.text._pconv_f</name>
         <load_address>0x26d4</load_address>
         <readonly>true</readonly>
         <executable>true</executable>
         <run_address>0x26d4</run_address>
         <size>0x58</size>
         <alignment>0x2</alignment>
         <input_file_ref idref="fl-31"/>
      </object_component>
      <object_component id="oc-229">
         <name>.text.__aeabi_idivmod</name>
         <load_address>0x272c</load_address>
         <readonly>true</readonly>
         <executable>true</executable>
         <run_address>0x272c</run_address>
         <size>0x56</size>
         <alignment>0x4</alignment>
         <input_file_ref idref="fl-102"/>
      </object_component>
      <object_component id="oc-204">
         <name>.text._ecpy</name>
         <load_address>0x2782</load_address>
         <readonly>true</readonly>
         <executable>true</executable>
         <run_address>0x2782</run_address>
         <size>0x52</size>
         <alignment>0x2</alignment>
         <input_file_ref idref="fl-31"/>
      </object_component>
      <object_component id="oc-74">
         <name>.text.Calculate_Motor_RPM</name>
         <load_address>0x27d4</load_address>
         <readonly>true</readonly>
         <executable>true</executable>
         <run_address>0x27d4</run_address>
         <size>0x50</size>
         <alignment>0x4</alignment>
         <input_file_ref idref="fl-5"/>
      </object_component>
      <object_component id="oc-18d">
         <name>.text.fputs</name>
         <load_address>0x2824</load_address>
         <readonly>true</readonly>
         <executable>true</executable>
         <run_address>0x2824</run_address>
         <size>0x50</size>
         <alignment>0x4</alignment>
         <input_file_ref idref="fl-4"/>
      </object_component>
      <object_component id="oc-172">
         <name>.text.DL_UART_setBaudRateDivisor</name>
         <load_address>0x2874</load_address>
         <readonly>true</readonly>
         <executable>true</executable>
         <run_address>0x2874</run_address>
         <size>0x4c</size>
         <alignment>0x4</alignment>
         <input_file_ref idref="fl-2"/>
      </object_component>
      <object_component id="oc-119">
         <name>.text.SYSCFG_DL_SYSCTL_init</name>
         <load_address>0x28c0</load_address>
         <readonly>true</readonly>
         <executable>true</executable>
         <run_address>0x28c0</run_address>
         <size>0x4c</size>
         <alignment>0x4</alignment>
         <input_file_ref idref="fl-2"/>
      </object_component>
      <object_component id="oc-1f2">
         <name>.text.__fixdfsi</name>
         <load_address>0x290c</load_address>
         <readonly>true</readonly>
         <executable>true</executable>
         <run_address>0x290c</run_address>
         <size>0x4a</size>
         <alignment>0x4</alignment>
         <input_file_ref idref="fl-fc"/>
      </object_component>
      <object_component id="oc-170">
         <name>.text.DL_UART_init</name>
         <load_address>0x2958</load_address>
         <readonly>true</readonly>
         <executable>true</executable>
         <run_address>0x2958</run_address>
         <size>0x48</size>
         <alignment>0x4</alignment>
         <input_file_ref idref="fl-18"/>
      </object_component>
      <object_component id="oc-15b">
         <name>.text.DL_SYSCTL_switchMCLKfromSYSOSCtoHSCLK</name>
         <load_address>0x29a0</load_address>
         <readonly>true</readonly>
         <executable>true</executable>
         <run_address>0x29a0</run_address>
         <size>0x44</size>
         <alignment>0x4</alignment>
         <input_file_ref idref="fl-19"/>
      </object_component>
      <object_component id="oc-6a">
         <name>.text.LED_Flash</name>
         <load_address>0x29e4</load_address>
         <readonly>true</readonly>
         <executable>true</executable>
         <run_address>0x29e4</run_address>
         <size>0x44</size>
         <alignment>0x4</alignment>
         <input_file_ref idref="fl-7"/>
      </object_component>
      <object_component id="oc-1a8">
         <name>.text.__aeabi_uidivmod</name>
         <load_address>0x2a28</load_address>
         <readonly>true</readonly>
         <executable>true</executable>
         <run_address>0x2a28</run_address>
         <size>0x40</size>
         <alignment>0x4</alignment>
         <input_file_ref idref="fl-105"/>
      </object_component>
      <object_component id="oc-da">
         <name>.text.__extendsfdf2</name>
         <load_address>0x2a68</load_address>
         <readonly>true</readonly>
         <executable>true</executable>
         <run_address>0x2a68</run_address>
         <size>0x40</size>
         <alignment>0x4</alignment>
         <input_file_ref idref="fl-fb"/>
      </object_component>
      <object_component id="oc-1ae">
         <name>.text.atoi</name>
         <load_address>0x2aa8</load_address>
         <readonly>true</readonly>
         <executable>true</executable>
         <run_address>0x2aa8</run_address>
         <size>0x40</size>
         <alignment>0x4</alignment>
         <input_file_ref idref="fl-39"/>
      </object_component>
      <object_component id="oc-a7">
         <name>.text.__floatsisf</name>
         <load_address>0x2ae8</load_address>
         <readonly>true</readonly>
         <executable>true</executable>
         <run_address>0x2ae8</run_address>
         <size>0x3c</size>
         <alignment>0x4</alignment>
         <input_file_ref idref="fl-ff"/>
      </object_component>
      <object_component id="oc-ec">
         <name>.text:__TI_auto_init_nobinit_nopinit</name>
         <load_address>0x2b24</load_address>
         <readonly>true</readonly>
         <executable>true</executable>
         <run_address>0x2b24</run_address>
         <size>0x3c</size>
         <alignment>0x4</alignment>
         <input_file_ref idref="fl-3f"/>
      </object_component>
      <object_component id="oc-107">
         <name>.text.__muldsi3</name>
         <load_address>0x2b60</load_address>
         <readonly>true</readonly>
         <executable>true</executable>
         <run_address>0x2b60</run_address>
         <size>0x3a</size>
         <alignment>0x4</alignment>
         <input_file_ref idref="fl-f7"/>
      </object_component>
      <object_component id="oc-75">
         <name>.text.__fixsfsi</name>
         <load_address>0x2b9c</load_address>
         <readonly>true</readonly>
         <executable>true</executable>
         <run_address>0x2b9c</run_address>
         <size>0x38</size>
         <alignment>0x4</alignment>
         <input_file_ref idref="fl-fd"/>
      </object_component>
      <object_component id="oc-11b">
         <name>.text.SYSCFG_DL_TIMER_0_init</name>
         <load_address>0x2bd4</load_address>
         <readonly>true</readonly>
         <executable>true</executable>
         <run_address>0x2bd4</run_address>
         <size>0x34</size>
         <alignment>0x4</alignment>
         <input_file_ref idref="fl-2"/>
      </object_component>
      <object_component id="oc-205">
         <name>.text._fcpy</name>
         <load_address>0x2c08</load_address>
         <readonly>true</readonly>
         <executable>true</executable>
         <run_address>0x2c08</run_address>
         <size>0x30</size>
         <alignment>0x2</alignment>
         <input_file_ref idref="fl-31"/>
      </object_component>
      <object_component id="oc-6f">
         <name>.text.Key</name>
         <load_address>0x2c38</load_address>
         <readonly>true</readonly>
         <executable>true</executable>
         <run_address>0x2c38</run_address>
         <size>0x2c</size>
         <alignment>0x4</alignment>
         <input_file_ref idref="fl-6"/>
      </object_component>
      <object_component id="oc-d2">
         <name>.text.SYSCFG_DL_init</name>
         <load_address>0x2c64</load_address>
         <readonly>true</readonly>
         <executable>true</executable>
         <run_address>0x2c64</run_address>
         <size>0x2c</size>
         <alignment>0x4</alignment>
         <input_file_ref idref="fl-2"/>
      </object_component>
      <object_component id="oc-d8">
         <name>.text.__NVIC_ClearPendingIRQ</name>
         <load_address>0x2c90</load_address>
         <readonly>true</readonly>
         <executable>true</executable>
         <run_address>0x2c90</run_address>
         <size>0x2c</size>
         <alignment>0x4</alignment>
         <input_file_ref idref="fl-1"/>
      </object_component>
      <object_component id="oc-d9">
         <name>.text.__NVIC_EnableIRQ</name>
         <load_address>0x2cbc</load_address>
         <readonly>true</readonly>
         <executable>true</executable>
         <run_address>0x2cbc</run_address>
         <size>0x2c</size>
         <alignment>0x4</alignment>
         <input_file_ref idref="fl-1"/>
      </object_component>
      <object_component id="oc-1fa">
         <name>.text.__floatsidf</name>
         <load_address>0x2ce8</load_address>
         <readonly>true</readonly>
         <executable>true</executable>
         <run_address>0x2ce8</run_address>
         <size>0x2c</size>
         <alignment>0x4</alignment>
         <input_file_ref idref="fl-fe"/>
      </object_component>
      <object_component id="oc-192">
         <name>.text.fputc</name>
         <load_address>0x2d14</load_address>
         <readonly>true</readonly>
         <executable>true</executable>
         <run_address>0x2d14</run_address>
         <size>0x2c</size>
         <alignment>0x4</alignment>
         <input_file_ref idref="fl-4"/>
      </object_component>
      <object_component id="oc-19b">
         <name>.text.DL_Common_updateReg</name>
         <load_address>0x2d40</load_address>
         <readonly>true</readonly>
         <executable>true</executable>
         <run_address>0x2d40</run_address>
         <size>0x28</size>
         <alignment>0x2</alignment>
         <input_file_ref idref="fl-2"/>
      </object_component>
      <object_component id="oc-17a">
         <name>.text.DL_SYSTICK_init</name>
         <load_address>0x2d68</load_address>
         <readonly>true</readonly>
         <executable>true</executable>
         <run_address>0x2d68</run_address>
         <size>0x28</size>
         <alignment>0x4</alignment>
         <input_file_ref idref="fl-2"/>
      </object_component>
      <object_component id="oc-174">
         <name>.text.DL_UART_setRXFIFOThreshold</name>
         <load_address>0x2d90</load_address>
         <readonly>true</readonly>
         <executable>true</executable>
         <run_address>0x2d90</run_address>
         <size>0x28</size>
         <alignment>0x4</alignment>
         <input_file_ref idref="fl-2"/>
      </object_component>
      <object_component id="oc-175">
         <name>.text.DL_UART_setTXFIFOThreshold</name>
         <load_address>0x2db8</load_address>
         <readonly>true</readonly>
         <executable>true</executable>
         <run_address>0x2db8</run_address>
         <size>0x28</size>
         <alignment>0x4</alignment>
         <input_file_ref idref="fl-2"/>
      </object_component>
      <object_component id="oc-59">
         <name>.text:_c_int00_noargs</name>
         <load_address>0x2de0</load_address>
         <readonly>true</readonly>
         <executable>true</executable>
         <run_address>0x2de0</run_address>
         <size>0x28</size>
         <alignment>0x4</alignment>
         <input_file_ref idref="fl-3d"/>
      </object_component>
      <object_component id="oc-1bb">
         <name>.text.__muldi3</name>
         <load_address>0x2e08</load_address>
         <readonly>true</readonly>
         <executable>true</executable>
         <run_address>0x2e08</run_address>
         <size>0x24</size>
         <alignment>0x4</alignment>
         <input_file_ref idref="fl-100"/>
      </object_component>
      <object_component id="oc-1a3">
         <name>.text.memccpy</name>
         <load_address>0x2e2c</load_address>
         <readonly>true</readonly>
         <executable>true</executable>
         <run_address>0x2e2c</run_address>
         <size>0x22</size>
         <alignment>0x2</alignment>
         <input_file_ref idref="fl-3b"/>
      </object_component>
      <object_component id="oc-147">
         <name>.text.DL_GPIO_initPeripheralInputFunction</name>
         <load_address>0x2e50</load_address>
         <readonly>true</readonly>
         <executable>true</executable>
         <run_address>0x2e50</run_address>
         <size>0x20</size>
         <alignment>0x4</alignment>
         <input_file_ref idref="fl-2"/>
      </object_component>
      <object_component id="oc-14f">
         <name>.text.DL_SYSCTL_setFlashWaitState</name>
         <load_address>0x2e70</load_address>
         <readonly>true</readonly>
         <executable>true</executable>
         <run_address>0x2e70</run_address>
         <size>0x20</size>
         <alignment>0x4</alignment>
         <input_file_ref idref="fl-2"/>
      </object_component>
      <object_component id="oc-171">
         <name>.text.DL_UART_setOversampling</name>
         <load_address>0x2e90</load_address>
         <readonly>true</readonly>
         <executable>true</executable>
         <run_address>0x2e90</run_address>
         <size>0x1e</size>
         <alignment>0x2</alignment>
         <input_file_ref idref="fl-2"/>
      </object_component>
      <object_component id="oc-21d">
         <name>.text.__ashldi3</name>
         <load_address>0x2eb0</load_address>
         <readonly>true</readonly>
         <executable>true</executable>
         <run_address>0x2eb0</run_address>
         <size>0x1e</size>
         <alignment>0x4</alignment>
         <input_file_ref idref="fl-108"/>
      </object_component>
      <object_component id="oc-62">
         <name>.text.DL_GPIO_clearInterruptStatus</name>
         <load_address>0x2ed0</load_address>
         <readonly>true</readonly>
         <executable>true</executable>
         <run_address>0x2ed0</run_address>
         <size>0x1c</size>
         <alignment>0x4</alignment>
         <input_file_ref idref="fl-5"/>
      </object_component>
      <object_component id="oc-14c">
         <name>.text.DL_GPIO_clearInterruptStatus</name>
         <load_address>0x2eec</load_address>
         <readonly>true</readonly>
         <executable>true</executable>
         <run_address>0x2eec</run_address>
         <size>0x1c</size>
         <alignment>0x4</alignment>
         <input_file_ref idref="fl-2"/>
      </object_component>
      <object_component id="oc-14d">
         <name>.text.DL_GPIO_enableInterrupt</name>
         <load_address>0x2f08</load_address>
         <readonly>true</readonly>
         <executable>true</executable>
         <run_address>0x2f08</run_address>
         <size>0x1c</size>
         <alignment>0x4</alignment>
         <input_file_ref idref="fl-2"/>
      </object_component>
      <object_component id="oc-148">
         <name>.text.DL_GPIO_initDigitalInput</name>
         <load_address>0x2f24</load_address>
         <readonly>true</readonly>
         <executable>true</executable>
         <run_address>0x2f24</run_address>
         <size>0x1c</size>
         <alignment>0x4</alignment>
         <input_file_ref idref="fl-2"/>
      </object_component>
      <object_component id="oc-145">
         <name>.text.DL_GPIO_initPeripheralOutputFunction</name>
         <load_address>0x2f40</load_address>
         <readonly>true</readonly>
         <executable>true</executable>
         <run_address>0x2f40</run_address>
         <size>0x1c</size>
         <alignment>0x4</alignment>
         <input_file_ref idref="fl-2"/>
      </object_component>
      <object_component id="oc-150">
         <name>.text.DL_SYSCTL_setSYSOSCFreq</name>
         <load_address>0x2f5c</load_address>
         <readonly>true</readonly>
         <executable>true</executable>
         <run_address>0x2f5c</run_address>
         <size>0x1c</size>
         <alignment>0x4</alignment>
         <input_file_ref idref="fl-2"/>
      </object_component>
      <object_component id="oc-159">
         <name>.text.DL_SYSCTL_setULPCLKDivider</name>
         <load_address>0x2f78</load_address>
         <readonly>true</readonly>
         <executable>true</executable>
         <run_address>0x2f78</run_address>
         <size>0x1c</size>
         <alignment>0x4</alignment>
         <input_file_ref idref="fl-2"/>
      </object_component>
      <object_component id="oc-167">
         <name>.text.DL_Timer_enableInterrupt</name>
         <load_address>0x2f94</load_address>
         <readonly>true</readonly>
         <executable>true</executable>
         <run_address>0x2f94</run_address>
         <size>0x1c</size>
         <alignment>0x4</alignment>
         <input_file_ref idref="fl-2"/>
      </object_component>
      <object_component id="oc-161">
         <name>.text.DL_Timer_setCaptCompUpdateMethod</name>
         <load_address>0x2fb0</load_address>
         <readonly>true</readonly>
         <executable>true</executable>
         <run_address>0x2fb0</run_address>
         <size>0x1c</size>
         <alignment>0x4</alignment>
         <input_file_ref idref="fl-17"/>
      </object_component>
      <object_component id="oc-15e">
         <name>.text.DL_Timer_setClockConfig</name>
         <load_address>0x2fcc</load_address>
         <readonly>true</readonly>
         <executable>true</executable>
         <run_address>0x2fcc</run_address>
         <size>0x1c</size>
         <alignment>0x4</alignment>
         <input_file_ref idref="fl-17"/>
      </object_component>
      <object_component id="oc-146">
         <name>.text.DL_GPIO_enableOutput</name>
         <load_address>0x2fe8</load_address>
         <readonly>true</readonly>
         <executable>true</executable>
         <run_address>0x2fe8</run_address>
         <size>0x18</size>
         <alignment>0x4</alignment>
         <input_file_ref idref="fl-2"/>
      </object_component>
      <object_component id="oc-13e">
         <name>.text.DL_GPIO_enablePower</name>
         <load_address>0x3000</load_address>
         <readonly>true</readonly>
         <executable>true</executable>
         <run_address>0x3000</run_address>
         <size>0x18</size>
         <alignment>0x4</alignment>
         <input_file_ref idref="fl-2"/>
      </object_component>
      <object_component id="oc-60">
         <name>.text.DL_GPIO_getEnabledInterruptStatus</name>
         <load_address>0x3018</load_address>
         <readonly>true</readonly>
         <executable>true</executable>
         <run_address>0x3018</run_address>
         <size>0x18</size>
         <alignment>0x4</alignment>
         <input_file_ref idref="fl-5"/>
      </object_component>
      <object_component id="oc-149">
         <name>.text.DL_GPIO_initDigitalOutput</name>
         <load_address>0x3030</load_address>
         <readonly>true</readonly>
         <executable>true</executable>
         <run_address>0x3030</run_address>
         <size>0x18</size>
         <alignment>0x4</alignment>
         <input_file_ref idref="fl-2"/>
      </object_component>
      <object_component id="oc-13b">
         <name>.text.DL_GPIO_reset</name>
         <load_address>0x3048</load_address>
         <readonly>true</readonly>
         <executable>true</executable>
         <run_address>0x3048</run_address>
         <size>0x18</size>
         <alignment>0x4</alignment>
         <input_file_ref idref="fl-2"/>
      </object_component>
      <object_component id="oc-c0">
         <name>.text.DL_GPIO_setPins</name>
         <load_address>0x3060</load_address>
         <readonly>true</readonly>
         <executable>true</executable>
         <run_address>0x3060</run_address>
         <size>0x18</size>
         <alignment>0x4</alignment>
         <input_file_ref idref="fl-8"/>
      </object_component>
      <object_component id="oc-14b">
         <name>.text.DL_GPIO_setUpperPinsPolarity</name>
         <load_address>0x3078</load_address>
         <readonly>true</readonly>
         <executable>true</executable>
         <run_address>0x3078</run_address>
         <size>0x18</size>
         <alignment>0x2</alignment>
         <input_file_ref idref="fl-2"/>
      </object_component>
      <object_component id="oc-ff">
         <name>.text.DL_GPIO_togglePins</name>
         <load_address>0x3090</load_address>
         <readonly>true</readonly>
         <executable>true</executable>
         <run_address>0x3090</run_address>
         <size>0x18</size>
         <alignment>0x4</alignment>
         <input_file_ref idref="fl-7"/>
      </object_component>
      <object_component id="oc-14e">
         <name>.text.DL_SYSCTL_setBORThreshold</name>
         <load_address>0x30a8</load_address>
         <readonly>true</readonly>
         <executable>true</executable>
         <run_address>0x30a8</run_address>
         <size>0x18</size>
         <alignment>0x4</alignment>
         <input_file_ref idref="fl-2"/>
      </object_component>
      <object_component id="oc-13f">
         <name>.text.DL_Timer_enablePower</name>
         <load_address>0x30c0</load_address>
         <readonly>true</readonly>
         <executable>true</executable>
         <run_address>0x30c0</run_address>
         <size>0x18</size>
         <alignment>0x4</alignment>
         <input_file_ref idref="fl-2"/>
      </object_component>
      <object_component id="oc-13c">
         <name>.text.DL_Timer_reset</name>
         <load_address>0x30d8</load_address>
         <readonly>true</readonly>
         <executable>true</executable>
         <run_address>0x30d8</run_address>
         <size>0x18</size>
         <alignment>0x4</alignment>
         <input_file_ref idref="fl-2"/>
      </object_component>
      <object_component id="oc-160">
         <name>.text.DL_Timer_setCaptureCompareOutCtl</name>
         <load_address>0x30f0</load_address>
         <readonly>true</readonly>
         <executable>true</executable>
         <run_address>0x30f0</run_address>
         <size>0x18</size>
         <alignment>0x4</alignment>
         <input_file_ref idref="fl-17"/>
      </object_component>
      <object_component id="oc-d7">
         <name>.text.DL_Timer_startCounter</name>
         <load_address>0x3108</load_address>
         <readonly>true</readonly>
         <executable>true</executable>
         <run_address>0x3108</run_address>
         <size>0x18</size>
         <alignment>0x4</alignment>
         <input_file_ref idref="fl-1"/>
      </object_component>
      <object_component id="oc-173">
         <name>.text.DL_UART_enableFIFOs</name>
         <load_address>0x3120</load_address>
         <readonly>true</readonly>
         <executable>true</executable>
         <run_address>0x3120</run_address>
         <size>0x18</size>
         <alignment>0x2</alignment>
         <input_file_ref idref="fl-2"/>
      </object_component>
      <object_component id="oc-140">
         <name>.text.DL_UART_enablePower</name>
         <load_address>0x3138</load_address>
         <readonly>true</readonly>
         <executable>true</executable>
         <run_address>0x3138</run_address>
         <size>0x18</size>
         <alignment>0x4</alignment>
         <input_file_ref idref="fl-2"/>
      </object_component>
      <object_component id="oc-1cc">
         <name>.text.DL_UART_isBusy</name>
         <load_address>0x3150</load_address>
         <readonly>true</readonly>
         <executable>true</executable>
         <run_address>0x3150</run_address>
         <size>0x18</size>
         <alignment>0x4</alignment>
         <input_file_ref idref="fl-4"/>
      </object_component>
      <object_component id="oc-13d">
         <name>.text.DL_UART_reset</name>
         <load_address>0x3168</load_address>
         <readonly>true</readonly>
         <executable>true</executable>
         <run_address>0x3168</run_address>
         <size>0x18</size>
         <alignment>0x4</alignment>
         <input_file_ref idref="fl-2"/>
      </object_component>
      <object_component id="oc-61">
         <name>.text.DL_GPIO_readPins</name>
         <load_address>0x3180</load_address>
         <readonly>true</readonly>
         <executable>true</executable>
         <run_address>0x3180</run_address>
         <size>0x16</size>
         <alignment>0x2</alignment>
         <input_file_ref idref="fl-5"/>
      </object_component>
      <object_component id="oc-100">
         <name>.text.DL_GPIO_readPins</name>
         <load_address>0x3196</load_address>
         <readonly>true</readonly>
         <executable>true</executable>
         <run_address>0x3196</run_address>
         <size>0x16</size>
         <alignment>0x2</alignment>
         <input_file_ref idref="fl-6"/>
      </object_component>
      <object_component id="oc-177">
         <name>.text.DL_UART_enable</name>
         <load_address>0x31ac</load_address>
         <readonly>true</readonly>
         <executable>true</executable>
         <run_address>0x31ac</run_address>
         <size>0x16</size>
         <alignment>0x2</alignment>
         <input_file_ref idref="fl-2"/>
      </object_component>
      <object_component id="oc-176">
         <name>.text.DL_UART_enableLoopbackMode</name>
         <load_address>0x31c2</load_address>
         <readonly>true</readonly>
         <executable>true</executable>
         <run_address>0x31c2</run_address>
         <size>0x16</size>
         <alignment>0x2</alignment>
         <input_file_ref idref="fl-2"/>
      </object_component>
      <object_component id="oc-1cd">
         <name>.text.DL_UART_transmitData</name>
         <load_address>0x31d8</load_address>
         <readonly>true</readonly>
         <executable>true</executable>
         <run_address>0x31d8</run_address>
         <size>0x16</size>
         <alignment>0x2</alignment>
         <input_file_ref idref="fl-4"/>
      </object_component>
      <object_component id="oc-50">
         <name>.text:decompress:ZI:__TI_zero_init_nomemset</name>
         <load_address>0x31ee</load_address>
         <readonly>true</readonly>
         <executable>true</executable>
         <run_address>0x31ee</run_address>
         <size>0x16</size>
         <alignment>0x2</alignment>
         <input_file_ref idref="fl-42"/>
      </object_component>
      <object_component id="oc-fe">
         <name>.text.DL_GPIO_clearPins</name>
         <load_address>0x3204</load_address>
         <readonly>true</readonly>
         <executable>true</executable>
         <run_address>0x3204</run_address>
         <size>0x14</size>
         <alignment>0x2</alignment>
         <input_file_ref idref="fl-7"/>
      </object_component>
      <object_component id="oc-c1">
         <name>.text.DL_GPIO_clearPins</name>
         <load_address>0x3218</load_address>
         <readonly>true</readonly>
         <executable>true</executable>
         <run_address>0x3218</run_address>
         <size>0x14</size>
         <alignment>0x2</alignment>
         <input_file_ref idref="fl-8"/>
      </object_component>
      <object_component id="oc-14a">
         <name>.text.DL_GPIO_clearPins</name>
         <load_address>0x322c</load_address>
         <readonly>true</readonly>
         <executable>true</executable>
         <run_address>0x322c</run_address>
         <size>0x14</size>
         <alignment>0x2</alignment>
         <input_file_ref idref="fl-2"/>
      </object_component>
      <object_component id="oc-152">
         <name>.text.DL_SYSCTL_disableSYSPLL</name>
         <load_address>0x3240</load_address>
         <readonly>true</readonly>
         <executable>true</executable>
         <run_address>0x3240</run_address>
         <size>0x14</size>
         <alignment>0x4</alignment>
         <input_file_ref idref="fl-2"/>
      </object_component>
      <object_component id="oc-15a">
         <name>.text.DL_SYSCTL_enableMFCLK</name>
         <load_address>0x3254</load_address>
         <readonly>true</readonly>
         <executable>true</executable>
         <run_address>0x3254</run_address>
         <size>0x14</size>
         <alignment>0x4</alignment>
         <input_file_ref idref="fl-2"/>
      </object_component>
      <object_component id="oc-162">
         <name>.text.DL_Timer_enableClock</name>
         <load_address>0x3268</load_address>
         <readonly>true</readonly>
         <executable>true</executable>
         <run_address>0x3268</run_address>
         <size>0x14</size>
         <alignment>0x4</alignment>
         <input_file_ref idref="fl-2"/>
      </object_component>
      <object_component id="oc-163">
         <name>.text.DL_Timer_setCCPDirection</name>
         <load_address>0x327c</load_address>
         <readonly>true</readonly>
         <executable>true</executable>
         <run_address>0x327c</run_address>
         <size>0x14</size>
         <alignment>0x2</alignment>
         <input_file_ref idref="fl-2"/>
      </object_component>
      <object_component id="oc-9f">
         <name>.text.LED_ON</name>
         <load_address>0x3290</load_address>
         <readonly>true</readonly>
         <executable>true</executable>
         <run_address>0x3290</run_address>
         <size>0x14</size>
         <alignment>0x4</alignment>
         <input_file_ref idref="fl-7"/>
      </object_component>
      <object_component id="oc-a0">
         <name>.text.LED_Toggle</name>
         <load_address>0x32a4</load_address>
         <readonly>true</readonly>
         <executable>true</executable>
         <run_address>0x32a4</run_address>
         <size>0x14</size>
         <alignment>0x4</alignment>
         <input_file_ref idref="fl-7"/>
      </object_component>
      <object_component id="oc-1c0">
         <name>.text.__aeabi_uldivmod</name>
         <load_address>0x32b8</load_address>
         <readonly>true</readonly>
         <executable>true</executable>
         <run_address>0x32b8</run_address>
         <size>0x14</size>
         <alignment>0x4</alignment>
         <input_file_ref idref="fl-106"/>
      </object_component>
      <object_component id="oc-203">
         <name>.text.strchr</name>
         <load_address>0x32cc</load_address>
         <readonly>true</readonly>
         <executable>true</executable>
         <run_address>0x32cc</run_address>
         <size>0x14</size>
         <alignment>0x2</alignment>
         <input_file_ref idref="fl-31"/>
      </object_component>
      <object_component id="oc-69">
         <name>.text.DL_Timer_getPendingInterrupt</name>
         <load_address>0x32e0</load_address>
         <readonly>true</readonly>
         <executable>true</executable>
         <run_address>0x32e0</run_address>
         <size>0x12</size>
         <alignment>0x2</alignment>
         <input_file_ref idref="fl-1"/>
      </object_component>
      <object_component id="oc-16a">
         <name>.text.DL_UART_setClockConfig</name>
         <load_address>0x32f2</load_address>
         <readonly>true</readonly>
         <executable>true</executable>
         <run_address>0x32f2</run_address>
         <size>0x12</size>
         <alignment>0x2</alignment>
         <input_file_ref idref="fl-18"/>
      </object_component>
      <object_component id="oc-c8">
         <name>.text:TI_memcpy_small</name>
         <load_address>0x3304</load_address>
         <readonly>true</readonly>
         <executable>true</executable>
         <run_address>0x3304</run_address>
         <size>0x12</size>
         <alignment>0x1</alignment>
         <input_file_ref idref="fl-10b"/>
      </object_component>
      <object_component id="oc-20">
         <name>.text:decompress:none</name>
         <load_address>0x3316</load_address>
         <readonly>true</readonly>
         <executable>true</executable>
         <run_address>0x3316</run_address>
         <size>0x12</size>
         <alignment>0x2</alignment>
         <input_file_ref idref="fl-43"/>
      </object_component>
      <object_component id="oc-151">
         <name>.text.DL_SYSCTL_disableHFXT</name>
         <load_address>0x3328</load_address>
         <readonly>true</readonly>
         <executable>true</executable>
         <run_address>0x3328</run_address>
         <size>0x10</size>
         <alignment>0x4</alignment>
         <input_file_ref idref="fl-2"/>
      </object_component>
      <object_component id="oc-17b">
         <name>.text.DL_SYSTICK_enable</name>
         <load_address>0x3338</load_address>
         <readonly>true</readonly>
         <executable>true</executable>
         <run_address>0x3338</run_address>
         <size>0x10</size>
         <alignment>0x4</alignment>
         <input_file_ref idref="fl-2"/>
      </object_component>
      <object_component id="oc-c2">
         <name>.text.DL_Timer_setCaptureCompareValue</name>
         <load_address>0x3348</load_address>
         <readonly>true</readonly>
         <executable>true</executable>
         <run_address>0x3348</run_address>
         <size>0x10</size>
         <alignment>0x4</alignment>
         <input_file_ref idref="fl-17"/>
      </object_component>
      <object_component id="oc-11d">
         <name>.text.SYSCFG_DL_SYSTICK_init</name>
         <load_address>0x3358</load_address>
         <readonly>true</readonly>
         <executable>true</executable>
         <run_address>0x3358</run_address>
         <size>0x10</size>
         <alignment>0x2</alignment>
         <input_file_ref idref="fl-2"/>
      </object_component>
      <object_component id="oc-1b2">
         <name>.text.wcslen</name>
         <load_address>0x3368</load_address>
         <readonly>true</readonly>
         <executable>true</executable>
         <run_address>0x3368</run_address>
         <size>0x10</size>
         <alignment>0x2</alignment>
         <input_file_ref idref="fl-34"/>
      </object_component>
      <object_component id="oc-1a2">
         <name>.text.__aeabi_memset</name>
         <load_address>0x3378</load_address>
         <readonly>true</readonly>
         <executable>true</executable>
         <run_address>0x3378</run_address>
         <size>0xe</size>
         <alignment>0x4</alignment>
         <input_file_ref idref="fl-104"/>
      </object_component>
      <object_component id="oc-1a1">
         <name>.text.strlen</name>
         <load_address>0x3386</load_address>
         <readonly>true</readonly>
         <executable>true</executable>
         <run_address>0x3386</run_address>
         <size>0xe</size>
         <alignment>0x2</alignment>
         <input_file_ref idref="fl-31"/>
      </object_component>
      <object_component id="oc-111">
         <name>.text:TI_memset_small</name>
         <load_address>0x3394</load_address>
         <readonly>true</readonly>
         <executable>true</executable>
         <run_address>0x3394</run_address>
         <size>0xe</size>
         <alignment>0x1</alignment>
         <input_file_ref idref="fl-10c"/>
      </object_component>
      <object_component id="oc-141">
         <name>.text.DL_Common_delayCycles</name>
         <load_address>0x33a2</load_address>
         <readonly>true</readonly>
         <executable>true</executable>
         <run_address>0x33a2</run_address>
         <size>0xa</size>
         <alignment>0x2</alignment>
         <input_file_ref idref="fl-16"/>
      </object_component>
      <object_component id="oc-1fe">
         <name>.text.OUTLINED_FUNCTION_0</name>
         <load_address>0x33ac</load_address>
         <readonly>true</readonly>
         <executable>true</executable>
         <run_address>0x33ac</run_address>
         <size>0xa</size>
         <alignment>0x2</alignment>
         <input_file_ref idref="fl-31"/>
      </object_component>
      <object_component id="oc-27f">
         <name>.tramp.__aeabi_dsub.1</name>
         <load_address>0x33b8</load_address>
         <readonly>true</readonly>
         <executable>true</executable>
         <run_address>0x33b8</run_address>
         <size>0x10</size>
         <alignment>0x4</alignment>
         <input_file_ref idref="fl-f5"/>
      </object_component>
      <object_component id="oc-218">
         <name>.text.OUTLINED_FUNCTION_1</name>
         <load_address>0x33c8</load_address>
         <readonly>true</readonly>
         <executable>true</executable>
         <run_address>0x33c8</run_address>
         <size>0xa</size>
         <alignment>0x2</alignment>
         <input_file_ref idref="fl-31"/>
      </object_component>
      <object_component id="oc-1b6">
         <name>.text.__aeabi_errno_addr</name>
         <load_address>0x33d4</load_address>
         <readonly>true</readonly>
         <executable>true</executable>
         <run_address>0x33d4</run_address>
         <size>0x8</size>
         <alignment>0x4</alignment>
         <input_file_ref idref="fl-35"/>
      </object_component>
      <object_component id="oc-49">
         <name>.text.__aeabi_memcpy</name>
         <load_address>0x33dc</load_address>
         <readonly>true</readonly>
         <executable>true</executable>
         <run_address>0x33dc</run_address>
         <size>0x8</size>
         <alignment>0x4</alignment>
         <input_file_ref idref="fl-103"/>
      </object_component>
      <object_component id="oc-128">
         <name>.text._outc</name>
         <load_address>0x33e4</load_address>
         <readonly>true</readonly>
         <executable>true</executable>
         <run_address>0x33e4</run_address>
         <size>0x8</size>
         <alignment>0x2</alignment>
         <input_file_ref idref="fl-30"/>
      </object_component>
      <object_component id="oc-127">
         <name>.text._outs</name>
         <load_address>0x33ec</load_address>
         <readonly>true</readonly>
         <executable>true</executable>
         <run_address>0x33ec</run_address>
         <size>0x8</size>
         <alignment>0x2</alignment>
         <input_file_ref idref="fl-30"/>
      </object_component>
      <object_component id="oc-e5">
         <name>.text:abort</name>
         <load_address>0x33f4</load_address>
         <readonly>true</readonly>
         <executable>true</executable>
         <run_address>0x33f4</run_address>
         <size>0x6</size>
         <alignment>0x2</alignment>
         <input_file_ref idref="fl-48"/>
      </object_component>
      <object_component id="oc-33">
         <name>.text.Default_Handler</name>
         <load_address>0x33fa</load_address>
         <readonly>true</readonly>
         <executable>true</executable>
         <run_address>0x33fa</run_address>
         <size>0x4</size>
         <alignment>0x2</alignment>
         <input_file_ref idref="fl-3"/>
      </object_component>
      <object_component id="oc-12c">
         <name>.text.HOSTexit</name>
         <load_address>0x33fe</load_address>
         <readonly>true</readonly>
         <executable>true</executable>
         <run_address>0x33fe</run_address>
         <size>0x4</size>
         <alignment>0x2</alignment>
         <input_file_ref idref="fl-e9"/>
      </object_component>
      <object_component id="oc-2f">
         <name>.text.Reset_Handler</name>
         <load_address>0x3402</load_address>
         <readonly>true</readonly>
         <executable>true</executable>
         <run_address>0x3402</run_address>
         <size>0x4</size>
         <alignment>0x2</alignment>
         <input_file_ref idref="fl-3"/>
      </object_component>
      <object_component id="oc-90">
         <name>.text._system_pre_init</name>
         <load_address>0x3406</load_address>
         <readonly>true</readonly>
         <executable>true</executable>
         <run_address>0x3406</run_address>
         <size>0x4</size>
         <alignment>0x2</alignment>
         <input_file_ref idref="fl-40"/>
      </object_component>
      <object_component id="oc-27b">
         <name>.cinit..data.load</name>
         <load_address>0x35b0</load_address>
         <readonly>true</readonly>
         <run_address>0x35b0</run_address>
         <size>0x36</size>
         <alignment>0x1</alignment>
      </object_component>
      <object_component id="oc-279">
         <name>__TI_handler_table</name>
         <load_address>0x35e8</load_address>
         <readonly>true</readonly>
         <run_address>0x35e8</run_address>
         <size>0xc</size>
         <alignment>0x4</alignment>
      </object_component>
      <object_component id="oc-27c">
         <name>.cinit..bss.load</name>
         <load_address>0x35f4</load_address>
         <readonly>true</readonly>
         <run_address>0x35f4</run_address>
         <size>0x8</size>
         <alignment>0x4</alignment>
      </object_component>
      <object_component id="oc-27a">
         <name>__TI_cinit_table</name>
         <load_address>0x35fc</load_address>
         <readonly>true</readonly>
         <run_address>0x35fc</run_address>
         <size>0x10</size>
         <alignment>0x4</alignment>
      </object_component>
      <object_component id="oc-1d9">
         <name>.rodata:__aeabi_ctype_table_</name>
         <load_address>0x3410</load_address>
         <readonly>true</readonly>
         <run_address>0x3410</run_address>
         <size>0x101</size>
         <alignment>0x10</alignment>
         <input_file_ref idref="fl-47"/>
      </object_component>
      <object_component id="oc-164">
         <name>.rodata.gPWM_0ClockConfig</name>
         <load_address>0x3511</load_address>
         <readonly>true</readonly>
         <run_address>0x3511</run_address>
         <size>0x3</size>
         <alignment>0x1</alignment>
         <input_file_ref idref="fl-2"/>
      </object_component>
      <object_component id="oc-15d">
         <name>.rodata.gSYSPLLConfig</name>
         <load_address>0x3514</load_address>
         <readonly>true</readonly>
         <run_address>0x3514</run_address>
         <size>0x28</size>
         <alignment>0x4</alignment>
         <input_file_ref idref="fl-2"/>
      </object_component>
      <object_component id="oc-e4">
         <name>.rodata.str1.9517790425240694019.1</name>
         <load_address>0x353c</load_address>
         <readonly>true</readonly>
         <run_address>0x353c</run_address>
         <size>0x1e</size>
         <alignment>0x1</alignment>
         <input_file_ref idref="fl-1"/>
      </object_component>
      <object_component id="oc-178">
         <name>.rodata.gUART_0ClockConfig</name>
         <load_address>0x355a</load_address>
         <readonly>true</readonly>
         <run_address>0x355a</run_address>
         <size>0x2</size>
         <alignment>0x1</alignment>
         <input_file_ref idref="fl-2"/>
      </object_component>
      <object_component id="oc-169">
         <name>.rodata.gTIMER_0TimerConfig</name>
         <load_address>0x355c</load_address>
         <readonly>true</readonly>
         <run_address>0x355c</run_address>
         <size>0x14</size>
         <alignment>0x4</alignment>
         <input_file_ref idref="fl-2"/>
      </object_component>
      <object_component id="oc-1bf">
         <name>.rodata.str1.10348868589481759720.1</name>
         <load_address>0x3570</load_address>
         <readonly>true</readonly>
         <run_address>0x3570</run_address>
         <size>0x11</size>
         <alignment>0x1</alignment>
         <input_file_ref idref="fl-31"/>
      </object_component>
      <object_component id="oc-1a7">
         <name>.rodata.str1.15363888844622738466.1</name>
         <load_address>0x3581</load_address>
         <readonly>true</readonly>
         <run_address>0x3581</run_address>
         <size>0x11</size>
         <alignment>0x1</alignment>
         <input_file_ref idref="fl-31"/>
      </object_component>
      <object_component id="oc-179">
         <name>.rodata.gUART_0Config</name>
         <load_address>0x3592</load_address>
         <readonly>true</readonly>
         <run_address>0x3592</run_address>
         <size>0xa</size>
         <alignment>0x2</alignment>
[...]
      <symbol id="sm-14d">
         <name>fputc</name>
         <value>0x2d15</value>
         <object_component_ref idref="oc-192"/>
      </symbol>
      <symbol id="sm-14e">
         <name>fputs</name>
         <value>0x2825</value>
         <object_component_ref idref="oc-18d"/>
      </symbol>
      <symbol id="sm-166">
         <name>GROUP1_IRQHandler</name>
         <value>0x1289</value>
         <object_component_ref idref="oc-34"/>
      </symbol>
      <symbol id="sm-167">
         <name>gpio_interrup1</name>
         <value>0x202001f0</value>
      </symbol>
      <symbol id="sm-168">
         <name>gpio_interrup2</name>
         <value>0x202001f4</value>
      </symbol>
      <symbol id="sm-169">
         <name>Get_Encoder_countA</name>
         <value>0x202001e0</value>
      </symbol>
      <symbol id="sm-16a">
         <name>Get_Encoder_countB</name>
         <value>0x202001e4</value>
      </symbol>
      <symbol id="sm-16b">
         <name>Calculate_Motor_RPM</name>
         <value>0x27d5</value>
         <object_component_ref idref="oc-74"/>
      </symbol>
      <symbol id="sm-185">
         <name>click_N_Double</name>
         <value>0x115d</value>
         <object_component_ref idref="oc-a4"/>
      </symbol>
      <symbol id="sm-186">
         <name>Key</name>
         <value>0x2c39</value>
         <object_component_ref idref="oc-6f"/>
      </symbol>
      <symbol id="sm-19f">
         <name>LED_ON</name>
         <value>0x3291</value>
         <object_component_ref idref="oc-9f"/>
      </symbol>
      <symbol id="sm-1a0">
         <name>LED_Toggle</name>
         <value>0x32a5</value>
         <object_component_ref idref="oc-a0"/>
      </symbol>
      <symbol id="sm-1a1">
         <name>LED_Flash</name>
         <value>0x29e5</value>
         <object_component_ref idref="oc-6a"/>
      </symbol>
      <symbol id="sm-1c0">
         <name>Set_PWM</name>
         <value>0x14c9</value>
         <object_component_ref idref="oc-7f"/>
      </symbol>
      <symbol id="sm-1c1">
         <name>Velocity_A</name>
         <value>0x1ce9</value>
         <object_component_ref idref="oc-79"/>
      </symbol>
      <symbol id="sm-1c2">
         <name>Velcity_Ki</name>
         <value>0x202000fc</value>
         <object_component_ref idref="oc-b8"/>
      </symbol>
      <symbol id="sm-1c3">
         <name>Velcity_Kp</name>
         <value>0x20200100</value>
         <object_component_ref idref="oc-ba"/>
      </symbol>
      <symbol id="sm-1c4">
         <name>Velocity_B</name>
         <value>0x1dad</value>
         <object_component_ref idref="oc-7e"/>
      </symbol>
      <symbol id="sm-1c5">
         <name>__TI_ATRegion0_src_addr</name>
         <value>0x0</value>
      </symbol>
      <symbol id="sm-1c6">
         <name>__TI_ATRegion0_trg_addr</name>
         <value>0x0</value>
      </symbol>
      <symbol id="sm-1c7">
         <name>__TI_ATRegion0_region_sz</name>
         <value>0x0</value>
      </symbol>
      <symbol id="sm-1c8">
         <name>__TI_ATRegion1_src_addr</name>
         <value>0x0</value>
      </symbol>
      <symbol id="sm-1c9">
         <name>__TI_ATRegion1_trg_addr</name>
         <value>0x0</value>
      </symbol>
      <symbol id="sm-1ca">
         <name>__TI_ATRegion1_region_sz</name>
         <value>0x0</value>
      </symbol>
      <symbol id="sm-1cb">
         <name>__TI_ATRegion2_src_addr</name>
         <value>0x0</value>
      </symbol>
      <symbol id="sm-1cc">
         <name>__TI_ATRegion2_trg_addr</name>
         <value>0x0</value>
      </symbol>
      <symbol id="sm-1cd">
         <name>__TI_ATRegion2_region_sz</name>
         <value>0x0</value>
      </symbol>
      <symbol id="sm-1d6">
         <name>DL_Common_delayCycles</name>
         <value>0x33a3</value>
         <object_component_ref idref="oc-141"/>
      </symbol>
      <symbol id="sm-1f5">
         <name>DL_Timer_setClockConfig</name>
         <value>0x2fcd</value>
         <object_component_ref idref="oc-15e"/>
      </symbol>
      <symbol id="sm-1f6">
         <name>DL_Timer_initTimerMode</name>
         <value>0x17cd</value>
         <object_component_ref idref="oc-166"/>
      </symbol>
      <symbol id="sm-1f7">
         <name>DL_Timer_setCaptureCompareValue</name>
         <value>0x3349</value>
         <object_component_ref idref="oc-c2"/>
      </symbol>
      <symbol id="sm-1f8">
         <name>DL_Timer_initPWMMode</name>
         <value>0x1c25</value>
         <object_component_ref idref="oc-19e"/>
      </symbol>
      <symbol id="sm-1f9">
         <name>DL_Timer_setCaptureCompareOutCtl</name>
         <value>0x30f1</value>
         <object_component_ref idref="oc-160"/>
      </symbol>
      <symbol id="sm-1fa">
         <name>DL_Timer_setCaptCompUpdateMethod</name>
         <value>0x2fb1</value>
         <object_component_ref idref="oc-161"/>
      </symbol>
      <symbol id="sm-1fb">
         <name>DL_TimerA_initPWMMode</name>
         <value>0x2169</value>
         <object_component_ref idref="oc-15f"/>
      </symbol>
      <symbol id="sm-208">
         <name>DL_UART_init</name>
         <value>0x2959</value>
         <object_component_ref idref="oc-170"/>
      </symbol>
      <symbol id="sm-209">
         <name>DL_UART_setClockConfig</name>
         <value>0x32f3</value>
         <object_component_ref idref="oc-16a"/>
      </symbol>
      <symbol id="sm-217">
         <name>DL_SYSCTL_configSYSPLL</name>
         <value>0x1999</value>
         <object_component_ref idref="oc-153"/>
      </symbol>
      <symbol id="sm-218">
         <name>DL_SYSCTL_switchMCLKfromSYSOSCtoHSCLK</name>
         <value>0x29a1</value>
         <object_component_ref idref="oc-15b"/>
      </symbol>
      <symbol id="sm-229">
         <name>printf</name>
         <value>0x2621</value>
         <object_component_ref idref="oc-de"/>
      </symbol>
      <symbol id="sm-272">
         <name>__TI_printfi</name>
         <value>0xc1</value>
         <object_component_ref idref="oc-183"/>
      </symbol>
      <symbol id="sm-27c">
         <name>frexp</name>
         <value>0x25c5</value>
         <object_component_ref idref="oc-1ea"/>
      </symbol>
      <symbol id="sm-27d">
         <name>frexpl</name>
         <value>0x25c5</value>
         <object_component_ref idref="oc-1ea"/>
      </symbol>
      <symbol id="sm-287">
         <name>scalbn</name>
         <value>0x1a75</value>
         <object_component_ref idref="oc-1ee"/>
      </symbol>
      <symbol id="sm-288">
         <name>ldexp</name>
         <value>0x1a75</value>
         <object_component_ref idref="oc-1ee"/>
      </symbol>
      <symbol id="sm-289">
         <name>scalbnl</name>
         <value>0x1a75</value>
         <object_component_ref idref="oc-1ee"/>
      </symbol>
      <symbol id="sm-28a">
         <name>ldexpl</name>
         <value>0x1a75</value>
         <object_component_ref idref="oc-1ee"/>
      </symbol>
      <symbol id="sm-293">
         <name>wcslen</name>
         <value>0x3369</value>
         <object_component_ref idref="oc-1b2"/>
      </symbol>
      <symbol id="sm-29e">
         <name>__aeabi_errno_addr</name>
         <value>0x33d5</value>
         <object_component_ref idref="oc-1b6"/>
      </symbol>
      <symbol id="sm-29f">
         <name>__aeabi_errno</name>
         <value>0x20200104</value>
         <object_component_ref idref="oc-1e0"/>
      </symbol>
      <symbol id="sm-2a8">
         <name>_nop</name>
         <value>0x2167</value>
         <object_component_ref idref="oc-184"/>
      </symbol>
      <symbol id="sm-2a9">
         <name>_lock</name>
         <value>0x20200108</value>
         <object_component_ref idref="oc-123"/>
      </symbol>
      <symbol id="sm-2aa">
         <name>_unlock</name>
         <value>0x2020010c</value>
         <object_component_ref idref="oc-129"/>
      </symbol>
      <symbol id="sm-2b3">
         <name>__TI_ltoa</name>
         <value>0x267d</value>
         <object_component_ref idref="oc-1f6"/>
      </symbol>
      <symbol id="sm-2be">
         <name>atoi</name>
         <value>0x2aa9</value>
         <object_component_ref idref="oc-1ae"/>
      </symbol>
      <symbol id="sm-2c3">
         <name>_ftable</name>
         <value>0x20200000</value>
         <object_component_ref idref="oc-125"/>
      </symbol>
      <symbol id="sm-2cc">
         <name>memccpy</name>
         <value>0x2e2d</value>
         <object_component_ref idref="oc-1a3"/>
      </symbol>
      <symbol id="sm-2d8">
         <name>_c_int00_noargs</name>
         <value>0x2de1</value>
         <object_component_ref idref="oc-59"/>
      </symbol>
      <symbol id="sm-2d9">
         <name>__stack</name>
         <value>0x20207e00</value>
         <object_component_ref idref="oc-1a"/>
      </symbol>
      <symbol id="sm-2e5">
         <name>__TI_auto_init_nobinit_nopinit</name>
         <value>0x2b25</value>
         <object_component_ref idref="oc-ec"/>
      </symbol>
      <symbol id="sm-2ed">
         <name>_system_pre_init</name>
         <value>0x3407</value>
         <object_component_ref idref="oc-90"/>
      </symbol>
      <symbol id="sm-2f8">
         <name>__TI_zero_init_nomemset</name>
         <value>0x31ef</value>
         <object_component_ref idref="oc-50"/>
      </symbol>
      <symbol id="sm-301">
         <name>__TI_decompress_none</name>
         <value>0x3317</value>
         <object_component_ref idref="oc-20"/>
      </symbol>
      <symbol id="sm-30c">
         <name>__TI_decompress_lzss</name>
         <value>0x2269</value>
         <object_component_ref idref="oc-1c"/>
      </symbol>
      <symbol id="sm-30f">
         <name>__aeabi_ctype_table_</name>
         <value>0x3410</value>
         <object_component_ref idref="oc-1d9"/>
      </symbol>
      <symbol id="sm-310">
         <name>__aeabi_ctype_table_C</name>
         <value>0x3410</value>
         <object_component_ref idref="oc-1d9"/>
      </symbol>
      <symbol id="sm-31a">
         <name>abort</name>
         <value>0x33f5</value>
         <object_component_ref idref="oc-e5"/>
      </symbol>
      <symbol id="sm-323">
         <name>HOSTexit</name>
         <value>0x33ff</value>
         <object_component_ref idref="oc-12c"/>
      </symbol>
      <symbol id="sm-324">
         <name>C$$EXIT</name>
         <value>0x33fe</value>
         <object_component_ref idref="oc-12c"/>
      </symbol>
      <symbol id="sm-334">
         <name>__aeabi_fadd</name>
         <value>0x1b57</value>
         <object_component_ref idref="oc-b4"/>
      </symbol>
      <symbol id="sm-335">
         <name>__addsf3</name>
         <value>0x1b57</value>
         <object_component_ref idref="oc-b4"/>
      </symbol>
      <symbol id="sm-336">
         <name>__aeabi_fsub</name>
         <value>0x1b4d</value>
         <object_component_ref idref="oc-b4"/>
      </symbol>
      <symbol id="sm-337">
         <name>__subsf3</name>
         <value>0x1b4d</value>
         <object_component_ref idref="oc-b4"/>
      </symbol>
      <symbol id="sm-33d">
         <name>__aeabi_dadd</name>
         <value>0xe97</value>
         <object_component_ref idref="oc-213"/>
      </symbol>
      <symbol id="sm-33e">
         <name>__adddf3</name>
         <value>0xe97</value>
         <object_component_ref idref="oc-213"/>
      </symbol>
      <symbol id="sm-33f">
         <name>__aeabi_dsub</name>
         <value>0xe8d</value>
         <object_component_ref idref="oc-213"/>
      </symbol>
      <symbol id="sm-340">
         <name>__subdf3</name>
         <value>0xe8d</value>
         <object_component_ref idref="oc-213"/>
      </symbol>
      <symbol id="sm-349">
         <name>__aeabi_dmul</name>
         <value>0x18b5</value>
         <object_component_ref idref="oc-1ff"/>
      </symbol>
      <symbol id="sm-34a">
         <name>__muldf3</name>
         <value>0x18b5</value>
         <object_component_ref idref="oc-1ff"/>
      </symbol>
      <symbol id="sm-350">
         <name>__muldsi3</name>
         <value>0x2b61</value>
         <object_component_ref idref="oc-107"/>
      </symbol>
      <symbol id="sm-356">
         <name>__aeabi_fmul</name>
         <value>0x1fd5</value>
         <object_component_ref idref="oc-ab"/>
      </symbol>
      <symbol id="sm-357">
         <name>__mulsf3</name>
         <value>0x1fd5</value>
         <object_component_ref idref="oc-ab"/>
      </symbol>
      <symbol id="sm-35d">
         <name>__aeabi_fdiv</name>
         <value>0x20e5</value>
         <object_component_ref idref="oc-af"/>
      </symbol>
      <symbol id="sm-35e">
         <name>__divsf3</name>
         <value>0x20e5</value>
         <object_component_ref idref="oc-af"/>
      </symbol>
      <symbol id="sm-364">
         <name>__aeabi_ddiv</name>
         <value>0x15d5</value>
         <object_component_ref idref="oc-20f"/>
      </symbol>
      <symbol id="sm-365">
         <name>__divdf3</name>
         <value>0x15d5</value>
         <object_component_ref idref="oc-20f"/>
      </symbol>
      <symbol id="sm-36b">
         <name>__aeabi_f2d</name>
         <value>0x2a69</value>
         <object_component_ref idref="oc-da"/>
      </symbol>
      <symbol id="sm-36c">
         <name>__extendsfdf2</name>
         <value>0x2a69</value>
         <object_component_ref idref="oc-da"/>
      </symbol>
      <symbol id="sm-372">
         <name>__aeabi_d2iz</name>
         <value>0x290d</value>
         <object_component_ref idref="oc-1f2"/>
      </symbol>
      <symbol id="sm-373">
         <name>__fixdfsi</name>
         <value>0x290d</value>
         <object_component_ref idref="oc-1f2"/>
      </symbol>
      <symbol id="sm-379">
         <name>__aeabi_f2iz</name>
         <value>0x2b9d</value>
         <object_component_ref idref="oc-75"/>
      </symbol>
      <symbol id="sm-37a">
         <name>__fixsfsi</name>
         <value>0x2b9d</value>
         <object_component_ref idref="oc-75"/>
      </symbol>
      <symbol id="sm-380">
         <name>__aeabi_i2d</name>
         <value>0x2ce9</value>
         <object_component_ref idref="oc-1fa"/>
      </symbol>
      <symbol id="sm-381">
         <name>__floatsidf</name>
         <value>0x2ce9</value>
         <object_component_ref idref="oc-1fa"/>
      </symbol>
      <symbol id="sm-387">
         <name>__aeabi_i2f</name>
         <value>0x2ae9</value>
         <object_component_ref idref="oc-a7"/>
      </symbol>
      <symbol id="sm-388">
         <name>__floatsisf</name>
         <value>0x2ae9</value>
         <object_component_ref idref="oc-a7"/>
      </symbol>
      <symbol id="sm-38e">
         <name>__aeabi_lmul</name>
         <value>0x2e09</value>
         <object_component_ref idref="oc-1bb"/>
      </symbol>
      <symbol id="sm-38f">
         <name>__muldi3</name>
         <value>0x2e09</value>
         <object_component_ref idref="oc-1bb"/>
      </symbol>
      <symbol id="sm-395">
         <name>__aeabi_dcmpeq</name>
         <value>0x2505</value>
         <object_component_ref idref="oc-1c5"/>
      </symbol>
      <symbol id="sm-396">
         <name>__aeabi_dcmplt</name>
         <value>0x2519</value>
         <object_component_ref idref="oc-1c5"/>
      </symbol>
      <symbol id="sm-397">
         <name>__aeabi_dcmple</name>
         <value>0x252d</value>
         <object_component_ref idref="oc-1c5"/>
      </symbol>
      <symbol id="sm-398">
         <name>__aeabi_dcmpge</name>
         <value>0x2541</value>
         <object_component_ref idref="oc-1c5"/>
      </symbol>
      <symbol id="sm-399">
         <name>__aeabi_dcmpgt</name>
         <value>0x2555</value>
         <object_component_ref idref="oc-1c5"/>
      </symbol>
      <symbol id="sm-39f">
         <name>__aeabi_idiv</name>
         <value>0x272d</value>
         <object_component_ref idref="oc-229"/>
      </symbol>
      <symbol id="sm-3a0">
         <name>__aeabi_idivmod</name>
         <value>0x272d</value>
         <object_component_ref idref="oc-229"/>
      </symbol>
      <symbol id="sm-3a6">
         <name>__aeabi_memcpy</name>
         <value>0x33dd</value>
         <object_component_ref idref="oc-49"/>
      </symbol>
      <symbol id="sm-3a7">
         <name>__aeabi_memcpy4</name>
         <value>0x33dd</value>
         <object_component_ref idref="oc-49"/>
      </symbol>
      <symbol id="sm-3a8">
         <name>__aeabi_memcpy8</name>
         <value>0x33dd</value>
         <object_component_ref idref="oc-49"/>
      </symbol>
      <symbol id="sm-3af">
         <name>__aeabi_memset</name>
         <value>0x3379</value>
         <object_component_ref idref="oc-1a2"/>
      </symbol>
      <symbol id="sm-3b0">
         <name>__aeabi_memset4</name>
         <value>0x3379</value>
         <object_component_ref idref="oc-1a2"/>
      </symbol>
      <symbol id="sm-3b1">
         <name>__aeabi_memset8</name>
         <value>0x3379</value>
         <object_component_ref idref="oc-1a2"/>
      </symbol>
      <symbol id="sm-3b7">
         <name>__aeabi_uidiv</name>
         <value>0x2a29</value>
         <object_component_ref idref="oc-1a8"/>
      </symbol>
      <symbol id="sm-3b8">
         <name>__aeabi_uidivmod</name>
         <value>0x2a29</value>
         <object_component_ref idref="oc-1a8"/>
      </symbol>
      <symbol id="sm-3be">
         <name>__aeabi_uldivmod</name>
         <value>0x32b9</value>
         <object_component_ref idref="oc-1c0"/>
      </symbol>
      <symbol id="sm-3c4">
         <name>__udivmoddi4</name>
         <value>0x1f31</value>
         <object_component_ref idref="oc-1e5"/>
      </symbol>
      <symbol id="sm-3ca">
         <name>__aeabi_llsl</name>
         <value>0x2eb1</value>
         <object_component_ref idref="oc-21d"/>
      </symbol>
      <symbol id="sm-3cb">
         <name>__ashldi3</name>
         <value>0x2eb1</value>
         <object_component_ref idref="oc-21d"/>
      </symbol>
      <symbol id="sm-3d9">
         <name>__ledf2</name>
         <value>0x2435</value>
         <object_component_ref idref="oc-207"/>
      </symbol>
      <symbol id="sm-3da">
         <name>__gedf2</name>
         <value>0x22e5</value>
         <object_component_ref idref="oc-20d"/>
      </symbol>
      <symbol id="sm-3db">
         <name>__cmpdf2</name>
         <value>0x2435</value>
         <object_component_ref idref="oc-207"/>
      </symbol>
      <symbol id="sm-3dc">
         <name>__eqdf2</name>
         <value>0x2435</value>
         <object_component_ref idref="oc-207"/>
      </symbol>
      <symbol id="sm-3dd">
         <name>__ltdf2</name>
         <value>0x2435</value>
         <object_component_ref idref="oc-207"/>
      </symbol>
      <symbol id="sm-3de">
         <name>__nedf2</name>
         <value>0x2435</value>
         <object_component_ref idref="oc-207"/>
      </symbol>
      <symbol id="sm-3df">
         <name>__gtdf2</name>
         <value>0x22e5</value>
         <object_component_ref idref="oc-20d"/>
      </symbol>
      <symbol id="sm-3eb">
         <name>__aeabi_idiv0</name>
         <value>0x101f</value>
         <object_component_ref idref="oc-1d3"/>
      </symbol>
      <symbol id="sm-3ec">
         <name>__aeabi_ldiv0</name>
         <value>0x1fd3</value>
         <object_component_ref idref="oc-21c"/>
      </symbol>
      <symbol id="sm-3f5">
         <name>TI_memcpy_small</name>
         <value>0x3305</value>
         <object_component_ref idref="oc-c8"/>
      </symbol>
      <symbol id="sm-3fe">
         <name>TI_memset_small</name>
         <value>0x3395</value>
         <object_component_ref idref="oc-111"/>
      </symbol>
      <symbol id="sm-3ff">
         <name>__TI_static_base__</name>
         <value>0x0</value>
      </symbol>
      <symbol id="sm-403">
         <name>__mpu_init</name>
         <value>0x0</value>
      </symbol>
      <symbol id="sm-404">
         <name>_system_post_cinit</name>
         <value>0x0</value>
      </symbol>
   </symbol_table>
   <title>Link successful</title>
</link_info>
