******************************************************************************
            TI ARM Clang Linker PC v4.0.3                      
******************************************************************************
>> Linked Thu Jul 17 10:45:28 2025

OUTPUT FILE NAME:   <empty_LP_MSPM0G3507_nortos_ticlang.out>
ENTRY POINT SYMBOL: "_c_int00_noargs"  address: 00002de1


MEMORY CONFIGURATION

         name            origin    length      used     unused   attr    fill
----------------------  --------  ---------  --------  --------  ----  --------
  FLASH                 00000000   00020000  00003610  0001c9f0  R  X
  SRAM                  20200000   00008000  000003fd  00007c03  RW X
  BCR_CONFIG            41c00000   00000080  00000000  00000080  R   
  BSL_CONFIG            41c00100   00000080  00000000  00000080  R   


SEGMENT ALLOCATION MAP

run origin  load origin   length   init length attrs members
----------  ----------- ---------- ----------- ----- -------
00000000    00000000    00003610   00003610    r-x
  00000000    00000000    000000c0   000000c0    r-- .intvecs
  000000c0    000000c0    00003350   00003350    r-x .text
  00003410    00003410    000001a0   000001a0    r-- .rodata
  000035b0    000035b0    00000060   00000060    r-- .cinit
20200000    20200000    00000200   00000000    rw-
  20200000    20200000    00000111   00000000    rw- .data
  20200114    20200114    000000ec   00000000    rw- .bss
20207e00    20207e00    00000200   00000000    rw-
  20207e00    20207e00    00000200   00000000    rw- .stack


SECTION ALLOCATION MAP

 output                                  attributes/
section   page    origin      length       input sections
--------  ----  ----------  ----------   ----------------
.intvecs   0    00000000    000000c0     
                  00000000    000000c0     startup_mspm0g350x_ticlang.o (.intvecs)

.text      0    000000c0    00003350     
                  000000c0    000009d0     libc.a : _printfi.c.obj (.text:__TI_printfi)
                  00000a90    00000220            : _printfi.c.obj (.text._pconv_a)
                  00000cb0    000001dc            : _printfi.c.obj (.text._pconv_g)
                  00000e8c    00000192     libclang_rt.builtins.a : adddf3.S.obj (.text.adddf3_subdf3)
                  0000101e    00000002                            : aeabi_div0.c.obj (.text.__aeabi_idiv0)
                  00001020    0000013c     libc.a : _printfi.c.obj (.text.fcvt)
                  0000115c    0000012c     key.o (.text.click_N_Double)
                  00001288    00000120     encoder.o (.text.GROUP1_IRQHandler)
                  000013a8    00000120     libc.a : _printfi.c.obj (.text._pconv_e)
                  000014c8    0000010c     motor.o (.text.Set_PWM)
                  000015d4    0000010c     libclang_rt.builtins.a : divdf3.S.obj (.text.__divdf3)
                  000016e0    000000ec     ti_msp_dl_config.o (.text.SYSCFG_DL_GPIO_init)
                  000017cc    000000e8     driverlib.a : dl_timer.o (.text.DL_Timer_initTimerMode)
                  000018b4    000000e4     libclang_rt.builtins.a : muldf3.S.obj (.text.__muldf3)
                  00001998    000000dc     driverlib.a : dl_sysctl_mspm0g1x0x_g3x0x.o (.text.DL_SYSCTL_configSYSPLL)
                  00001a74    000000d8     libc.a : s_scalbn.c.obj (.text.scalbn)
                  00001b4c    000000d8     libclang_rt.builtins.a : addsf3.S.obj (.text)
                  00001c24    000000c4     driverlib.a : dl_timer.o (.text.DL_Timer_initPWMMode)
                  00001ce8    000000c4     motor.o (.text.Velocity_A)
                  00001dac    000000c4     motor.o (.text.Velocity_B)
                  00001e70    000000c0     empty.o (.text.TIMG0_IRQHandler)
                  00001f30    000000a2     libclang_rt.builtins.a : udivmoddi4.S.obj (.text)
                  00001fd2    00000002                            : aeabi_div0.c.obj (.text.__aeabi_ldiv0)
                  00001fd4    0000008c                            : mulsf3.S.obj (.text.__mulsf3)
                  00002060    00000084     ti_msp_dl_config.o (.text.__NVIC_SetPriority)
                  000020e4    00000082     libclang_rt.builtins.a : divsf3.S.obj (.text.__divsf3)
                  00002166    00000002     libc.a : _lock.c.obj (.text._nop)
                  00002168    00000080     driverlib.a : dl_timer.o (.text.DL_TimerA_initPWMMode)
                  000021e8    00000080     ti_msp_dl_config.o (.text.SYSCFG_DL_PWM_0_init)
                  00002268    0000007c     libc.a : copy_decompress_lzss.c.obj (.text:decompress:lzss)
                  000022e4    00000074     libclang_rt.builtins.a : comparedf2.c.obj (.text.__gedf2)
                  00002358    00000074     empty.o (.text.main)
                  000023cc    00000068     ti_msp_dl_config.o (.text.SYSCFG_DL_initPower)
                  00002434    00000068     libclang_rt.builtins.a : comparedf2.c.obj (.text.__ledf2)
                  0000249c    00000066     libc.a : _printfi.c.obj (.text._mcpy)
                  00002502    00000002     --HOLE-- [fill = 0]
                  00002504    00000062     libclang_rt.builtins.a : aeabi_dcmp.S.obj (.text.__aeabi_dcmp)
                  00002566    00000002     --HOLE-- [fill = 0]
                  00002568    0000005c     ti_msp_dl_config.o (.text.SYSCFG_DL_UART_0_init)
                  000025c4    0000005c     libc.a : s_frexp.c.obj (.text.frexp)
                  00002620    0000005c            : printf.c.obj (.text.printf)
                  0000267c    00000058            : _ltoa.c.obj (.text.__TI_ltoa)
                  000026d4    00000058            : _printfi.c.obj (.text._pconv_f)
                  0000272c    00000056     libclang_rt.builtins.a : aeabi_idivmod.S.obj (.text.__aeabi_idivmod)
                  00002782    00000052     libc.a : _printfi.c.obj (.text._ecpy)
                  000027d4    00000050     encoder.o (.text.Calculate_Motor_RPM)
                  00002824    00000050     board.o (.text.fputs)
                  00002874    0000004c     ti_msp_dl_config.o (.text.DL_UART_setBaudRateDivisor)
                  000028c0    0000004c     ti_msp_dl_config.o (.text.SYSCFG_DL_SYSCTL_init)
                  0000290c    0000004a     libclang_rt.builtins.a : fixdfsi.S.obj (.text.__fixdfsi)
                  00002956    00000002     --HOLE-- [fill = 0]
                  00002958    00000048     driverlib.a : dl_uart.o (.text.DL_UART_init)
                  000029a0    00000044                 : dl_sysctl_mspm0g1x0x_g3x0x.o (.text.DL_SYSCTL_switchMCLKfromSYSOSCtoHSCLK)
                  000029e4    00000044     led.o (.text.LED_Flash)
                  00002a28    00000040     libclang_rt.builtins.a : aeabi_uidivmod.S.obj (.text.__aeabi_uidivmod)
                  00002a68    00000040                            : extendsfdf2.S.obj (.text.__extendsfdf2)
                  00002aa8    00000040     libc.a : atoi.c.obj (.text.atoi)
                  00002ae8    0000003c     libclang_rt.builtins.a : floatsisf.S.obj (.text.__floatsisf)
                  00002b24    0000003c     libc.a : autoinit.c.obj (.text:__TI_auto_init_nobinit_nopinit)
                  00002b60    0000003a     libclang_rt.builtins.a : muldsi3.S.obj (.text.__muldsi3)
                  00002b9a    00000002     --HOLE-- [fill = 0]
                  00002b9c    00000038                            : fixsfsi.S.obj (.text.__fixsfsi)
                  00002bd4    00000034     ti_msp_dl_config.o (.text.SYSCFG_DL_TIMER_0_init)
                  00002c08    00000030     libc.a : _printfi.c.obj (.text._fcpy)
                  00002c38    0000002c     key.o (.text.Key)
                  00002c64    0000002c     ti_msp_dl_config.o (.text.SYSCFG_DL_init)
                  00002c90    0000002c     empty.o (.text.__NVIC_ClearPendingIRQ)
                  00002cbc    0000002c     empty.o (.text.__NVIC_EnableIRQ)
                  00002ce8    0000002c     libclang_rt.builtins.a : floatsidf.S.obj (.text.__floatsidf)
                  00002d14    0000002c     board.o (.text.fputc)
                  00002d40    00000028     ti_msp_dl_config.o (.text.DL_Common_updateReg)
                  00002d68    00000028     ti_msp_dl_config.o (.text.DL_SYSTICK_init)
                  00002d90    00000028     ti_msp_dl_config.o (.text.DL_UART_setRXFIFOThreshold)
                  00002db8    00000028     ti_msp_dl_config.o (.text.DL_UART_setTXFIFOThreshold)
                  00002de0    00000028     libc.a : boot_cortex_m.c.obj (.text:_c_int00_noargs)
                  00002e08    00000024     libclang_rt.builtins.a : muldi3.S.obj (.text.__muldi3)
                  00002e2c    00000022     libc.a : memccpy.c.obj (.text.memccpy)
                  00002e4e    00000002     --HOLE-- [fill = 0]
                  00002e50    00000020     ti_msp_dl_config.o (.text.DL_GPIO_initPeripheralInputFunction)
                  00002e70    00000020     ti_msp_dl_config.o (.text.DL_SYSCTL_setFlashWaitState)
                  00002e90    0000001e     ti_msp_dl_config.o (.text.DL_UART_setOversampling)
                  00002eae    00000002     --HOLE-- [fill = 0]
                  00002eb0    0000001e     libclang_rt.builtins.a : ashldi3.S.obj (.text.__ashldi3)
                  00002ece    00000002     --HOLE-- [fill = 0]
                  00002ed0    0000001c     encoder.o (.text.DL_GPIO_clearInterruptStatus)
                  00002eec    0000001c     ti_msp_dl_config.o (.text.DL_GPIO_clearInterruptStatus)
                  00002f08    0000001c     ti_msp_dl_config.o (.text.DL_GPIO_enableInterrupt)
                  00002f24    0000001c     ti_msp_dl_config.o (.text.DL_GPIO_initDigitalInput)
                  00002f40    0000001c     ti_msp_dl_config.o (.text.DL_GPIO_initPeripheralOutputFunction)
                  00002f5c    0000001c     ti_msp_dl_config.o (.text.DL_SYSCTL_setSYSOSCFreq)
                  00002f78    0000001c     ti_msp_dl_config.o (.text.DL_SYSCTL_setULPCLKDivider)
                  00002f94    0000001c     ti_msp_dl_config.o (.text.DL_Timer_enableInterrupt)
                  00002fb0    0000001c     driverlib.a : dl_timer.o (.text.DL_Timer_setCaptCompUpdateMethod)
                  00002fcc    0000001c                 : dl_timer.o (.text.DL_Timer_setClockConfig)
                  00002fe8    00000018     ti_msp_dl_config.o (.text.DL_GPIO_enableOutput)
                  00003000    00000018     ti_msp_dl_config.o (.text.DL_GPIO_enablePower)
                  00003018    00000018     encoder.o (.text.DL_GPIO_getEnabledInterruptStatus)
                  00003030    00000018     ti_msp_dl_config.o (.text.DL_GPIO_initDigitalOutput)
                  00003048    00000018     ti_msp_dl_config.o (.text.DL_GPIO_reset)
                  00003060    00000018     motor.o (.text.DL_GPIO_setPins)
                  00003078    00000018     ti_msp_dl_config.o (.text.DL_GPIO_setUpperPinsPolarity)
                  00003090    00000018     led.o (.text.DL_GPIO_togglePins)
                  000030a8    00000018     ti_msp_dl_config.o (.text.DL_SYSCTL_setBORThreshold)
                  000030c0    00000018     ti_msp_dl_config.o (.text.DL_Timer_enablePower)
                  000030d8    00000018     ti_msp_dl_config.o (.text.DL_Timer_reset)
                  000030f0    00000018     driverlib.a : dl_timer.o (.text.DL_Timer_setCaptureCompareOutCtl)
                  00003108    00000018     empty.o (.text.DL_Timer_startCounter)
                  00003120    00000018     ti_msp_dl_config.o (.text.DL_UART_enableFIFOs)
                  00003138    00000018     ti_msp_dl_config.o (.text.DL_UART_enablePower)
                  00003150    00000018     board.o (.text.DL_UART_isBusy)
                  00003168    00000018     ti_msp_dl_config.o (.text.DL_UART_reset)
                  00003180    00000016     encoder.o (.text.DL_GPIO_readPins)
                  00003196    00000016     key.o (.text.DL_GPIO_readPins)
                  000031ac    00000016     ti_msp_dl_config.o (.text.DL_UART_enable)
                  000031c2    00000016     ti_msp_dl_config.o (.text.DL_UART_enableLoopbackMode)
                  000031d8    00000016     board.o (.text.DL_UART_transmitData)
                  000031ee    00000016     libc.a : copy_zero_init.c.obj (.text:decompress:ZI:__TI_zero_init_nomemset)
                  00003204    00000014     led.o (.text.DL_GPIO_clearPins)
                  00003218    00000014     motor.o (.text.DL_GPIO_clearPins)
                  0000322c    00000014     ti_msp_dl_config.o (.text.DL_GPIO_clearPins)
                  00003240    00000014     ti_msp_dl_config.o (.text.DL_SYSCTL_disableSYSPLL)
                  00003254    00000014     ti_msp_dl_config.o (.text.DL_SYSCTL_enableMFCLK)
                  00003268    00000014     ti_msp_dl_config.o (.text.DL_Timer_enableClock)
                  0000327c    00000014     ti_msp_dl_config.o (.text.DL_Timer_setCCPDirection)
                  00003290    00000014     led.o (.text.LED_ON)
                  000032a4    00000014     led.o (.text.LED_Toggle)
                  000032b8    00000014     libclang_rt.builtins.a : aeabi_uldivmod.S.obj (.text.__aeabi_uldivmod)
                  000032cc    00000014     libc.a : _printfi.c.obj (.text.strchr)
                  000032e0    00000012     empty.o (.text.DL_Timer_getPendingInterrupt)
                  000032f2    00000012     driverlib.a : dl_uart.o (.text.DL_UART_setClockConfig)
                  00003304    00000012     libc.a : memcpy16.S.obj (.text:TI_memcpy_small)
                  00003316    00000012            : copy_decompress_none.c.obj (.text:decompress:none)
                  00003328    00000010     ti_msp_dl_config.o (.text.DL_SYSCTL_disableHFXT)
                  00003338    00000010     ti_msp_dl_config.o (.text.DL_SYSTICK_enable)
                  00003348    00000010     driverlib.a : dl_timer.o (.text.DL_Timer_setCaptureCompareValue)
                  00003358    00000010     ti_msp_dl_config.o (.text.SYSCFG_DL_SYSTICK_init)
                  00003368    00000010     libc.a : wcslen.c.obj (.text.wcslen)
                  00003378    0000000e     libclang_rt.builtins.a : aeabi_memset.S.obj (.text.__aeabi_memset)
                  00003386    0000000e     libc.a : _printfi.c.obj (.text.strlen)
                  00003394    0000000e            : memset16.S.obj (.text:TI_memset_small)
                  000033a2    0000000a     driverlib.a : dl_common.o (.text.DL_Common_delayCycles)
                  000033ac    0000000a     libc.a : _printfi.c.obj (.text.OUTLINED_FUNCTION_0)
                  000033b6    00000002     --HOLE-- [fill = 0]
                  000033b8    00000010     libclang_rt.builtins.a : adddf3.S.obj (.tramp.__aeabi_dsub.1)
                  000033c8    0000000a     libc.a : _printfi.c.obj (.text.OUTLINED_FUNCTION_1)
                  000033d2    00000002     --HOLE-- [fill = 0]
                  000033d4    00000008            : aeabi_portable.c.obj (.text.__aeabi_errno_addr)
                  000033dc    00000008     libclang_rt.builtins.a : aeabi_memcpy.S.obj (.text.__aeabi_memcpy)
                  000033e4    00000008     libc.a : printf.c.obj (.text._outc)
                  000033ec    00000008            : printf.c.obj (.text._outs)
                  000033f4    00000006            : exit.c.obj (.text:abort)
                  000033fa    00000004     startup_mspm0g350x_ticlang.o (.text.Default_Handler)
                  000033fe    00000004     libsysbm.a : hostexit.c.obj (.text.HOSTexit)
                  00003402    00000004     startup_mspm0g350x_ticlang.o (.text.Reset_Handler)
                  00003406    00000004     libc.a : pre_init.c.obj (.text._system_pre_init)
                  0000340a    00000006     --HOLE-- [fill = 0]

.cinit     0    000035b0    00000060     
                  000035b0    00000036     (.cinit..data.load) [load image, compression = lzss]
                  000035e6    00000002     --HOLE-- [fill = 0]
                  000035e8    0000000c     (__TI_handler_table)
                  000035f4    00000008     (.cinit..bss.load) [load image, compression = zero_init]
                  000035fc    00000010     (__TI_cinit_table)
                  0000360c    00000004     --HOLE-- [fill = 0]

.rodata    0    00003410    000001a0     
                  00003410    00000101     libc.a : aeabi_ctype.S.obj (.rodata:__aeabi_ctype_table_)
                  00003511    00000003     ti_msp_dl_config.o (.rodata.gPWM_0ClockConfig)
                  00003514    00000028     ti_msp_dl_config.o (.rodata.gSYSPLLConfig)
                  0000353c    0000001e     empty.o (.rodata.str1.9517790425240694019.1)
                  0000355a    00000002     ti_msp_dl_config.o (.rodata.gUART_0ClockConfig)
                  0000355c    00000014     ti_msp_dl_config.o (.rodata.gTIMER_0TimerConfig)
                  00003570    00000011     libc.a : _printfi.c.obj (.rodata.str1.10348868589481759720.1)
                  00003581    00000011            : _printfi.c.obj (.rodata.str1.15363888844622738466.1)
                  00003592    0000000a     ti_msp_dl_config.o (.rodata.gUART_0Config)
                  0000359c    00000008     ti_msp_dl_config.o (.rodata.gPWM_0Config)
                  000035a4    00000003     ti_msp_dl_config.o (.rodata.gTIMER_0ClockConfig)
                  000035a7    00000009     --HOLE-- [fill = 0]

.init_array 
*          0    00000000    00000000     UNINITIALIZED

.binit     0    00000000    00000000     

.data      0    20200000    00000111     UNINITIALIZED
                  20200000    000000f0     libc.a : defs.c.obj (.data._ftable)
                  202000f0    00000004     empty.o (.data.Flag_Stop)
                  202000f4    00000004     empty.o (.data.MA_RPM)
                  202000f8    00000004     empty.o (.data.MB_RPM)
                  202000fc    00000004     motor.o (.data.Velcity_Ki)
                  20200100    00000004     motor.o (.data.Velcity_Kp)
                  20200104    00000004     libc.a : aeabi_portable.c.obj (.data.__aeabi_errno)
                  20200108    00000004            : _lock.c.obj (.data._lock)
                  2020010c    00000004            : _lock.c.obj (.data._unlock)
                  20200110    00000001     key.o (.data.click_N_Double.double_key)

.bss       0    20200114    000000ec     UNINITIALIZED
                  20200114    000000bc     (.common:gPWM_0Backup)
                  202001d0    00000004     motor.o (.bss.Velocity_A.ControlVelocityA)
                  202001d4    00000004     motor.o (.bss.Velocity_A.Last_biasA)
                  202001d8    00000004     motor.o (.bss.Velocity_B.ControlVelocityB)
                  202001dc    00000004     motor.o (.bss.Velocity_B.Last_biasB)
                  202001e0    00000004     (.common:Get_Encoder_countA)
                  202001e4    00000004     (.common:Get_Encoder_countB)
                  202001e8    00000004     (.common:PWMA)
                  202001ec    00000004     (.common:PWMB)
                  202001f0    00000004     (.common:gpio_interrup1)
                  202001f4    00000004     (.common:gpio_interrup2)
                  202001f8    00000002     led.o (.bss.LED_Flash.temp)
                  202001fa    00000002     key.o (.bss.click_N_Double.Forever_count)
                  202001fc    00000002     key.o (.bss.click_N_Double.count_single)
                  202001fe    00000001     key.o (.bss.click_N_Double.count_key)
                  202001ff    00000001     key.o (.bss.click_N_Double.flag_key)

.stack     0    20207e00    00000200     UNINITIALIZED
                  20207e00    00000004     libc.a : boot_cortex_m.c.obj (.stack)
                  20207e04    000001fc     --HOLE--

__llvm_prf_cnts 
*          0    20200000    00000000     UNINITIALIZED

__llvm_prf_bits 
*          0    20200000    00000000     UNINITIALIZED

MODULE SUMMARY

       Module                         code    ro data   rw data
       ------                         ----    -------   -------
    .\
       ti_msp_dl_config.o             1846    86        188    
       empty.o                        438     30        20     
       startup_mspm0g350x_ticlang.o   8       192       0      
    +--+------------------------------+-------+---------+---------+
       Total:                         2292    308       208    
                                                               
    .\Hardware\
       motor.o                        704     0         24     
       encoder.o                      442     0         16     
       key.o                          366     0         7      
       board.o                        170     0         0      
       led.o                          152     0         2      
    +--+------------------------------+-------+---------+---------+
       Total:                         1834    0         49     
                                                               
    D:/ti/mspm0_sdk_2_01_00_03/source/ti/driverlib/lib/ticlang/m0p/mspm0g1x0x_g3x0x/driverlib.a
       dl_timer.o                     652     0         0      
       dl_sysctl_mspm0g1x0x_g3x0x.o   288     0         0      
       dl_uart.o                      90      0         0      
       dl_common.o                    10      0         0      
    +--+------------------------------+-------+---------+---------+
       Total:                         1040    0         0      
                                                               
    D:\ti\ccs2020\ccs\tools\compiler\ti-cgt-armllvm_4.0.3.LTS\lib\armv6m-ti-none-eabi/c/libc.a
       _printfi.c.obj                 4510    34        0      
       aeabi_ctype.S.obj              0       257       0      
       defs.c.obj                     0       0         240    
       s_scalbn.c.obj                 216     0         0      
       copy_decompress_lzss.c.obj     124     0         0      
       printf.c.obj                   108     0         0      
       s_frexp.c.obj                  92      0         0      
       _ltoa.c.obj                    88      0         0      
       atoi.c.obj                     64      0         0      
       autoinit.c.obj                 60      0         0      
       boot_cortex_m.c.obj            40      0         0      
       memccpy.c.obj                  34      0         0      
       copy_zero_init.c.obj           22      0         0      
       copy_decompress_none.c.obj     18      0         0      
       memcpy16.S.obj                 18      0         0      
       wcslen.c.obj                   16      0         0      
       memset16.S.obj                 14      0         0      
       aeabi_portable.c.obj           8       0         4      
       _lock.c.obj                    2       0         8      
       exit.c.obj                     6       0         0      
       pre_init.c.obj                 4       0         0      
    +--+------------------------------+-------+---------+---------+
       Total:                         5444    291       252    
                                                               
    D:\ti\ccs2020\ccs\tools\compiler\ti-cgt-armllvm_4.0.3.LTS\lib\armv6m-ti-none-eabi/c/libsysbm.a
       hostexit.c.obj                 4       0         0      
    +--+------------------------------+-------+---------+---------+
       Total:                         4       0         0      
                                                               
    D:\ti\ccs2020\ccs\tools\compiler\ti-cgt-armllvm_4.0.3.LTS\lib\armv6m-ti-none-eabi/libclang_rt.builtins.a
       adddf3.S.obj                   418     0         0      
       divdf3.S.obj                   268     0         0      
       muldf3.S.obj                   228     0         0      
       comparedf2.c.obj               220     0         0      
       addsf3.S.obj                   216     0         0      
       udivmoddi4.S.obj               162     0         0      
       mulsf3.S.obj                   140     0         0      
       divsf3.S.obj                   130     0         0      
       aeabi_dcmp.S.obj               98      0         0      
       aeabi_idivmod.S.obj            86      0         0      
       fixdfsi.S.obj                  74      0         0      
       aeabi_uidivmod.S.obj           64      0         0      
       extendsfdf2.S.obj              64      0         0      
       floatsisf.S.obj                60      0         0      
       muldsi3.S.obj                  58      0         0      
       fixsfsi.S.obj                  56      0         0      
       floatsidf.S.obj                44      0         0      
       muldi3.S.obj                   36      0         0      
       ashldi3.S.obj                  30      0         0      
       aeabi_uldivmod.S.obj           20      0         0      
       aeabi_memset.S.obj             14      0         0      
       aeabi_memcpy.S.obj             8       0         0      
       aeabi_div0.c.obj               4       0         0      
    +--+------------------------------+-------+---------+---------+
       Total:                         2498    0         0      
                                                               
       Stack:                         0       0         512    
       Linker Generated:              0       90        0      
    +--+------------------------------+-------+---------+---------+
       Grand Total:                   13112   689       1021   


LINKER GENERATED COPY TABLES

__TI_cinit_table @ 000035fc records: 2, size/record: 8, table size: 16
	.data: load addr=000035b0, load size=00000036 bytes, run addr=20200000, run size=00000111 bytes, compression=lzss
	.bss: load addr=000035f4, load size=00000008 bytes, run addr=20200114, run size=000000ec bytes, compression=zero_init


LINKER GENERATED HANDLER TABLE

__TI_handler_table @ 000035e8 records: 3, size/record: 4, table size: 12
	index: 0, handler: __TI_decompress_lzss
	index: 1, handler: __TI_decompress_none
	index: 2, handler: __TI_zero_init


FAR CALL TRAMPOLINES

callee name               trampoline name
   callee addr  tramp addr   call addr  call info
--------------  -----------  ---------  ----------------
__aeabi_dsub              $Tramp$TT$L$PI$$__aeabi_dsub
   00000e8d     000033b8     000033b4   libc.a : _printfi.c.obj (.text.OUTLINED_FUNCTION_0)

[1 trampolines]
[1 trampoline calls]


GLOBAL SYMBOLS: SORTED ALPHABETICALLY BY Name 

address   name                                 
-------   ----                                 
000033fb  ADC0_IRQHandler                      
000033fb  ADC1_IRQHandler                      
000033fb  AES_IRQHandler                       
000033fe  C$$EXIT                              
000033fb  CANFD0_IRQHandler                    
000027d5  Calculate_Motor_RPM                  
000033fb  DAC0_IRQHandler                      
000033a3  DL_Common_delayCycles                
00001999  DL_SYSCTL_configSYSPLL               
000029a1  DL_SYSCTL_switchMCLKfromSYSOSCtoHSCLK
00002169  DL_TimerA_initPWMMode                
00001c25  DL_Timer_initPWMMode                 
000017cd  DL_Timer_initTimerMode               
00002fb1  DL_Timer_setCaptCompUpdateMethod     
000030f1  DL_Timer_setCaptureCompareOutCtl     
00003349  DL_Timer_setCaptureCompareValue      
00002fcd  DL_Timer_setClockConfig              
00002959  DL_UART_init                         
000032f3  DL_UART_setClockConfig               
000033fb  DMA_IRQHandler                       
000033fb  Default_Handler                      
202000f0  Flag_Stop                            
000033fb  GROUP0_IRQHandler                    
00001289  GROUP1_IRQHandler                    
202001e0  Get_Encoder_countA                   
202001e4  Get_Encoder_countB                   
000033ff  HOSTexit                             
000033fb  HardFault_Handler                    
000033fb  I2C0_IRQHandler                      
000033fb  I2C1_IRQHandler                      
00002c39  Key                                  
000029e5  LED_Flash                            
00003291  LED_ON                               
000032a5  LED_Toggle                           
202000f4  MA_RPM                               
202000f8  MB_RPM                               
000033fb  NMI_Handler                          
202001e8  PWMA                                 
202001ec  PWMB                                 
000033fb  PendSV_Handler                       
000033fb  RTC_IRQHandler                       
00003403  Reset_Handler                        
000033fb  SPI0_IRQHandler                      
000033fb  SPI1_IRQHandler                      
000033fb  SVC_Handler                          
000016e1  SYSCFG_DL_GPIO_init                  
000021e9  SYSCFG_DL_PWM_0_init                 
000028c1  SYSCFG_DL_SYSCTL_init                
00003359  SYSCFG_DL_SYSTICK_init               
00002bd5  SYSCFG_DL_TIMER_0_init               
00002569  SYSCFG_DL_UART_0_init                
00002c65  SYSCFG_DL_init                       
000023cd  SYSCFG_DL_initPower                  
000014c9  Set_PWM                              
000033fb  SysTick_Handler                      
000033fb  TIMA0_IRQHandler                     
000033fb  TIMA1_IRQHandler                     
00001e71  TIMG0_IRQHandler                     
000033fb  TIMG12_IRQHandler                    
000033fb  TIMG6_IRQHandler                     
000033fb  TIMG7_IRQHandler                     
000033fb  TIMG8_IRQHandler                     
00003305  TI_memcpy_small                      
00003395  TI_memset_small                      
000033fb  UART0_IRQHandler                     
000033fb  UART1_IRQHandler                     
000033fb  UART2_IRQHandler                     
000033fb  UART3_IRQHandler                     
202000fc  Velcity_Ki                           
20200100  Velcity_Kp                           
00001ce9  Velocity_A                           
00001dad  Velocity_B                           
20208000  __STACK_END                          
00000200  __STACK_SIZE                         
00000000  __TI_ATRegion0_region_sz             
00000000  __TI_ATRegion0_src_addr              
00000000  __TI_ATRegion0_trg_addr              
00000000  __TI_ATRegion1_region_sz             
00000000  __TI_ATRegion1_src_addr              
00000000  __TI_ATRegion1_trg_addr              
00000000  __TI_ATRegion2_region_sz             
00000000  __TI_ATRegion2_src_addr              
00000000  __TI_ATRegion2_trg_addr              
000035fc  __TI_CINIT_Base                      
0000360c  __TI_CINIT_Limit                     
0000360c  __TI_CINIT_Warm                      
000035e8  __TI_Handler_Table_Base              
000035f4  __TI_Handler_Table_Limit             
00002b25  __TI_auto_init_nobinit_nopinit       
00002269  __TI_decompress_lzss                 
00003317  __TI_decompress_none                 
0000267d  __TI_ltoa                            
ffffffff  __TI_pprof_out_hndl                  
000000c1  __TI_printfi                         
ffffffff  __TI_prof_data_size                  
ffffffff  __TI_prof_data_start                 
00000000  __TI_static_base__                   
000031ef  __TI_zero_init_nomemset              
00000e97  __adddf3                             
00001b57  __addsf3                             
00003410  __aeabi_ctype_table_                 
00003410  __aeabi_ctype_table_C                
0000290d  __aeabi_d2iz                         
00000e97  __aeabi_dadd                         
00002505  __aeabi_dcmpeq                       
00002541  __aeabi_dcmpge                       
00002555  __aeabi_dcmpgt                       
0000252d  __aeabi_dcmple                       
00002519  __aeabi_dcmplt                       
000015d5  __aeabi_ddiv                         
000018b5  __aeabi_dmul                         
00000e8d  __aeabi_dsub                         
20200104  __aeabi_errno                        
000033d5  __aeabi_errno_addr                   
00002a69  __aeabi_f2d                          
00002b9d  __aeabi_f2iz                         
00001b57  __aeabi_fadd                         
000020e5  __aeabi_fdiv                         
00001fd5  __aeabi_fmul                         
00001b4d  __aeabi_fsub                         
00002ce9  __aeabi_i2d                          
00002ae9  __aeabi_i2f                          
0000272d  __aeabi_idiv                         
0000101f  __aeabi_idiv0                        
0000272d  __aeabi_idivmod                      
00001fd3  __aeabi_ldiv0                        
00002eb1  __aeabi_llsl                         
00002e09  __aeabi_lmul                         
000033dd  __aeabi_memcpy                       
000033dd  __aeabi_memcpy4                      
000033dd  __aeabi_memcpy8                      
00003379  __aeabi_memset                       
00003379  __aeabi_memset4                      
00003379  __aeabi_memset8                      
00002a29  __aeabi_uidiv                        
00002a29  __aeabi_uidivmod                     
000032b9  __aeabi_uldivmod                     
00002eb1  __ashldi3                            
ffffffff  __binit__                            
00002435  __cmpdf2                             
000015d5  __divdf3                             
000020e5  __divsf3                             
00002435  __eqdf2                              
00002a69  __extendsfdf2                        
0000290d  __fixdfsi                            
00002b9d  __fixsfsi                            
00002ce9  __floatsidf                          
00002ae9  __floatsisf                          
000022e5  __gedf2                              
000022e5  __gtdf2                              
00002435  __ledf2                              
00002435  __ltdf2                              
UNDEFED   __mpu_init                           
000018b5  __muldf3                             
00002e09  __muldi3                             
00002b61  __muldsi3                            
00001fd5  __mulsf3                             
00002435  __nedf2                              
20207e00  __stack                              
20200000  __start___llvm_prf_bits              
20200000  __start___llvm_prf_cnts              
20200000  __stop___llvm_prf_bits               
20200000  __stop___llvm_prf_cnts               
00000e8d  __subdf3                             
00001b4d  __subsf3                             
00001f31  __udivmoddi4                         
00002de1  _c_int00_noargs                      
20200000  _ftable                              
20200108  _lock                                
00002167  _nop                                 
UNDEFED   _system_post_cinit                   
00003407  _system_pre_init                     
2020010c  _unlock                              
000033f5  abort                                
00002aa9  atoi                                 
ffffffff  binit                                
0000115d  click_N_Double                       
00002d15  fputc                                
00002825  fputs                                
000025c5  frexp                                
000025c5  frexpl                               
20200114  gPWM_0Backup                         
202001f0  gpio_interrup1                       
202001f4  gpio_interrup2                       
00000000  interruptVectors                     
00001a75  ldexp                                
00001a75  ldexpl                               
00002359  main                                 
00002e2d  memccpy                              
00002621  printf                               
00001a75  scalbn                               
00001a75  scalbnl                              
00003369  wcslen                               


GLOBAL SYMBOLS: SORTED BY Symbol Address 

address   name                                 
-------   ----                                 
00000000  __TI_ATRegion0_region_sz             
00000000  __TI_ATRegion0_src_addr              
00000000  __TI_ATRegion0_trg_addr              
00000000  __TI_ATRegion1_region_sz             
00000000  __TI_ATRegion1_src_addr              
00000000  __TI_ATRegion1_trg_addr              
00000000  __TI_ATRegion2_region_sz             
00000000  __TI_ATRegion2_src_addr              
00000000  __TI_ATRegion2_trg_addr              
00000000  __TI_static_base__                   
00000000  interruptVectors                     
000000c1  __TI_printfi                         
00000200  __STACK_SIZE                         
00000e8d  __aeabi_dsub                         
00000e8d  __subdf3                             
00000e97  __adddf3                             
00000e97  __aeabi_dadd                         
0000101f  __aeabi_idiv0                        
0000115d  click_N_Double                       
00001289  GROUP1_IRQHandler                    
000014c9  Set_PWM                              
000015d5  __aeabi_ddiv                         
000015d5  __divdf3                             
000016e1  SYSCFG_DL_GPIO_init                  
000017cd  DL_Timer_initTimerMode               
000018b5  __aeabi_dmul                         
000018b5  __muldf3                             
00001999  DL_SYSCTL_configSYSPLL               
00001a75  ldexp                                
00001a75  ldexpl                               
00001a75  scalbn                               
00001a75  scalbnl                              
00001b4d  __aeabi_fsub                         
00001b4d  __subsf3                             
00001b57  __addsf3                             
00001b57  __aeabi_fadd                         
00001c25  DL_Timer_initPWMMode                 
00001ce9  Velocity_A                           
00001dad  Velocity_B                           
00001e71  TIMG0_IRQHandler                     
00001f31  __udivmoddi4                         
00001fd3  __aeabi_ldiv0                        
00001fd5  __aeabi_fmul                         
00001fd5  __mulsf3                             
000020e5  __aeabi_fdiv                         
000020e5  __divsf3                             
00002167  _nop                                 
00002169  DL_TimerA_initPWMMode                
000021e9  SYSCFG_DL_PWM_0_init                 
00002269  __TI_decompress_lzss                 
000022e5  __gedf2                              
000022e5  __gtdf2                              
00002359  main                                 
000023cd  SYSCFG_DL_initPower                  
00002435  __cmpdf2                             
00002435  __eqdf2                              
00002435  __ledf2                              
00002435  __ltdf2                              
00002435  __nedf2                              
00002505  __aeabi_dcmpeq                       
00002519  __aeabi_dcmplt                       
0000252d  __aeabi_dcmple                       
00002541  __aeabi_dcmpge                       
00002555  __aeabi_dcmpgt                       
00002569  SYSCFG_DL_UART_0_init                
000025c5  frexp                                
000025c5  frexpl                               
00002621  printf                               
0000267d  __TI_ltoa                            
0000272d  __aeabi_idiv                         
0000272d  __aeabi_idivmod                      
000027d5  Calculate_Motor_RPM                  
00002825  fputs                                
000028c1  SYSCFG_DL_SYSCTL_init                
0000290d  __aeabi_d2iz                         
0000290d  __fixdfsi                            
00002959  DL_UART_init                         
000029a1  DL_SYSCTL_switchMCLKfromSYSOSCtoHSCLK
000029e5  LED_Flash                            
00002a29  __aeabi_uidiv                        
00002a29  __aeabi_uidivmod                     
00002a69  __aeabi_f2d                          
00002a69  __extendsfdf2                        
00002aa9  atoi                                 
00002ae9  __aeabi_i2f                          
00002ae9  __floatsisf                          
00002b25  __TI_auto_init_nobinit_nopinit       
00002b61  __muldsi3                            
00002b9d  __aeabi_f2iz                         
00002b9d  __fixsfsi                            
00002bd5  SYSCFG_DL_TIMER_0_init               
00002c39  Key                                  
00002c65  SYSCFG_DL_init                       
00002ce9  __aeabi_i2d                          
00002ce9  __floatsidf                          
00002d15  fputc                                
00002de1  _c_int00_noargs                      
00002e09  __aeabi_lmul                         
00002e09  __muldi3                             
00002e2d  memccpy                              
00002eb1  __aeabi_llsl                         
00002eb1  __ashldi3                            
00002fb1  DL_Timer_setCaptCompUpdateMethod     
00002fcd  DL_Timer_setClockConfig              
000030f1  DL_Timer_setCaptureCompareOutCtl     
000031ef  __TI_zero_init_nomemset              
00003291  LED_ON                               
000032a5  LED_Toggle                           
000032b9  __aeabi_uldivmod                     
000032f3  DL_UART_setClockConfig               
00003305  TI_memcpy_small                      
00003317  __TI_decompress_none                 
00003349  DL_Timer_setCaptureCompareValue      
00003359  SYSCFG_DL_SYSTICK_init               
00003369  wcslen                               
00003379  __aeabi_memset                       
00003379  __aeabi_memset4                      
00003379  __aeabi_memset8                      
00003395  TI_memset_small                      
000033a3  DL_Common_delayCycles                
000033d5  __aeabi_errno_addr                   
000033dd  __aeabi_memcpy                       
000033dd  __aeabi_memcpy4                      
000033dd  __aeabi_memcpy8                      
000033f5  abort                                
000033fb  ADC0_IRQHandler                      
000033fb  ADC1_IRQHandler                      
000033fb  AES_IRQHandler                       
000033fb  CANFD0_IRQHandler                    
000033fb  DAC0_IRQHandler                      
000033fb  DMA_IRQHandler                       
000033fb  Default_Handler                      
000033fb  GROUP0_IRQHandler                    
000033fb  HardFault_Handler                    
000033fb  I2C0_IRQHandler                      
000033fb  I2C1_IRQHandler                      
000033fb  NMI_Handler                          
000033fb  PendSV_Handler                       
000033fb  RTC_IRQHandler                       
000033fb  SPI0_IRQHandler                      
000033fb  SPI1_IRQHandler                      
000033fb  SVC_Handler                          
000033fb  SysTick_Handler                      
000033fb  TIMA0_IRQHandler                     
000033fb  TIMA1_IRQHandler                     
000033fb  TIMG12_IRQHandler                    
000033fb  TIMG6_IRQHandler                     
000033fb  TIMG7_IRQHandler                     
000033fb  TIMG8_IRQHandler                     
000033fb  UART0_IRQHandler                     
000033fb  UART1_IRQHandler                     
000033fb  UART2_IRQHandler                     
000033fb  UART3_IRQHandler                     
000033fe  C$$EXIT                              
000033ff  HOSTexit                             
00003403  Reset_Handler                        
00003407  _system_pre_init                     
00003410  __aeabi_ctype_table_                 
00003410  __aeabi_ctype_table_C                
000035e8  __TI_Handler_Table_Base              
000035f4  __TI_Handler_Table_Limit             
000035fc  __TI_CINIT_Base                      
0000360c  __TI_CINIT_Limit                     
0000360c  __TI_CINIT_Warm                      
20200000  __start___llvm_prf_bits              
20200000  __start___llvm_prf_cnts              
20200000  __stop___llvm_prf_bits               
20200000  __stop___llvm_prf_cnts               
20200000  _ftable                              
202000f0  Flag_Stop                            
202000f4  MA_RPM                               
202000f8  MB_RPM                               
202000fc  Velcity_Ki                           
20200100  Velcity_Kp                           
20200104  __aeabi_errno                        
20200108  _lock                                
2020010c  _unlock                              
20200114  gPWM_0Backup                         
202001e0  Get_Encoder_countA                   
202001e4  Get_Encoder_countB                   
202001e8  PWMA                                 
202001ec  PWMB                                 
202001f0  gpio_interrup1                       
202001f4  gpio_interrup2                       
20207e00  __stack                              
20208000  __STACK_END                          
ffffffff  __TI_pprof_out_hndl                  
ffffffff  __TI_prof_data_size                  
ffffffff  __TI_prof_data_start                 
ffffffff  __binit__                            
ffffffff  binit                                
UNDEFED   __mpu_init                           
UNDEFED   _system_post_cinit                   

[193 symbols]
