<?xml version="1.0" encoding="ISO-8859-1" ?>
<link_info>
   <banner>TI ARM Clang Linker PC v4.0.3.LTS</banner>
   <copyright>Copyright (c) 1996-2018 Texas Instruments Incorporated</copyright>
   <command_line>C:\ti\ccs2020\ccs\tools\compiler\ti-cgt-armllvm_4.0.3.LTS\bin\tiarmlnk -IC:\ti\ccs2020\ccs\tools\compiler\ti-cgt-armllvm_4.0.3.LTS\lib -o motor.out -mmotor.map -iC:/ti/mspm0_sdk_2_01_00_03/source -iC:/Users/ASUS/workspace_ccstheia/motor -iC:/Users/ASUS/workspace_ccstheia/motor/Debug/syscfg -iC:/ti/ccs2020/ccs/tools/compiler/ti-cgt-armllvm_4.0.3.LTS/lib --diag_wrap=off --display_error_number --warn_sections --xml_link_info=motor_linkInfo.xml --rom_model ./empty.o ./ti_msp_dl_config.o ./startup_mspm0g350x_ticlang.o ./Hardware/board.o ./Hardware/encoder.o ./Hardware/key.o ./Hardware/led.o ./Hardware/motor.o -l./device_linker.cmd -ldevice.cmd.genlibs -llibc.a --start-group -llibc++.a -llibc++abi.a -llibc.a -llibsys.a -llibsysbm.a -llibclang_rt.builtins.a -llibclang_rt.profile.a --end-group --cg_opt_level=0</command_line>
   <link_time>0x68872e73</link_time>
   <link_errors>0x0</link_errors>
   <output_file>C:\Users\ASUS\workspace_ccstheia\motor\Debug\motor.out</output_file>
   <entry_point>
      <name>_c_int00_noargs</name>
      <address>0x2c75</address>
   </entry_point>
   <input_file_list>
      <input_file id="fl-1">
         <path>C:\Users\ASUS\workspace_ccstheia\motor\Debug\.\</path>
         <kind>object</kind>
         <file>empty.o</file>
         <name>empty.o</name>
      </input_file>
      <input_file id="fl-2">
         <path>C:\Users\ASUS\workspace_ccstheia\motor\Debug\.\</path>
         <kind>object</kind>
         <file>ti_msp_dl_config.o</file>
         <name>ti_msp_dl_config.o</name>
      </input_file>
      <input_file id="fl-3">
         <path>C:\Users\ASUS\workspace_ccstheia\motor\Debug\.\</path>
         <kind>object</kind>
         <file>startup_mspm0g350x_ticlang.o</file>
         <name>startup_mspm0g350x_ticlang.o</name>
      </input_file>
      <input_file id="fl-4">
         <path>C:\Users\ASUS\workspace_ccstheia\motor\Debug\.\Hardware\</path>
         <kind>object</kind>
         <file>board.o</file>
         <name>board.o</name>
      </input_file>
      <input_file id="fl-5">
         <path>C:\Users\ASUS\workspace_ccstheia\motor\Debug\.\Hardware\</path>
         <kind>object</kind>
         <file>encoder.o</file>
         <name>encoder.o</name>
      </input_file>
      <input_file id="fl-6">
         <path>C:\Users\ASUS\workspace_ccstheia\motor\Debug\.\Hardware\</path>
         <kind>object</kind>
         <file>key.o</file>
         <name>key.o</name>
      </input_file>
      <input_file id="fl-7">
         <path>C:\Users\ASUS\workspace_ccstheia\motor\Debug\.\Hardware\</path>
         <kind>object</kind>
         <file>led.o</file>
         <name>led.o</name>
      </input_file>
      <input_file id="fl-8">
         <path>C:\Users\ASUS\workspace_ccstheia\motor\Debug\.\Hardware\</path>
         <kind>object</kind>
         <file>motor.o</file>
         <name>motor.o</name>
      </input_file>
      <input_file id="fl-15">
         <path>C:\Users\ASUS\workspace_ccstheia\motor\Debug\</path>
         <kind>object</kind>
         <file>&lt;internal&gt;</file>
         <name>&lt;internal&gt;</name>
      </input_file>
      <input_file id="fl-16">
         <path>C:\ti\mspm0_sdk_2_01_00_03\source\ti\driverlib\lib\ticlang\m0p\mspm0g1x0x_g3x0x\</path>
         <kind>archive</kind>
         <file>driverlib.a</file>
         <name>dl_common.o</name>
      </input_file>
      <input_file id="fl-17">
         <path>C:\ti\mspm0_sdk_2_01_00_03\source\ti\driverlib\lib\ticlang\m0p\mspm0g1x0x_g3x0x\</path>
         <kind>archive</kind>
         <file>driverlib.a</file>
         <name>dl_timer.o</name>
      </input_file>
      <input_file id="fl-18">
         <path>C:\ti\mspm0_sdk_2_01_00_03\source\ti\driverlib\lib\ticlang\m0p\mspm0g1x0x_g3x0x\</path>
         <kind>archive</kind>
         <file>driverlib.a</file>
         <name>dl_uart.o</name>
      </input_file>
      <input_file id="fl-19">
         <path>C:\ti\mspm0_sdk_2_01_00_03\source\ti\driverlib\lib\ticlang\m0p\mspm0g1x0x_g3x0x\</path>
         <kind>archive</kind>
         <file>driverlib.a</file>
         <name>dl_sysctl_mspm0g1x0x_g3x0x.o</name>
      </input_file>
      <input_file id="fl-30">
         <path>C:\ti\ccs2020\ccs\tools\compiler\ti-cgt-armllvm_4.0.3.LTS\lib\armv6m-ti-none-eabi\c\</path>
         <kind>archive</kind>
         <file>libc.a</file>
         <name>printf.c.obj</name>
      </input_file>
      <input_file id="fl-31">
         <path>C:\ti\ccs2020\ccs\tools\compiler\ti-cgt-armllvm_4.0.3.LTS\lib\armv6m-ti-none-eabi\c\</path>
         <kind>archive</kind>
         <file>libc.a</file>
         <name>_printfi.c.obj</name>
      </input_file>
      <input_file id="fl-32">
         <path>C:\ti\ccs2020\ccs\tools\compiler\ti-cgt-armllvm_4.0.3.LTS\lib\armv6m-ti-none-eabi\c\</path>
         <kind>archive</kind>
         <file>libc.a</file>
         <name>s_frexp.c.obj</name>
      </input_file>
      <input_file id="fl-33">
         <path>C:\ti\ccs2020\ccs\tools\compiler\ti-cgt-armllvm_4.0.3.LTS\lib\armv6m-ti-none-eabi\c\</path>
         <kind>archive</kind>
         <file>libc.a</file>
         <name>s_scalbn.c.obj</name>
      </input_file>
      <input_file id="fl-34">
         <path>C:\ti\ccs2020\ccs\tools\compiler\ti-cgt-armllvm_4.0.3.LTS\lib\armv6m-ti-none-eabi\c\</path>
         <kind>archive</kind>
         <file>libc.a</file>
         <name>wcslen.c.obj</name>
      </input_file>
      <input_file id="fl-35">
         <path>C:\ti\ccs2020\ccs\tools\compiler\ti-cgt-armllvm_4.0.3.LTS\lib\armv6m-ti-none-eabi\c\</path>
         <kind>archive</kind>
         <file>libc.a</file>
         <name>aeabi_portable.c.obj</name>
      </input_file>
      <input_file id="fl-36">
         <path>C:\ti\ccs2020\ccs\tools\compiler\ti-cgt-armllvm_4.0.3.LTS\lib\armv6m-ti-none-eabi\c\</path>
         <kind>archive</kind>
         <file>libc.a</file>
         <name>_lock.c.obj</name>
      </input_file>
      <input_file id="fl-37">
         <path>C:\ti\ccs2020\ccs\tools\compiler\ti-cgt-armllvm_4.0.3.LTS\lib\armv6m-ti-none-eabi\c\</path>
         <kind>archive</kind>
         <file>libc.a</file>
         <name>_ltoa.c.obj</name>
      </input_file>
      <input_file id="fl-38">
         <path>C:\ti\ccs2020\ccs\tools\compiler\ti-cgt-armllvm_4.0.3.LTS\lib\armv6m-ti-none-eabi\c\</path>
         <kind>archive</kind>
         <file>libc.a</file>
         <name>assert.c.obj</name>
      </input_file>
      <input_file id="fl-39">
         <path>C:\ti\ccs2020\ccs\tools\compiler\ti-cgt-armllvm_4.0.3.LTS\lib\armv6m-ti-none-eabi\c\</path>
         <kind>archive</kind>
         <file>libc.a</file>
         <name>atoi.c.obj</name>
      </input_file>
      <input_file id="fl-3a">
         <path>C:\ti\ccs2020\ccs\tools\compiler\ti-cgt-armllvm_4.0.3.LTS\lib\armv6m-ti-none-eabi\c\</path>
         <kind>archive</kind>
         <file>libc.a</file>
         <name>defs.c.obj</name>
      </input_file>
      <input_file id="fl-3b">
         <path>C:\ti\ccs2020\ccs\tools\compiler\ti-cgt-armllvm_4.0.3.LTS\lib\armv6m-ti-none-eabi\c\</path>
         <kind>archive</kind>
         <file>libc.a</file>
         <name>memccpy.c.obj</name>
      </input_file>
      <input_file id="fl-3c">
         <path>C:\ti\ccs2020\ccs\tools\compiler\ti-cgt-armllvm_4.0.3.LTS\lib\armv6m-ti-none-eabi\c\</path>
         <kind>archive</kind>
         <file>libc.a</file>
         <name>memory.c.obj</name>
      </input_file>
      <input_file id="fl-3d">
         <path>C:\ti\ccs2020\ccs\tools\compiler\ti-cgt-armllvm_4.0.3.LTS\lib\armv6m-ti-none-eabi\c\</path>
         <kind>archive</kind>
         <file>libc.a</file>
         <name>boot_cortex_m.c.obj</name>
      </input_file>
      <input_file id="fl-3e">
         <path>C:\ti\ccs2020\ccs\tools\compiler\ti-cgt-armllvm_4.0.3.LTS\lib\armv6m-ti-none-eabi\c\</path>
         <kind>archive</kind>
         <file>libc.a</file>
         <name>mathacl_init.c.obj</name>
      </input_file>
      <input_file id="fl-3f">
         <path>C:\ti\ccs2020\ccs\tools\compiler\ti-cgt-armllvm_4.0.3.LTS\lib\armv6m-ti-none-eabi\c\</path>
         <kind>archive</kind>
         <file>libc.a</file>
         <name>autoinit.c.obj</name>
      </input_file>
      <input_file id="fl-40">
         <path>C:\ti\ccs2020\ccs\tools\compiler\ti-cgt-armllvm_4.0.3.LTS\lib\armv6m-ti-none-eabi\c\</path>
         <kind>archive</kind>
         <file>libc.a</file>
         <name>pre_init.c.obj</name>
      </input_file>
      <input_file id="fl-41">
         <path>C:\ti\ccs2020\ccs\tools\compiler\ti-cgt-armllvm_4.0.3.LTS\lib\armv6m-ti-none-eabi\c\</path>
         <kind>archive</kind>
         <file>libc.a</file>
         <name>cpy_tbl.c.obj</name>
      </input_file>
      <input_file id="fl-42">
         <path>C:\ti\ccs2020\ccs\tools\compiler\ti-cgt-armllvm_4.0.3.LTS\lib\armv6m-ti-none-eabi\c\</path>
         <kind>archive</kind>
         <file>libc.a</file>
         <name>copy_zero_init.c.obj</name>
      </input_file>
      <input_file id="fl-43">
         <path>C:\ti\ccs2020\ccs\tools\compiler\ti-cgt-armllvm_4.0.3.LTS\lib\armv6m-ti-none-eabi\c\</path>
         <kind>archive</kind>
         <file>libc.a</file>
         <name>copy_decompress_none.c.obj</name>
      </input_file>
      <input_file id="fl-44">
         <path>C:\ti\ccs2020\ccs\tools\compiler\ti-cgt-armllvm_4.0.3.LTS\lib\armv6m-ti-none-eabi\c\</path>
         <kind>archive</kind>
         <file>libc.a</file>
         <name>copy_decompress_lzss.c.obj</name>
      </input_file>
      <input_file id="fl-45">
         <path>C:\ti\ccs2020\ccs\tools\compiler\ti-cgt-armllvm_4.0.3.LTS\lib\armv6m-ti-none-eabi\c\</path>
         <kind>archive</kind>
         <file>libc.a</file>
         <name>sprintf.c.obj</name>
      </input_file>
      <input_file id="fl-46">
         <path>C:\ti\ccs2020\ccs\tools\compiler\ti-cgt-armllvm_4.0.3.LTS\lib\armv6m-ti-none-eabi\c\</path>
         <kind>archive</kind>
         <file>libc.a</file>
         <name>fflush.c.obj</name>
      </input_file>
      <input_file id="fl-47">
         <path>C:\ti\ccs2020\ccs\tools\compiler\ti-cgt-armllvm_4.0.3.LTS\lib\armv6m-ti-none-eabi\c\</path>
         <kind>archive</kind>
         <file>libc.a</file>
         <name>aeabi_ctype.S.obj</name>
      </input_file>
      <input_file id="fl-48">
         <path>C:\ti\ccs2020\ccs\tools\compiler\ti-cgt-armllvm_4.0.3.LTS\lib\armv6m-ti-none-eabi\c\</path>
         <kind>archive</kind>
         <file>libc.a</file>
         <name>exit.c.obj</name>
      </input_file>
      <input_file id="fl-49">
         <path>C:\ti\ccs2020\ccs\tools\compiler\ti-cgt-armllvm_4.0.3.LTS\lib\armv6m-ti-none-eabi\c\</path>
         <kind>archive</kind>
         <file>libc.a</file>
         <name>args_main.c.obj</name>
      </input_file>
      <input_file id="fl-e9">
         <path>C:\ti\ccs2020\ccs\tools\compiler\ti-cgt-armllvm_4.0.3.LTS\lib\armv6m-ti-none-eabi\c\</path>
         <kind>archive</kind>
         <file>libsysbm.a</file>
         <name>hostexit.c.obj</name>
      </input_file>
      <input_file id="fl-ea">
         <path>C:\ti\ccs2020\ccs\tools\compiler\ti-cgt-armllvm_4.0.3.LTS\lib\armv6m-ti-none-eabi\c\</path>
         <kind>archive</kind>
         <file>libsysbm.a</file>
         <name>write.c.obj</name>
      </input_file>
      <input_file id="fl-eb">
         <path>C:\ti\ccs2020\ccs\tools\compiler\ti-cgt-armllvm_4.0.3.LTS\lib\armv6m-ti-none-eabi\c\</path>
         <kind>archive</kind>
         <file>libsysbm.a</file>
         <name>host_device.c.obj</name>
      </input_file>
      <input_file id="fl-ec">
         <path>C:\ti\ccs2020\ccs\tools\compiler\ti-cgt-armllvm_4.0.3.LTS\lib\armv6m-ti-none-eabi\c\</path>
         <kind>archive</kind>
         <file>libsysbm.a</file>
         <name>hostclose.c.obj</name>
      </input_file>
      <input_file id="fl-ed">
         <path>C:\ti\ccs2020\ccs\tools\compiler\ti-cgt-armllvm_4.0.3.LTS\lib\armv6m-ti-none-eabi\c\</path>
         <kind>archive</kind>
         <file>libsysbm.a</file>
         <name>hostlseek.c.obj</name>
      </input_file>
      <input_file id="fl-ee">
         <path>C:\ti\ccs2020\ccs\tools\compiler\ti-cgt-armllvm_4.0.3.LTS\lib\armv6m-ti-none-eabi\c\</path>
         <kind>archive</kind>
         <file>libsysbm.a</file>
         <name>hostopen.c.obj</name>
      </input_file>
      <input_file id="fl-ef">
         <path>C:\ti\ccs2020\ccs\tools\compiler\ti-cgt-armllvm_4.0.3.LTS\lib\armv6m-ti-none-eabi\c\</path>
         <kind>archive</kind>
         <file>libsysbm.a</file>
         <name>hostread.c.obj</name>
      </input_file>
      <input_file id="fl-f0">
         <path>C:\ti\ccs2020\ccs\tools\compiler\ti-cgt-armllvm_4.0.3.LTS\lib\armv6m-ti-none-eabi\c\</path>
         <kind>archive</kind>
         <file>libsysbm.a</file>
         <name>hostrename.c.obj</name>
      </input_file>
      <input_file id="fl-f1">
         <path>C:\ti\ccs2020\ccs\tools\compiler\ti-cgt-armllvm_4.0.3.LTS\lib\armv6m-ti-none-eabi\c\</path>
         <kind>archive</kind>
         <file>libsysbm.a</file>
         <name>hostunlink.c.obj</name>
      </input_file>
      <input_file id="fl-f2">
         <path>C:\ti\ccs2020\ccs\tools\compiler\ti-cgt-armllvm_4.0.3.LTS\lib\armv6m-ti-none-eabi\c\</path>
         <kind>archive</kind>
         <file>libsysbm.a</file>
         <name>hostwrite.c.obj</name>
      </input_file>
      <input_file id="fl-f3">
         <path>C:\ti\ccs2020\ccs\tools\compiler\ti-cgt-armllvm_4.0.3.LTS\lib\armv6m-ti-none-eabi\c\</path>
         <kind>archive</kind>
         <file>libsysbm.a</file>
         <name>trgmsg.c.obj</name>
      </input_file>
      <input_file id="fl-f4">
         <path>C:\ti\ccs2020\ccs\tools\compiler\ti-cgt-armllvm_4.0.3.LTS\lib\armv6m-ti-none-eabi\</path>
         <kind>archive</kind>
         <file>libclang_rt.builtins.a</file>
         <name>addsf3.S.obj</name>
      </input_file>
      <input_file id="fl-f5">
         <path>C:\ti\ccs2020\ccs\tools\compiler\ti-cgt-armllvm_4.0.3.LTS\lib\armv6m-ti-none-eabi\</path>
         <kind>archive</kind>
         <file>libclang_rt.builtins.a</file>
         <name>adddf3.S.obj</name>
      </input_file>
      <input_file id="fl-f6">
         <path>C:\ti\ccs2020\ccs\tools\compiler\ti-cgt-armllvm_4.0.3.LTS\lib\armv6m-ti-none-eabi\</path>
         <kind>archive</kind>
         <file>libclang_rt.builtins.a</file>
         <name>muldf3.S.obj</name>
      </input_file>
      <input_file id="fl-f7">
         <path>C:\ti\ccs2020\ccs\tools\compiler\ti-cgt-armllvm_4.0.3.LTS\lib\armv6m-ti-none-eabi\</path>
         <kind>archive</kind>
         <file>libclang_rt.builtins.a</file>
         <name>muldsi3.S.obj</name>
      </input_file>
      <input_file id="fl-f8">
         <path>C:\ti\ccs2020\ccs\tools\compiler\ti-cgt-armllvm_4.0.3.LTS\lib\armv6m-ti-none-eabi\</path>
         <kind>archive</kind>
         <file>libclang_rt.builtins.a</file>
         <name>mulsf3.S.obj</name>
      </input_file>
      <input_file id="fl-f9">
         <path>C:\ti\ccs2020\ccs\tools\compiler\ti-cgt-armllvm_4.0.3.LTS\lib\armv6m-ti-none-eabi\</path>
         <kind>archive</kind>
         <file>libclang_rt.builtins.a</file>
         <name>divsf3.S.obj</name>
      </input_file>
      <input_file id="fl-fa">
         <path>C:\ti\ccs2020\ccs\tools\compiler\ti-cgt-armllvm_4.0.3.LTS\lib\armv6m-ti-none-eabi\</path>
         <kind>archive</kind>
         <file>libclang_rt.builtins.a</file>
         <name>divdf3.S.obj</name>
      </input_file>
      <input_file id="fl-fb">
         <path>C:\ti\ccs2020\ccs\tools\compiler\ti-cgt-armllvm_4.0.3.LTS\lib\armv6m-ti-none-eabi\</path>
         <kind>archive</kind>
         <file>libclang_rt.builtins.a</file>
         <name>extendsfdf2.S.obj</name>
      </input_file>
      <input_file id="fl-fc">
         <path>C:\ti\ccs2020\ccs\tools\compiler\ti-cgt-armllvm_4.0.3.LTS\lib\armv6m-ti-none-eabi\</path>
         <kind>archive</kind>
         <file>libclang_rt.builtins.a</file>
         <name>fixdfsi.S.obj</name>
      </input_file>
      <input_file id="fl-fd">
         <path>C:\ti\ccs2020\ccs\tools\compiler\ti-cgt-armllvm_4.0.3.LTS\lib\armv6m-ti-none-eabi\</path>
         <kind>archive</kind>
         <file>libclang_rt.builtins.a</file>
         <name>fixsfsi.S.obj</name>
      </input_file>
      <input_file id="fl-fe">
         <path>C:\ti\ccs2020\ccs\tools\compiler\ti-cgt-armllvm_4.0.3.LTS\lib\armv6m-ti-none-eabi\</path>
         <kind>archive</kind>
         <file>libclang_rt.builtins.a</file>
         <name>floatsidf.S.obj</name>
      </input_file>
      <input_file id="fl-ff">
         <path>C:\ti\ccs2020\ccs\tools\compiler\ti-cgt-armllvm_4.0.3.LTS\lib\armv6m-ti-none-eabi\</path>
         <kind>archive</kind>
         <file>libclang_rt.builtins.a</file>
         <name>floatsisf.S.obj</name>
      </input_file>
      <input_file id="fl-100">
         <path>C:\ti\ccs2020\ccs\tools\compiler\ti-cgt-armllvm_4.0.3.LTS\lib\armv6m-ti-none-eabi\</path>
         <kind>archive</kind>
         <file>libclang_rt.builtins.a</file>
         <name>muldi3.S.obj</name>
      </input_file>
      <input_file id="fl-101">
         <path>C:\ti\ccs2020\ccs\tools\compiler\ti-cgt-armllvm_4.0.3.LTS\lib\armv6m-ti-none-eabi\</path>
         <kind>archive</kind>
         <file>libclang_rt.builtins.a</file>
         <name>aeabi_dcmp.S.obj</name>
      </input_file>
      <input_file id="fl-102">
         <path>C:\ti\ccs2020\ccs\tools\compiler\ti-cgt-armllvm_4.0.3.LTS\lib\armv6m-ti-none-eabi\</path>
         <kind>archive</kind>
         <file>libclang_rt.builtins.a</file>
         <name>aeabi_idivmod.S.obj</name>
      </input_file>
      <input_file id="fl-103">
         <path>C:\ti\ccs2020\ccs\tools\compiler\ti-cgt-armllvm_4.0.3.LTS\lib\armv6m-ti-none-eabi\</path>
         <kind>archive</kind>
         <file>libclang_rt.builtins.a</file>
         <name>aeabi_memcpy.S.obj</name>
      </input_file>
      <input_file id="fl-104">
         <path>C:\ti\ccs2020\ccs\tools\compiler\ti-cgt-armllvm_4.0.3.LTS\lib\armv6m-ti-none-eabi\</path>
         <kind>archive</kind>
         <file>libclang_rt.builtins.a</file>
         <name>aeabi_memset.S.obj</name>
      </input_file>
      <input_file id="fl-105">
         <path>C:\ti\ccs2020\ccs\tools\compiler\ti-cgt-armllvm_4.0.3.LTS\lib\armv6m-ti-none-eabi\</path>
         <kind>archive</kind>
         <file>libclang_rt.builtins.a</file>
         <name>aeabi_uidivmod.S.obj</name>
      </input_file>
      <input_file id="fl-106">
         <path>C:\ti\ccs2020\ccs\tools\compiler\ti-cgt-armllvm_4.0.3.LTS\lib\armv6m-ti-none-eabi\</path>
         <kind>archive</kind>
         <file>libclang_rt.builtins.a</file>
         <name>aeabi_uldivmod.S.obj</name>
      </input_file>
      <input_file id="fl-107">
         <path>C:\ti\ccs2020\ccs\tools\compiler\ti-cgt-armllvm_4.0.3.LTS\lib\armv6m-ti-none-eabi\</path>
         <kind>archive</kind>
         <file>libclang_rt.builtins.a</file>
         <name>udivmoddi4.S.obj</name>
      </input_file>
      <input_file id="fl-108">
         <path>C:\ti\ccs2020\ccs\tools\compiler\ti-cgt-armllvm_4.0.3.LTS\lib\armv6m-ti-none-eabi\</path>
         <kind>archive</kind>
         <file>libclang_rt.builtins.a</file>
         <name>ashldi3.S.obj</name>
      </input_file>
      <input_file id="fl-109">
         <path>C:\ti\ccs2020\ccs\tools\compiler\ti-cgt-armllvm_4.0.3.LTS\lib\armv6m-ti-none-eabi\</path>
         <kind>archive</kind>
         <file>libclang_rt.builtins.a</file>
         <name>comparedf2.c.obj</name>
      </input_file>
      <input_file id="fl-10a">
         <path>C:\ti\ccs2020\ccs\tools\compiler\ti-cgt-armllvm_4.0.3.LTS\lib\armv6m-ti-none-eabi\</path>
         <kind>archive</kind>
         <file>libclang_rt.builtins.a</file>
         <name>aeabi_div0.c.obj</name>
      </input_file>
      <input_file id="fl-10b">
         <path>C:\ti\ccs2020\ccs\tools\compiler\ti-cgt-armllvm_4.0.3.LTS\lib\armv6m-ti-none-eabi\c\</path>
         <kind>archive</kind>
         <file>libc.a</file>
         <name>memcpy16.S.obj</name>
      </input_file>
      <input_file id="fl-10c">
         <path>C:\ti\ccs2020\ccs\tools\compiler\ti-cgt-armllvm_4.0.3.LTS\lib\armv6m-ti-none-eabi\c\</path>
         <kind>archive</kind>
         <file>libc.a</file>
         <name>memset16.S.obj</name>
      </input_file>
   </input_file_list>
   <object_component_list>
      <object_component id="oc-18">
         <name>.intvecs</name>
         <load_address>0x0</load_address>
         <readonly>true</readonly>
         <run_address>0x0</run_address>
         <size>0xc0</size>
         <alignment>0x4</alignment>
         <input_file_ref idref="fl-3"/>
      </object_component>
      <object_component id="oc-174">
         <name>.text:__TI_printfi</name>
         <load_address>0xc0</load_address>
         <readonly>true</readonly>
         <executable>true</executable>
         <run_address>0xc0</run_address>
         <size>0x9d0</size>
         <alignment>0x4</alignment>
         <input_file_ref idref="fl-31"/>
      </object_component>
      <object_component id="oc-1b5">
         <name>.text._pconv_a</name>
         <load_address>0xa90</load_address>
         <readonly>true</readonly>
         <executable>true</executable>
         <run_address>0xa90</run_address>
         <size>0x220</size>
         <alignment>0x4</alignment>
         <input_file_ref idref="fl-31"/>
      </object_component>
      <object_component id="oc-1ba">
         <name>.text._pconv_g</name>
         <load_address>0xcb0</load_address>
         <readonly>true</readonly>
         <executable>true</executable>
         <run_address>0xcb0</run_address>
         <size>0x1dc</size>
         <alignment>0x4</alignment>
         <input_file_ref idref="fl-31"/>
      </object_component>
      <object_component id="oc-204">
         <name>.text.adddf3_subdf3</name>
         <load_address>0xe8c</load_address>
         <readonly>true</readonly>
         <executable>true</executable>
         <run_address>0xe8c</run_address>
         <size>0x192</size>
         <alignment>0x4</alignment>
         <input_file_ref idref="fl-f5"/>
      </object_component>
      <object_component id="oc-1c4">
         <name>.text.__aeabi_idiv0</name>
         <load_address>0x101e</load_address>
         <readonly>true</readonly>
         <executable>true</executable>
         <run_address>0x101e</run_address>
         <size>0x2</size>
         <alignment>0x2</alignment>
         <input_file_ref idref="fl-10a"/>
      </object_component>
      <object_component id="oc-208">
         <name>.text.fcvt</name>
         <load_address>0x1020</load_address>
         <readonly>true</readonly>
         <executable>true</executable>
         <run_address>0x1020</run_address>
         <size>0x13c</size>
         <alignment>0x4</alignment>
         <input_file_ref idref="fl-31"/>
      </object_component>
      <object_component id="oc-34">
         <name>.text.GROUP1_IRQHandler</name>
         <load_address>0x115c</load_address>
         <readonly>true</readonly>
         <executable>true</executable>
         <run_address>0x115c</run_address>
         <size>0x120</size>
         <alignment>0x4</alignment>
         <input_file_ref idref="fl-5"/>
      </object_component>
      <object_component id="oc-1bc">
         <name>.text._pconv_e</name>
         <load_address>0x127c</load_address>
         <readonly>true</readonly>
         <executable>true</executable>
         <run_address>0x127c</run_address>
         <size>0x120</size>
         <alignment>0x4</alignment>
         <input_file_ref idref="fl-31"/>
      </object_component>
      <object_component id="oc-7a">
         <name>.text.Set_PWM</name>
         <load_address>0x139c</load_address>
         <readonly>true</readonly>
         <executable>true</executable>
         <run_address>0x139c</run_address>
         <size>0x10c</size>
         <alignment>0x4</alignment>
         <input_file_ref idref="fl-8"/>
      </object_component>
      <object_component id="oc-200">
         <name>.text.__divdf3</name>
         <load_address>0x14a8</load_address>
         <readonly>true</readonly>
         <executable>true</executable>
         <run_address>0x14a8</run_address>
         <size>0x10c</size>
         <alignment>0x4</alignment>
         <input_file_ref idref="fl-fa"/>
      </object_component>
      <object_component id="oc-109">
         <name>.text.SYSCFG_DL_GPIO_init</name>
         <load_address>0x15b4</load_address>
         <readonly>true</readonly>
         <executable>true</executable>
         <run_address>0x15b4</run_address>
         <size>0xec</size>
         <alignment>0x4</alignment>
         <input_file_ref idref="fl-2"/>
      </object_component>
      <object_component id="oc-157">
         <name>.text.DL_Timer_initTimerMode</name>
         <load_address>0x16a0</load_address>
         <readonly>true</readonly>
         <executable>true</executable>
         <run_address>0x16a0</run_address>
         <size>0xe8</size>
         <alignment>0x4</alignment>
         <input_file_ref idref="fl-17"/>
      </object_component>
      <object_component id="oc-1f0">
         <name>.text.__muldf3</name>
         <load_address>0x1788</load_address>
         <readonly>true</readonly>
         <executable>true</executable>
         <run_address>0x1788</run_address>
         <size>0xe4</size>
         <alignment>0x4</alignment>
         <input_file_ref idref="fl-f6"/>
      </object_component>
      <object_component id="oc-144">
         <name>.text.DL_SYSCTL_configSYSPLL</name>
         <load_address>0x186c</load_address>
         <readonly>true</readonly>
         <executable>true</executable>
         <run_address>0x186c</run_address>
         <size>0xdc</size>
         <alignment>0x4</alignment>
         <input_file_ref idref="fl-19"/>
      </object_component>
      <object_component id="oc-1df">
         <name>.text.scalbn</name>
         <load_address>0x1948</load_address>
         <readonly>true</readonly>
         <executable>true</executable>
         <run_address>0x1948</run_address>
         <size>0xd8</size>
         <alignment>0x4</alignment>
         <input_file_ref idref="fl-33"/>
      </object_component>
      <object_component id="oc-ab">
         <name>.text</name>
         <load_address>0x1a20</load_address>
         <readonly>true</readonly>
         <executable>true</executable>
         <run_address>0x1a20</run_address>
         <size>0xd8</size>
         <alignment>0x4</alignment>
         <input_file_ref idref="fl-f4"/>
      </object_component>
      <object_component id="oc-18f">
         <name>.text.DL_Timer_initPWMMode</name>
         <load_address>0x1af8</load_address>
         <readonly>true</readonly>
         <executable>true</executable>
         <run_address>0x1af8</run_address>
         <size>0xc4</size>
         <alignment>0x4</alignment>
         <input_file_ref idref="fl-17"/>
      </object_component>
      <object_component id="oc-74">
         <name>.text.Velocity_A</name>
         <load_address>0x1bbc</load_address>
         <readonly>true</readonly>
         <executable>true</executable>
         <run_address>0x1bbc</run_address>
         <size>0xc4</size>
         <alignment>0x4</alignment>
         <input_file_ref idref="fl-8"/>
      </object_component>
      <object_component id="oc-79">
         <name>.text.Velocity_B</name>
         <load_address>0x1c80</load_address>
         <readonly>true</readonly>
         <executable>true</executable>
         <run_address>0x1c80</run_address>
         <size>0xc4</size>
         <alignment>0x4</alignment>
         <input_file_ref idref="fl-8"/>
      </object_component>
      <object_component id="oc-39">
         <name>.text.TIMG0_IRQHandler</name>
         <load_address>0x1d44</load_address>
         <readonly>true</readonly>
         <executable>true</executable>
         <run_address>0x1d44</run_address>
         <size>0xac</size>
         <alignment>0x4</alignment>
         <input_file_ref idref="fl-1"/>
      </object_component>
      <object_component id="oc-1d6">
         <name>.text</name>
         <load_address>0x1df0</load_address>
         <readonly>true</readonly>
         <executable>true</executable>
         <run_address>0x1df0</run_address>
         <size>0xa2</size>
         <alignment>0x4</alignment>
         <input_file_ref idref="fl-107"/>
      </object_component>
      <object_component id="oc-20d">
         <name>.text.__aeabi_ldiv0</name>
         <load_address>0x1e92</load_address>
         <readonly>true</readonly>
         <executable>true</executable>
         <run_address>0x1e92</run_address>
         <size>0x2</size>
         <alignment>0x2</alignment>
         <input_file_ref idref="fl-10a"/>
      </object_component>
      <object_component id="oc-a2">
         <name>.text.__mulsf3</name>
         <load_address>0x1e94</load_address>
         <readonly>true</readonly>
         <executable>true</executable>
         <run_address>0x1e94</run_address>
         <size>0x8c</size>
         <alignment>0x4</alignment>
         <input_file_ref idref="fl-f8"/>
      </object_component>
      <object_component id="oc-14d">
         <name>.text.__NVIC_SetPriority</name>
         <load_address>0x1f20</load_address>
         <readonly>true</readonly>
         <executable>true</executable>
         <run_address>0x1f20</run_address>
         <size>0x84</size>
         <alignment>0x4</alignment>
         <input_file_ref idref="fl-2"/>
      </object_component>
      <object_component id="oc-a6">
         <name>.text.__divsf3</name>
         <load_address>0x1fa4</load_address>
         <readonly>true</readonly>
         <executable>true</executable>
         <run_address>0x1fa4</run_address>
         <size>0x82</size>
         <alignment>0x4</alignment>
         <input_file_ref idref="fl-f9"/>
      </object_component>
      <object_component id="oc-175">
         <name>.text._nop</name>
         <load_address>0x2026</load_address>
         <readonly>true</readonly>
         <executable>true</executable>
         <run_address>0x2026</run_address>
         <size>0x2</size>
         <alignment>0x2</alignment>
         <input_file_ref idref="fl-36"/>
      </object_component>
      <object_component id="oc-150">
         <name>.text.DL_TimerA_initPWMMode</name>
         <load_address>0x2028</load_address>
         <readonly>true</readonly>
         <executable>true</executable>
         <run_address>0x2028</run_address>
         <size>0x80</size>
         <alignment>0x4</alignment>
         <input_file_ref idref="fl-17"/>
      </object_component>
      <object_component id="oc-10b">
         <name>.text.SYSCFG_DL_PWM_0_init</name>
         <load_address>0x20a8</load_address>
         <readonly>true</readonly>
         <executable>true</executable>
         <run_address>0x20a8</run_address>
         <size>0x80</size>
         <alignment>0x4</alignment>
         <input_file_ref idref="fl-2"/>
      </object_component>
      <object_component id="oc-1c">
         <name>.text:decompress:lzss</name>
         <load_address>0x2128</load_address>
         <readonly>true</readonly>
         <executable>true</executable>
         <run_address>0x2128</run_address>
         <size>0x7c</size>
         <alignment>0x4</alignment>
         <input_file_ref idref="fl-44"/>
      </object_component>
      <object_component id="oc-1fe">
         <name>.text.__gedf2</name>
         <load_address>0x21a4</load_address>
         <readonly>true</readonly>
         <executable>true</executable>
         <run_address>0x21a4</run_address>
         <size>0x74</size>
         <alignment>0x4</alignment>
         <input_file_ref idref="fl-109"/>
      </object_component>
      <object_component id="oc-8e">
         <name>.text.main</name>
         <load_address>0x2218</load_address>
         <readonly>true</readonly>
         <executable>true</executable>
         <run_address>0x2218</run_address>
         <size>0x74</size>
         <alignment>0x4</alignment>
         <input_file_ref idref="fl-1"/>
      </object_component>
      <object_component id="oc-108">
         <name>.text.SYSCFG_DL_initPower</name>
         <load_address>0x228c</load_address>
         <readonly>true</readonly>
         <executable>true</executable>
         <run_address>0x228c</run_address>
         <size>0x68</size>
         <alignment>0x4</alignment>
         <input_file_ref idref="fl-2"/>
      </object_component>
      <object_component id="oc-1f8">
         <name>.text.__ledf2</name>
         <load_address>0x22f4</load_address>
         <readonly>true</readonly>
         <executable>true</executable>
         <run_address>0x22f4</run_address>
         <size>0x68</size>
         <alignment>0x4</alignment>
         <input_file_ref idref="fl-109"/>
      </object_component>
      <object_component id="oc-1f7">
         <name>.text._mcpy</name>
         <load_address>0x235c</load_address>
         <readonly>true</readonly>
         <executable>true</executable>
         <run_address>0x235c</run_address>
         <size>0x66</size>
         <alignment>0x2</alignment>
         <input_file_ref idref="fl-31"/>
      </object_component>
      <object_component id="oc-1b6">
         <name>.text.__aeabi_dcmp</name>
         <load_address>0x23c4</load_address>
         <readonly>true</readonly>
         <executable>true</executable>
         <run_address>0x23c4</run_address>
         <size>0x62</size>
         <alignment>0x4</alignment>
         <input_file_ref idref="fl-101"/>
      </object_component>
      <object_component id="oc-10d">
         <name>.text.SYSCFG_DL_UART_0_init</name>
         <load_address>0x2428</load_address>
         <readonly>true</readonly>
         <executable>true</executable>
         <run_address>0x2428</run_address>
         <size>0x5c</size>
         <alignment>0x4</alignment>
         <input_file_ref idref="fl-2"/>
      </object_component>
      <object_component id="oc-1db">
         <name>.text.frexp</name>
         <load_address>0x2484</load_address>
         <readonly>true</readonly>
         <executable>true</executable>
         <run_address>0x2484</run_address>
         <size>0x5c</size>
         <alignment>0x4</alignment>
         <input_file_ref idref="fl-32"/>
      </object_component>
      <object_component id="oc-d5">
         <name>.text.printf</name>
         <load_address>0x24e0</load_address>
         <readonly>true</readonly>
         <executable>true</executable>
         <run_address>0x24e0</run_address>
         <size>0x5c</size>
         <alignment>0x4</alignment>
         <input_file_ref idref="fl-30"/>
      </object_component>
      <object_component id="oc-1e7">
         <name>.text.__TI_ltoa</name>
         <load_address>0x253c</load_address>
         <readonly>true</readonly>
         <executable>true</executable>
         <run_address>0x253c</run_address>
         <size>0x58</size>
         <alignment>0x2</alignment>
         <input_file_ref idref="fl-37"/>
      </object_component>
      <object_component id="oc-1bb">
         <name>.text._pconv_f</name>
         <load_address>0x2594</load_address>
         <readonly>true</readonly>
         <executable>true</executable>
         <run_address>0x2594</run_address>
         <size>0x58</size>
         <alignment>0x2</alignment>
         <input_file_ref idref="fl-31"/>
      </object_component>
      <object_component id="oc-21a">
         <name>.text.__aeabi_idivmod</name>
         <load_address>0x25ec</load_address>
         <readonly>true</readonly>
         <executable>true</executable>
         <run_address>0x25ec</run_address>
         <size>0x56</size>
         <alignment>0x4</alignment>
         <input_file_ref idref="fl-102"/>
      </object_component>
      <object_component id="oc-1f5">
         <name>.text._ecpy</name>
         <load_address>0x2642</load_address>
         <readonly>true</readonly>
         <executable>true</executable>
         <run_address>0x2642</run_address>
         <size>0x52</size>
         <alignment>0x2</alignment>
         <input_file_ref idref="fl-31"/>
      </object_component>
      <object_component id="oc-6f">
         <name>.text.Calculate_Motor_RPM</name>
         <load_address>0x2694</load_address>
         <readonly>true</readonly>
         <executable>true</executable>
         <run_address>0x2694</run_address>
         <size>0x50</size>
         <alignment>0x4</alignment>
         <input_file_ref idref="fl-5"/>
      </object_component>
      <object_component id="oc-17e">
         <name>.text.fputs</name>
         <load_address>0x26e4</load_address>
         <readonly>true</readonly>
         <executable>true</executable>
         <run_address>0x26e4</run_address>
         <size>0x50</size>
         <alignment>0x4</alignment>
         <input_file_ref idref="fl-4"/>
      </object_component>
      <object_component id="oc-163">
         <name>.text.DL_UART_setBaudRateDivisor</name>
         <load_address>0x2734</load_address>
         <readonly>true</readonly>
         <executable>true</executable>
         <run_address>0x2734</run_address>
         <size>0x4c</size>
         <alignment>0x4</alignment>
         <input_file_ref idref="fl-2"/>
      </object_component>
      <object_component id="oc-10a">
         <name>.text.SYSCFG_DL_SYSCTL_init</name>
         <load_address>0x2780</load_address>
         <readonly>true</readonly>
         <executable>true</executable>
         <run_address>0x2780</run_address>
         <size>0x4c</size>
         <alignment>0x4</alignment>
         <input_file_ref idref="fl-2"/>
      </object_component>
      <object_component id="oc-1e3">
         <name>.text.__fixdfsi</name>
         <load_address>0x27cc</load_address>
         <readonly>true</readonly>
         <executable>true</executable>
         <run_address>0x27cc</run_address>
         <size>0x4a</size>
         <alignment>0x4</alignment>
         <input_file_ref idref="fl-fc"/>
      </object_component>
      <object_component id="oc-161">
         <name>.text.DL_UART_init</name>
         <load_address>0x2818</load_address>
         <readonly>true</readonly>
         <executable>true</executable>
         <run_address>0x2818</run_address>
         <size>0x48</size>
         <alignment>0x4</alignment>
         <input_file_ref idref="fl-18"/>
      </object_component>
      <object_component id="oc-14c">
         <name>.text.DL_SYSCTL_switchMCLKfromSYSOSCtoHSCLK</name>
         <load_address>0x2860</load_address>
         <readonly>true</readonly>
         <executable>true</executable>
         <run_address>0x2860</run_address>
         <size>0x44</size>
         <alignment>0x4</alignment>
         <input_file_ref idref="fl-19"/>
      </object_component>
      <object_component id="oc-6a">
         <name>.text.LED_Flash</name>
         <load_address>0x28a4</load_address>
         <readonly>true</readonly>
         <executable>true</executable>
         <run_address>0x28a4</run_address>
         <size>0x44</size>
         <alignment>0x4</alignment>
         <input_file_ref idref="fl-7"/>
      </object_component>
      <object_component id="oc-199">
         <name>.text.__aeabi_uidivmod</name>
         <load_address>0x28e8</load_address>
         <readonly>true</readonly>
         <executable>true</executable>
         <run_address>0x28e8</run_address>
         <size>0x40</size>
         <alignment>0x4</alignment>
         <input_file_ref idref="fl-105"/>
      </object_component>
      <object_component id="oc-d1">
         <name>.text.__extendsfdf2</name>
         <load_address>0x2928</load_address>
         <readonly>true</readonly>
         <executable>true</executable>
         <run_address>0x2928</run_address>
         <size>0x40</size>
         <alignment>0x4</alignment>
         <input_file_ref idref="fl-fb"/>
      </object_component>
      <object_component id="oc-19f">
         <name>.text.atoi</name>
         <load_address>0x2968</load_address>
         <readonly>true</readonly>
         <executable>true</executable>
         <run_address>0x2968</run_address>
         <size>0x40</size>
         <alignment>0x4</alignment>
         <input_file_ref idref="fl-39"/>
      </object_component>
      <object_component id="oc-9e">
         <name>.text.__floatsisf</name>
         <load_address>0x29a8</load_address>
         <readonly>true</readonly>
         <executable>true</executable>
         <run_address>0x29a8</run_address>
         <size>0x3c</size>
         <alignment>0x4</alignment>
         <input_file_ref idref="fl-ff"/>
      </object_component>
      <object_component id="oc-e3">
         <name>.text:__TI_auto_init_nobinit_nopinit</name>
         <load_address>0x29e4</load_address>
         <readonly>true</readonly>
         <executable>true</executable>
         <run_address>0x29e4</run_address>
         <size>0x3c</size>
         <alignment>0x4</alignment>
         <input_file_ref idref="fl-3f"/>
      </object_component>
      <object_component id="oc-f8">
         <name>.text.__muldsi3</name>
         <load_address>0x2a20</load_address>
         <readonly>true</readonly>
         <executable>true</executable>
         <run_address>0x2a20</run_address>
         <size>0x3a</size>
         <alignment>0x4</alignment>
         <input_file_ref idref="fl-f7"/>
      </object_component>
      <object_component id="oc-70">
         <name>.text.__fixsfsi</name>
         <load_address>0x2a5c</load_address>
         <readonly>true</readonly>
         <executable>true</executable>
         <run_address>0x2a5c</run_address>
         <size>0x38</size>
         <alignment>0x4</alignment>
         <input_file_ref idref="fl-fd"/>
      </object_component>
      <object_component id="oc-10c">
         <name>.text.SYSCFG_DL_TIMER_0_init</name>
         <load_address>0x2a94</load_address>
         <readonly>true</readonly>
         <executable>true</executable>
         <run_address>0x2a94</run_address>
         <size>0x34</size>
         <alignment>0x4</alignment>
         <input_file_ref idref="fl-2"/>
      </object_component>
      <object_component id="oc-1f6">
         <name>.text._fcpy</name>
         <load_address>0x2ac8</load_address>
         <readonly>true</readonly>
         <executable>true</executable>
         <run_address>0x2ac8</run_address>
         <size>0x30</size>
         <alignment>0x2</alignment>
         <input_file_ref idref="fl-31"/>
      </object_component>
      <object_component id="oc-c9">
         <name>.text.SYSCFG_DL_init</name>
         <load_address>0x2af8</load_address>
         <readonly>true</readonly>
         <executable>true</executable>
         <run_address>0x2af8</run_address>
         <size>0x2c</size>
         <alignment>0x4</alignment>
         <input_file_ref idref="fl-2"/>
      </object_component>
      <object_component id="oc-cf">
         <name>.text.__NVIC_ClearPendingIRQ</name>
         <load_address>0x2b24</load_address>
         <readonly>true</readonly>
         <executable>true</executable>
         <run_address>0x2b24</run_address>
         <size>0x2c</size>
         <alignment>0x4</alignment>
         <input_file_ref idref="fl-1"/>
      </object_component>
      <object_component id="oc-d0">
         <name>.text.__NVIC_EnableIRQ</name>
         <load_address>0x2b50</load_address>
         <readonly>true</readonly>
         <executable>true</executable>
         <run_address>0x2b50</run_address>
         <size>0x2c</size>
         <alignment>0x4</alignment>
         <input_file_ref idref="fl-1"/>
      </object_component>
      <object_component id="oc-1eb">
         <name>.text.__floatsidf</name>
         <load_address>0x2b7c</load_address>
         <readonly>true</readonly>
         <executable>true</executable>
         <run_address>0x2b7c</run_address>
         <size>0x2c</size>
         <alignment>0x4</alignment>
         <input_file_ref idref="fl-fe"/>
      </object_component>
      <object_component id="oc-183">
         <name>.text.fputc</name>
         <load_address>0x2ba8</load_address>
         <readonly>true</readonly>
         <executable>true</executable>
         <run_address>0x2ba8</run_address>
         <size>0x2c</size>
         <alignment>0x4</alignment>
         <input_file_ref idref="fl-4"/>
      </object_component>
      <object_component id="oc-18c">
         <name>.text.DL_Common_updateReg</name>
         <load_address>0x2bd4</load_address>
         <readonly>true</readonly>
         <executable>true</executable>
         <run_address>0x2bd4</run_address>
         <size>0x28</size>
         <alignment>0x2</alignment>
         <input_file_ref idref="fl-2"/>
      </object_component>
      <object_component id="oc-16b">
         <name>.text.DL_SYSTICK_init</name>
         <load_address>0x2bfc</load_address>
         <readonly>true</readonly>
         <executable>true</executable>
         <run_address>0x2bfc</run_address>
         <size>0x28</size>
         <alignment>0x4</alignment>
         <input_file_ref idref="fl-2"/>
      </object_component>
      <object_component id="oc-165">
         <name>.text.DL_UART_setRXFIFOThreshold</name>
         <load_address>0x2c24</load_address>
         <readonly>true</readonly>
         <executable>true</executable>
         <run_address>0x2c24</run_address>
         <size>0x28</size>
         <alignment>0x4</alignment>
         <input_file_ref idref="fl-2"/>
      </object_component>
      <object_component id="oc-166">
         <name>.text.DL_UART_setTXFIFOThreshold</name>
         <load_address>0x2c4c</load_address>
         <readonly>true</readonly>
         <executable>true</executable>
         <run_address>0x2c4c</run_address>
         <size>0x28</size>
         <alignment>0x4</alignment>
         <input_file_ref idref="fl-2"/>
      </object_component>
      <object_component id="oc-59">
         <name>.text:_c_int00_noargs</name>
         <load_address>0x2c74</load_address>
         <readonly>true</readonly>
         <executable>true</executable>
         <run_address>0x2c74</run_address>
         <size>0x28</size>
         <alignment>0x4</alignment>
         <input_file_ref idref="fl-3d"/>
      </object_component>
      <object_component id="oc-1ac">
         <name>.text.__muldi3</name>
         <load_address>0x2c9c</load_address>
         <readonly>true</readonly>
         <executable>true</executable>
         <run_address>0x2c9c</run_address>
         <size>0x24</size>
         <alignment>0x4</alignment>
         <input_file_ref idref="fl-100"/>
      </object_component>
      <object_component id="oc-194">
         <name>.text.memccpy</name>
         <load_address>0x2cc0</load_address>
         <readonly>true</readonly>
         <executable>true</executable>
         <run_address>0x2cc0</run_address>
         <size>0x22</size>
         <alignment>0x2</alignment>
         <input_file_ref idref="fl-3b"/>
      </object_component>
      <object_component id="oc-138">
         <name>.text.DL_GPIO_initPeripheralInputFunction</name>
         <load_address>0x2ce4</load_address>
         <readonly>true</readonly>
         <executable>true</executable>
         <run_address>0x2ce4</run_address>
         <size>0x20</size>
         <alignment>0x4</alignment>
         <input_file_ref idref="fl-2"/>
      </object_component>
      <object_component id="oc-140">
         <name>.text.DL_SYSCTL_setFlashWaitState</name>
         <load_address>0x2d04</load_address>
         <readonly>true</readonly>
         <executable>true</executable>
         <run_address>0x2d04</run_address>
         <size>0x20</size>
         <alignment>0x4</alignment>
         <input_file_ref idref="fl-2"/>
      </object_component>
      <object_component id="oc-162">
         <name>.text.DL_UART_setOversampling</name>
         <load_address>0x2d24</load_address>
         <readonly>true</readonly>
         <executable>true</executable>
         <run_address>0x2d24</run_address>
         <size>0x1e</size>
         <alignment>0x2</alignment>
         <input_file_ref idref="fl-2"/>
      </object_component>
      <object_component id="oc-20e">
         <name>.text.__ashldi3</name>
         <load_address>0x2d44</load_address>
         <readonly>true</readonly>
         <executable>true</executable>
         <run_address>0x2d44</run_address>
         <size>0x1e</size>
         <alignment>0x4</alignment>
         <input_file_ref idref="fl-108"/>
      </object_component>
      <object_component id="oc-62">
         <name>.text.DL_GPIO_clearInterruptStatus</name>
         <load_address>0x2d64</load_address>
         <readonly>true</readonly>
         <executable>true</executable>
         <run_address>0x2d64</run_address>
         <size>0x1c</size>
         <alignment>0x4</alignment>
         <input_file_ref idref="fl-5"/>
      </object_component>
      <object_component id="oc-13d">
         <name>.text.DL_GPIO_clearInterruptStatus</name>
         <load_address>0x2d80</load_address>
         <readonly>true</readonly>
         <executable>true</executable>
         <run_address>0x2d80</run_address>
         <size>0x1c</size>
         <alignment>0x4</alignment>
         <input_file_ref idref="fl-2"/>
      </object_component>
      <object_component id="oc-13e">
         <name>.text.DL_GPIO_enableInterrupt</name>
         <load_address>0x2d9c</load_address>
         <readonly>true</readonly>
         <executable>true</executable>
         <run_address>0x2d9c</run_address>
         <size>0x1c</size>
         <alignment>0x4</alignment>
         <input_file_ref idref="fl-2"/>
      </object_component>
      <object_component id="oc-139">
         <name>.text.DL_GPIO_initDigitalInput</name>
         <load_address>0x2db8</load_address>
         <readonly>true</readonly>
         <executable>true</executable>
         <run_address>0x2db8</run_address>
         <size>0x1c</size>
         <alignment>0x4</alignment>
         <input_file_ref idref="fl-2"/>
      </object_component>
      <object_component id="oc-136">
         <name>.text.DL_GPIO_initPeripheralOutputFunction</name>
         <load_address>0x2dd4</load_address>
         <readonly>true</readonly>
         <executable>true</executable>
         <run_address>0x2dd4</run_address>
         <size>0x1c</size>
         <alignment>0x4</alignment>
         <input_file_ref idref="fl-2"/>
      </object_component>
      <object_component id="oc-141">
         <name>.text.DL_SYSCTL_setSYSOSCFreq</name>
         <load_address>0x2df0</load_address>
         <readonly>true</readonly>
         <executable>true</executable>
         <run_address>0x2df0</run_address>
         <size>0x1c</size>
         <alignment>0x4</alignment>
         <input_file_ref idref="fl-2"/>
      </object_component>
      <object_component id="oc-14a">
         <name>.text.DL_SYSCTL_setULPCLKDivider</name>
         <load_address>0x2e0c</load_address>
         <readonly>true</readonly>
         <executable>true</executable>
         <run_address>0x2e0c</run_address>
         <size>0x1c</size>
         <alignment>0x4</alignment>
         <input_file_ref idref="fl-2"/>
      </object_component>
      <object_component id="oc-158">
         <name>.text.DL_Timer_enableInterrupt</name>
         <load_address>0x2e28</load_address>
         <readonly>true</readonly>
         <executable>true</executable>
         <run_address>0x2e28</run_address>
         <size>0x1c</size>
         <alignment>0x4</alignment>
         <input_file_ref idref="fl-2"/>
      </object_component>
      <object_component id="oc-152">
         <name>.text.DL_Timer_setCaptCompUpdateMethod</name>
         <load_address>0x2e44</load_address>
         <readonly>true</readonly>
         <executable>true</executable>
         <run_address>0x2e44</run_address>
         <size>0x1c</size>
         <alignment>0x4</alignment>
         <input_file_ref idref="fl-17"/>
      </object_component>
      <object_component id="oc-14f">
         <name>.text.DL_Timer_setClockConfig</name>
         <load_address>0x2e60</load_address>
         <readonly>true</readonly>
         <executable>true</executable>
         <run_address>0x2e60</run_address>
         <size>0x1c</size>
         <alignment>0x4</alignment>
         <input_file_ref idref="fl-17"/>
      </object_component>
      <object_component id="oc-137">
         <name>.text.DL_GPIO_enableOutput</name>
         <load_address>0x2e7c</load_address>
         <readonly>true</readonly>
         <executable>true</executable>
         <run_address>0x2e7c</run_address>
         <size>0x18</size>
         <alignment>0x4</alignment>
         <input_file_ref idref="fl-2"/>
      </object_component>
      <object_component id="oc-12f">
         <name>.text.DL_GPIO_enablePower</name>
         <load_address>0x2e94</load_address>
         <readonly>true</readonly>
         <executable>true</executable>
         <run_address>0x2e94</run_address>
         <size>0x18</size>
         <alignment>0x4</alignment>
         <input_file_ref idref="fl-2"/>
      </object_component>
      <object_component id="oc-60">
         <name>.text.DL_GPIO_getEnabledInterruptStatus</name>
         <load_address>0x2eac</load_address>
         <readonly>true</readonly>
         <executable>true</executable>
         <run_address>0x2eac</run_address>
         <size>0x18</size>
         <alignment>0x4</alignment>
         <input_file_ref idref="fl-5"/>
      </object_component>
      <object_component id="oc-13a">
         <name>.text.DL_GPIO_initDigitalOutput</name>
         <load_address>0x2ec4</load_address>
         <readonly>true</readonly>
         <executable>true</executable>
         <run_address>0x2ec4</run_address>
         <size>0x18</size>
         <alignment>0x4</alignment>
         <input_file_ref idref="fl-2"/>
      </object_component>
      <object_component id="oc-12c">
         <name>.text.DL_GPIO_reset</name>
         <load_address>0x2edc</load_address>
         <readonly>true</readonly>
         <executable>true</executable>
         <run_address>0x2edc</run_address>
         <size>0x18</size>
         <alignment>0x4</alignment>
         <input_file_ref idref="fl-2"/>
      </object_component>
      <object_component id="oc-b7">
         <name>.text.DL_GPIO_setPins</name>
         <load_address>0x2ef4</load_address>
         <readonly>true</readonly>
         <executable>true</executable>
         <run_address>0x2ef4</run_address>
         <size>0x18</size>
         <alignment>0x4</alignment>
         <input_file_ref idref="fl-8"/>
      </object_component>
      <object_component id="oc-13c">
         <name>.text.DL_GPIO_setUpperPinsPolarity</name>
         <load_address>0x2f0c</load_address>
         <readonly>true</readonly>
         <executable>true</executable>
         <run_address>0x2f0c</run_address>
         <size>0x18</size>
         <alignment>0x2</alignment>
         <input_file_ref idref="fl-2"/>
      </object_component>
      <object_component id="oc-f6">
         <name>.text.DL_GPIO_togglePins</name>
         <load_address>0x2f24</load_address>
         <readonly>true</readonly>
         <executable>true</executable>
         <run_address>0x2f24</run_address>
         <size>0x18</size>
         <alignment>0x4</alignment>
         <input_file_ref idref="fl-7"/>
      </object_component>
      <object_component id="oc-13f">
         <name>.text.DL_SYSCTL_setBORThreshold</name>
         <load_address>0x2f3c</load_address>
         <readonly>true</readonly>
         <executable>true</executable>
         <run_address>0x2f3c</run_address>
         <size>0x18</size>
         <alignment>0x4</alignment>
         <input_file_ref idref="fl-2"/>
      </object_component>
      <object_component id="oc-130">
         <name>.text.DL_Timer_enablePower</name>
         <load_address>0x2f54</load_address>
         <readonly>true</readonly>
         <executable>true</executable>
         <run_address>0x2f54</run_address>
         <size>0x18</size>
         <alignment>0x4</alignment>
         <input_file_ref idref="fl-2"/>
      </object_component>
      <object_component id="oc-12d">
         <name>.text.DL_Timer_reset</name>
         <load_address>0x2f6c</load_address>
         <readonly>true</readonly>
         <executable>true</executable>
         <run_address>0x2f6c</run_address>
         <size>0x18</size>
         <alignment>0x4</alignment>
         <input_file_ref idref="fl-2"/>
      </object_component>
      <object_component id="oc-151">
         <name>.text.DL_Timer_setCaptureCompareOutCtl</name>
         <load_address>0x2f84</load_address>
         <readonly>true</readonly>
         <executable>true</executable>
         <run_address>0x2f84</run_address>
         <size>0x18</size>
         <alignment>0x4</alignment>
         <input_file_ref idref="fl-17"/>
      </object_component>
      <object_component id="oc-ce">
         <name>.text.DL_Timer_startCounter</name>
         <load_address>0x2f9c</load_address>
         <readonly>true</readonly>
         <executable>true</executable>
         <run_address>0x2f9c</run_address>
         <size>0x18</size>
         <alignment>0x4</alignment>
         <input_file_ref idref="fl-1"/>
      </object_component>
      <object_component id="oc-164">
         <name>.text.DL_UART_enableFIFOs</name>
         <load_address>0x2fb4</load_address>
         <readonly>true</readonly>
         <executable>true</executable>
         <run_address>0x2fb4</run_address>
         <size>0x18</size>
         <alignment>0x2</alignment>
         <input_file_ref idref="fl-2"/>
      </object_component>
      <object_component id="oc-131">
         <name>.text.DL_UART_enablePower</name>
         <load_address>0x2fcc</load_address>
         <readonly>true</readonly>
         <executable>true</executable>
         <run_address>0x2fcc</run_address>
         <size>0x18</size>
         <alignment>0x4</alignment>
         <input_file_ref idref="fl-2"/>
      </object_component>
      <object_component id="oc-1bd">
         <name>.text.DL_UART_isBusy</name>
         <load_address>0x2fe4</load_address>
         <readonly>true</readonly>
         <executable>true</executable>
         <run_address>0x2fe4</run_address>
         <size>0x18</size>
         <alignment>0x4</alignment>
         <input_file_ref idref="fl-4"/>
      </object_component>
      <object_component id="oc-12e">
         <name>.text.DL_UART_reset</name>
         <load_address>0x2ffc</load_address>
         <readonly>true</readonly>
         <executable>true</executable>
         <run_address>0x2ffc</run_address>
         <size>0x18</size>
         <alignment>0x4</alignment>
         <input_file_ref idref="fl-2"/>
      </object_component>
      <object_component id="oc-61">
         <name>.text.DL_GPIO_readPins</name>
         <load_address>0x3014</load_address>
         <readonly>true</readonly>
         <executable>true</executable>
         <run_address>0x3014</run_address>
         <size>0x16</size>
         <alignment>0x2</alignment>
         <input_file_ref idref="fl-5"/>
      </object_component>
      <object_component id="oc-168">
         <name>.text.DL_UART_enable</name>
         <load_address>0x302a</load_address>
         <readonly>true</readonly>
         <executable>true</executable>
         <run_address>0x302a</run_address>
         <size>0x16</size>
         <alignment>0x2</alignment>
         <input_file_ref idref="fl-2"/>
      </object_component>
      <object_component id="oc-167">
         <name>.text.DL_UART_enableLoopbackMode</name>
         <load_address>0x3040</load_address>
         <readonly>true</readonly>
         <executable>true</executable>
         <run_address>0x3040</run_address>
         <size>0x16</size>
         <alignment>0x2</alignment>
         <input_file_ref idref="fl-2"/>
      </object_component>
      <object_component id="oc-1be">
         <name>.text.DL_UART_transmitData</name>
         <load_address>0x3056</load_address>
         <readonly>true</readonly>
         <executable>true</executable>
         <run_address>0x3056</run_address>
         <size>0x16</size>
         <alignment>0x2</alignment>
         <input_file_ref idref="fl-4"/>
      </object_component>
      <object_component id="oc-50">
         <name>.text:decompress:ZI:__TI_zero_init_nomemset</name>
         <load_address>0x306c</load_address>
         <readonly>true</readonly>
         <executable>true</executable>
         <run_address>0x306c</run_address>
         <size>0x16</size>
         <alignment>0x2</alignment>
         <input_file_ref idref="fl-42"/>
      </object_component>
      <object_component id="oc-f5">
         <name>.text.DL_GPIO_clearPins</name>
         <load_address>0x3082</load_address>
         <readonly>true</readonly>
         <executable>true</executable>
         <run_address>0x3082</run_address>
         <size>0x14</size>
         <alignment>0x2</alignment>
         <input_file_ref idref="fl-7"/>
      </object_component>
      <object_component id="oc-b8">
         <name>.text.DL_GPIO_clearPins</name>
         <load_address>0x3096</load_address>
         <readonly>true</readonly>
         <executable>true</executable>
         <run_address>0x3096</run_address>
         <size>0x14</size>
         <alignment>0x2</alignment>
         <input_file_ref idref="fl-8"/>
      </object_component>
      <object_component id="oc-13b">
         <name>.text.DL_GPIO_clearPins</name>
         <load_address>0x30aa</load_address>
         <readonly>true</readonly>
         <executable>true</executable>
         <run_address>0x30aa</run_address>
         <size>0x14</size>
         <alignment>0x2</alignment>
         <input_file_ref idref="fl-2"/>
      </object_component>
      <object_component id="oc-143">
         <name>.text.DL_SYSCTL_disableSYSPLL</name>
         <load_address>0x30c0</load_address>
         <readonly>true</readonly>
         <executable>true</executable>
         <run_address>0x30c0</run_address>
         <size>0x14</size>
         <alignment>0x4</alignment>
         <input_file_ref idref="fl-2"/>
      </object_component>
      <object_component id="oc-14b">
         <name>.text.DL_SYSCTL_enableMFCLK</name>
         <load_address>0x30d4</load_address>
         <readonly>true</readonly>
         <executable>true</executable>
         <run_address>0x30d4</run_address>
         <size>0x14</size>
         <alignment>0x4</alignment>
         <input_file_ref idref="fl-2"/>
      </object_component>
      <object_component id="oc-153">
         <name>.text.DL_Timer_enableClock</name>
         <load_address>0x30e8</load_address>
         <readonly>true</readonly>
         <executable>true</executable>
         <run_address>0x30e8</run_address>
         <size>0x14</size>
         <alignment>0x4</alignment>
         <input_file_ref idref="fl-2"/>
      </object_component>
      <object_component id="oc-154">
         <name>.text.DL_Timer_setCCPDirection</name>
         <load_address>0x30fc</load_address>
         <readonly>true</readonly>
         <executable>true</executable>
         <run_address>0x30fc</run_address>
         <size>0x14</size>
         <alignment>0x2</alignment>
         <input_file_ref idref="fl-2"/>
      </object_component>
      <object_component id="oc-99">
         <name>.text.LED_ON</name>
         <load_address>0x3110</load_address>
         <readonly>true</readonly>
         <executable>true</executable>
         <run_address>0x3110</run_address>
         <size>0x14</size>
         <alignment>0x4</alignment>
         <input_file_ref idref="fl-7"/>
      </object_component>
      <object_component id="oc-9a">
         <name>.text.LED_Toggle</name>
         <load_address>0x3124</load_address>
         <readonly>true</readonly>
         <executable>true</executable>
         <run_address>0x3124</run_address>
         <size>0x14</size>
         <alignment>0x4</alignment>
         <input_file_ref idref="fl-7"/>
      </object_component>
      <object_component id="oc-1b1">
         <name>.text.__aeabi_uldivmod</name>
         <load_address>0x3138</load_address>
         <readonly>true</readonly>
         <executable>true</executable>
         <run_address>0x3138</run_address>
         <size>0x14</size>
         <alignment>0x4</alignment>
         <input_file_ref idref="fl-106"/>
      </object_component>
      <object_component id="oc-1f4">
         <name>.text.strchr</name>
         <load_address>0x314c</load_address>
         <readonly>true</readonly>
         <executable>true</executable>
         <run_address>0x314c</run_address>
         <size>0x14</size>
         <alignment>0x2</alignment>
         <input_file_ref idref="fl-31"/>
      </object_component>
      <object_component id="oc-69">
         <name>.text.DL_Timer_getPendingInterrupt</name>
         <load_address>0x3160</load_address>
         <readonly>true</readonly>
         <executable>true</executable>
         <run_address>0x3160</run_address>
         <size>0x12</size>
         <alignment>0x2</alignment>
         <input_file_ref idref="fl-1"/>
      </object_component>
      <object_component id="oc-15b">
         <name>.text.DL_UART_setClockConfig</name>
         <load_address>0x3172</load_address>
         <readonly>true</readonly>
         <executable>true</executable>
         <run_address>0x3172</run_address>
         <size>0x12</size>
         <alignment>0x2</alignment>
         <input_file_ref idref="fl-18"/>
      </object_component>
      <object_component id="oc-bf">
         <name>.text:TI_memcpy_small</name>
         <load_address>0x3184</load_address>
         <readonly>true</readonly>
         <executable>true</executable>
         <run_address>0x3184</run_address>
         <size>0x12</size>
         <alignment>0x1</alignment>
         <input_file_ref idref="fl-10b"/>
      </object_component>
      <object_component id="oc-20">
         <name>.text:decompress:none</name>
         <load_address>0x3196</load_address>
         <readonly>true</readonly>
         <executable>true</executable>
         <run_address>0x3196</run_address>
         <size>0x12</size>
         <alignment>0x2</alignment>
         <input_file_ref idref="fl-43"/>
      </object_component>
      <object_component id="oc-142">
         <name>.text.DL_SYSCTL_disableHFXT</name>
         <load_address>0x31a8</load_address>
         <readonly>true</readonly>
         <executable>true</executable>
         <run_address>0x31a8</run_address>
         <size>0x10</size>
         <alignment>0x4</alignment>
         <input_file_ref idref="fl-2"/>
      </object_component>
      <object_component id="oc-16c">
         <name>.text.DL_SYSTICK_enable</name>
         <load_address>0x31b8</load_address>
         <readonly>true</readonly>
         <executable>true</executable>
         <run_address>0x31b8</run_address>
         <size>0x10</size>
         <alignment>0x4</alignment>
         <input_file_ref idref="fl-2"/>
      </object_component>
      <object_component id="oc-b9">
         <name>.text.DL_Timer_setCaptureCompareValue</name>
         <load_address>0x31c8</load_address>
         <readonly>true</readonly>
         <executable>true</executable>
         <run_address>0x31c8</run_address>
         <size>0x10</size>
         <alignment>0x4</alignment>
         <input_file_ref idref="fl-17"/>
      </object_component>
      <object_component id="oc-10e">
         <name>.text.SYSCFG_DL_SYSTICK_init</name>
         <load_address>0x31d8</load_address>
         <readonly>true</readonly>
         <executable>true</executable>
         <run_address>0x31d8</run_address>
         <size>0x10</size>
         <alignment>0x2</alignment>
         <input_file_ref idref="fl-2"/>
      </object_component>
      <object_component id="oc-1a3">
         <name>.text.wcslen</name>
         <load_address>0x31e8</load_address>
         <readonly>true</readonly>
         <executable>true</executable>
         <run_address>0x31e8</run_address>
         <size>0x10</size>
         <alignment>0x2</alignment>
         <input_file_ref idref="fl-34"/>
      </object_component>
      <object_component id="oc-193">
         <name>.text.__aeabi_memset</name>
         <load_address>0x31f8</load_address>
         <readonly>true</readonly>
         <executable>true</executable>
         <run_address>0x31f8</run_address>
         <size>0xe</size>
         <alignment>0x4</alignment>
         <input_file_ref idref="fl-104"/>
      </object_component>
      <object_component id="oc-192">
         <name>.text.strlen</name>
         <load_address>0x3206</load_address>
         <readonly>true</readonly>
         <executable>true</executable>
         <run_address>0x3206</run_address>
         <size>0xe</size>
         <alignment>0x2</alignment>
         <input_file_ref idref="fl-31"/>
      </object_component>
      <object_component id="oc-102">
         <name>.text:TI_memset_small</name>
         <load_address>0x3214</load_address>
         <readonly>true</readonly>
         <executable>true</executable>
         <run_address>0x3214</run_address>
         <size>0xe</size>
         <alignment>0x1</alignment>
         <input_file_ref idref="fl-10c"/>
      </object_component>
      <object_component id="oc-132">
         <name>.text.DL_Common_delayCycles</name>
         <load_address>0x3222</load_address>
         <readonly>true</readonly>
         <executable>true</executable>
         <run_address>0x3222</run_address>
         <size>0xa</size>
         <alignment>0x2</alignment>
         <input_file_ref idref="fl-16"/>
      </object_component>
      <object_component id="oc-1ef">
         <name>.text.OUTLINED_FUNCTION_0</name>
         <load_address>0x322c</load_address>
         <readonly>true</readonly>
         <executable>true</executable>
         <run_address>0x322c</run_address>
         <size>0xa</size>
         <alignment>0x2</alignment>
         <input_file_ref idref="fl-31"/>
      </object_component>
      <object_component id="oc-270">
         <name>.tramp.__aeabi_dsub.1</name>
         <load_address>0x3238</load_address>
         <readonly>true</readonly>
         <executable>true</executable>
         <run_address>0x3238</run_address>
         <size>0x10</size>
         <alignment>0x4</alignment>
         <input_file_ref idref="fl-f5"/>
      </object_component>
      <object_component id="oc-209">
         <name>.text.OUTLINED_FUNCTION_1</name>
         <load_address>0x3248</load_address>
         <readonly>true</readonly>
         <executable>true</executable>
         <run_address>0x3248</run_address>
         <size>0xa</size>
         <alignment>0x2</alignment>
         <input_file_ref idref="fl-31"/>
      </object_component>
      <object_component id="oc-1a7">
         <name>.text.__aeabi_errno_addr</name>
         <load_address>0x3254</load_address>
         <readonly>true</readonly>
         <executable>true</executable>
         <run_address>0x3254</run_address>
         <size>0x8</size>
         <alignment>0x4</alignment>
         <input_file_ref idref="fl-35"/>
      </object_component>
      <object_component id="oc-49">
         <name>.text.__aeabi_memcpy</name>
         <load_address>0x325c</load_address>
         <readonly>true</readonly>
         <executable>true</executable>
         <run_address>0x325c</run_address>
         <size>0x8</size>
         <alignment>0x4</alignment>
         <input_file_ref idref="fl-103"/>
      </object_component>
      <object_component id="oc-119">
         <name>.text._outc</name>
         <load_address>0x3264</load_address>
         <readonly>true</readonly>
         <executable>true</executable>
         <run_address>0x3264</run_address>
         <size>0x8</size>
         <alignment>0x2</alignment>
         <input_file_ref idref="fl-30"/>
      </object_component>
      <object_component id="oc-118">
         <name>.text._outs</name>
         <load_address>0x326c</load_address>
         <readonly>true</readonly>
         <executable>true</executable>
         <run_address>0x326c</run_address>
         <size>0x8</size>
         <alignment>0x2</alignment>
         <input_file_ref idref="fl-30"/>
      </object_component>
      <object_component id="oc-dc">
         <name>.text:abort</name>
         <load_address>0x3274</load_address>
         <readonly>true</readonly>
         <executable>true</executable>
         <run_address>0x3274</run_address>
         <size>0x6</size>
         <alignment>0x2</alignment>
         <input_file_ref idref="fl-48"/>
      </object_component>
      <object_component id="oc-33">
         <name>.text.Default_Handler</name>
         <load_address>0x327a</load_address>
         <readonly>true</readonly>
         <executable>true</executable>
         <run_address>0x327a</run_address>
         <size>0x4</size>
         <alignment>0x2</alignment>
         <input_file_ref idref="fl-3"/>
      </object_component>
      <object_component id="oc-11d">
         <name>.text.HOSTexit</name>
         <load_address>0x327e</load_address>
         <readonly>true</readonly>
         <executable>true</executable>
         <run_address>0x327e</run_address>
         <size>0x4</size>
         <alignment>0x2</alignment>
         <input_file_ref idref="fl-e9"/>
      </object_component>
      <object_component id="oc-2f">
         <name>.text.Reset_Handler</name>
         <load_address>0x3282</load_address>
         <readonly>true</readonly>
         <executable>true</executable>
         <run_address>0x3282</run_address>
         <size>0x4</size>
         <alignment>0x2</alignment>
         <input_file_ref idref="fl-3"/>
      </object_component>
      <object_component id="oc-8a">
         <name>.text._system_pre_init</name>
         <load_address>0x3286</load_address>
         <readonly>true</readonly>
         <executable>true</executable>
         <run_address>0x3286</run_address>
         <size>0x4</size>
         <alignment>0x2</alignment>
         <input_file_ref idref="fl-40"/>
      </object_component>
      <object_component id="oc-26c">
         <name>.cinit..data.load</name>
         <load_address>0x3430</load_address>
         <readonly>true</readonly>
         <run_address>0x3430</run_address>
         <size>0x35</size>
         <alignment>0x1</alignment>
      </object_component>
      <object_component id="oc-26a">
         <name>__TI_handler_table</name>
         <load_address>0x3468</load_address>
         <readonly>true</readonly>
         <run_address>0x3468</run_address>
         <size>0xc</size>
         <alignment>0x4</alignment>
      </object_component>
      <object_component id="oc-26d">
         <name>.cinit..bss.load</name>
         <load_address>0x3474</load_address>
         <readonly>true</readonly>
         <run_address>0x3474</run_address>
         <size>0x8</size>
         <alignment>0x4</alignment>
      </object_component>
      <object_component id="oc-26b">
         <name>__TI_cinit_table</name>
         <load_address>0x347c</load_address>
         <readonly>true</readonly>
         <run_address>0x347c</run_address>
         <size>0x10</size>
         <alignment>0x4</alignment>
      </object_component>
      <object_component id="oc-1ca">
         <name>.rodata:__aeabi_ctype_table_</name>
         <load_address>0x3290</load_address>
         <readonly>true</readonly>
         <run_address>0x3290</run_address>
         <size>0x101</size>
         <alignment>0x10</alignment>
         <input_file_ref idref="fl-47"/>
      </object_component>
      <object_component id="oc-155">
         <name>.rodata.gPWM_0ClockConfig</name>
         <load_address>0x3391</load_address>
         <readonly>true</readonly>
         <run_address>0x3391</run_address>
         <size>0x3</size>
         <alignment>0x1</alignment>
         <input_file_ref idref="fl-2"/>
      </object_component>
      <object_component id="oc-14e">
         <name>.rodata.gSYSPLLConfig</name>
         <load_address>0x3394</load_address>
         <readonly>true</readonly>
         <run_address>0x3394</run_address>
         <size>0x28</size>
         <alignment>0x4</alignment>
         <input_file_ref idref="fl-2"/>
      </object_component>
      <object_component id="oc-db">
         <name>.rodata.str1.9517790425240694019.1</name>
         <load_address>0x33bc</load_address>
         <readonly>true</readonly>
         <run_address>0x33bc</run_address>
         <size>0x1e</size>
         <alignment>0x1</alignment>
         <input_file_ref idref="fl-1"/>
      </object_component>
      <object_component id="oc-169">
         <name>.rodata.gUART_0ClockConfig</name>
         <load_address>0x33da</load_address>
         <readonly>true</readonly>
         <run_address>0x33da</run_address>
         <size>0x2</size>
         <alignment>0x1</alignment>
         <input_file_ref idref="fl-2"/>
      </object_component>
      <object_component id="oc-15a">
         <name>.rodata.gTIMER_0TimerConfig</name>
         <load_address>0x33dc</load_address>
         <readonly>true</readonly>
         <run_address>0x33dc</run_address>
         <size>0x14</size>
         <alignment>0x4</alignment>
         <input_file_ref idref="fl-2"/>
      </object_component>
      <object_component id="oc-1b0">
         <name>.rodata.str1.10348868589481759720.1</name>
         <load_address>0x33f0</load_address>
         <readonly>true</readonly>
         <run_address>0x33f0</run_address>
         <size>0x11</size>
         <alignment>0x1</alignment>
         <input_file_ref idref="fl-31"/>
      </object_component>
      <object_component id="oc-198">
         <name>.rodata.str1.15363888844622738466.1</name>
         <load_address>0x3401</load_address>
         <readonly>true</readonly>
         <run_address>0x3401</run_address>
         <size>0x11</size>
         <alignment>0x1</alignment>
         <input_file_ref idref="fl-31"/>
      </object_component>
      <object_component id="oc-16a">
         <name>.rodata.gUART_0Config</name>
         <load_address>0x3412</load_address>
         <readonly>true</readonly>
         <run_address>0x3412</run_address>
         <size>0xa</size>
         <alignment>0x2</alignment>
         <input_file_ref idref="fl-2"/>
      </object_component>
      <object_component id="oc-156">
         <name>.rodata.gPWM_0Config</name>
         <load_address>0x341c</load_address>
         <readonly>true</readonly>
         <run_address>0x341c</run_address>
         <size>0x8</size>
         <alignment>0x4</alignment>
         <input_file_ref idref="fl-2"/>
      </object_component>
      <object_component id="oc-159">
         <name>.rodata.gTIMER_0ClockConfig</name>
         <load_address>0x3424</load_address>
         <readonly>true</readonly>
         <run_address>0x3424</run_address>
         <size>0x3</size>
         <alignment>0x1</alignment>
         <input_file_ref idref="fl-2"/>
      </object_component>
      <object_component id="oc-232">
         <name>.binit</name>
         <load_address>0x0</load_address>
         <readonly>true</readonly>
         <run_address>0x0</run_address>
         <size>0x0</size>
         <alignment>0x4</alignment>
      </object_component>
      <object_component id="oc-7b">
         <name>.data.MA_RPM</name>
         <load_address>0x202000f0</load_address>
         <readwrite>true</readwrite>
         <run_address>0x202000f0</run_address>
         <size>0x4</size>
         <alignment>0x4</alignment>
         <input_file_ref idref="fl-1"/>
      </object_component>
      <object_component id="oc-7c">
         <name>.data.MB_RPM</name>
         <load_address>0x202000f4</load_address>
         <readwrite>true</readwrite>
         <run_address>0x202000f4</run_address>
         <size>0x4</size>
         <alignment>0x4</alignment>
         <input_file_ref idref="fl-1"/>
      </object_component>
[...]
         <name>RTC_IRQHandler</name>
         <value>0x327b</value>
         <object_component_ref idref="oc-33"/>
      </symbol>
      <symbol id="sm-138">
         <name>DMA_IRQHandler</name>
         <value>0x327b</value>
         <object_component_ref idref="oc-33"/>
      </symbol>
      <symbol id="sm-14c">
         <name>fputc</name>
         <value>0x2ba9</value>
         <object_component_ref idref="oc-183"/>
      </symbol>
      <symbol id="sm-14d">
         <name>fputs</name>
         <value>0x26e5</value>
         <object_component_ref idref="oc-17e"/>
      </symbol>
      <symbol id="sm-165">
         <name>GROUP1_IRQHandler</name>
         <value>0x115d</value>
         <object_component_ref idref="oc-34"/>
      </symbol>
      <symbol id="sm-166">
         <name>gpio_interrup1</name>
         <value>0x202001e8</value>
      </symbol>
      <symbol id="sm-167">
         <name>gpio_interrup2</name>
         <value>0x202001ec</value>
      </symbol>
      <symbol id="sm-168">
         <name>Get_Encoder_countA</name>
         <value>0x202001d8</value>
      </symbol>
      <symbol id="sm-169">
         <name>Get_Encoder_countB</name>
         <value>0x202001dc</value>
      </symbol>
      <symbol id="sm-16a">
         <name>Calculate_Motor_RPM</name>
         <value>0x2695</value>
         <object_component_ref idref="oc-6f"/>
      </symbol>
      <symbol id="sm-184">
         <name>LED_ON</name>
         <value>0x3111</value>
         <object_component_ref idref="oc-99"/>
      </symbol>
      <symbol id="sm-185">
         <name>LED_Toggle</name>
         <value>0x3125</value>
         <object_component_ref idref="oc-9a"/>
      </symbol>
      <symbol id="sm-186">
         <name>LED_Flash</name>
         <value>0x28a5</value>
         <object_component_ref idref="oc-6a"/>
      </symbol>
      <symbol id="sm-1a5">
         <name>Set_PWM</name>
         <value>0x139d</value>
         <object_component_ref idref="oc-7a"/>
      </symbol>
      <symbol id="sm-1a6">
         <name>Velocity_A</name>
         <value>0x1bbd</value>
         <object_component_ref idref="oc-74"/>
      </symbol>
      <symbol id="sm-1a7">
         <name>Velcity_Ki</name>
         <value>0x202000f8</value>
         <object_component_ref idref="oc-af"/>
      </symbol>
      <symbol id="sm-1a8">
         <name>Velcity_Kp</name>
         <value>0x202000fc</value>
         <object_component_ref idref="oc-b1"/>
      </symbol>
      <symbol id="sm-1a9">
         <name>Velocity_B</name>
         <value>0x1c81</value>
         <object_component_ref idref="oc-79"/>
      </symbol>
      <symbol id="sm-1aa">
         <name>__TI_ATRegion0_src_addr</name>
         <value>0x0</value>
      </symbol>
      <symbol id="sm-1ab">
         <name>__TI_ATRegion0_trg_addr</name>
         <value>0x0</value>
      </symbol>
      <symbol id="sm-1ac">
         <name>__TI_ATRegion0_region_sz</name>
         <value>0x0</value>
      </symbol>
      <symbol id="sm-1ad">
         <name>__TI_ATRegion1_src_addr</name>
         <value>0x0</value>
      </symbol>
      <symbol id="sm-1ae">
         <name>__TI_ATRegion1_trg_addr</name>
         <value>0x0</value>
      </symbol>
      <symbol id="sm-1af">
         <name>__TI_ATRegion1_region_sz</name>
         <value>0x0</value>
      </symbol>
      <symbol id="sm-1b0">
         <name>__TI_ATRegion2_src_addr</name>
         <value>0x0</value>
      </symbol>
      <symbol id="sm-1b1">
         <name>__TI_ATRegion2_trg_addr</name>
         <value>0x0</value>
      </symbol>
      <symbol id="sm-1b2">
         <name>__TI_ATRegion2_region_sz</name>
         <value>0x0</value>
      </symbol>
      <symbol id="sm-1bb">
         <name>DL_Common_delayCycles</name>
         <value>0x3223</value>
         <object_component_ref idref="oc-132"/>
      </symbol>
      <symbol id="sm-1da">
         <name>DL_Timer_setClockConfig</name>
         <value>0x2e61</value>
         <object_component_ref idref="oc-14f"/>
      </symbol>
      <symbol id="sm-1db">
         <name>DL_Timer_initTimerMode</name>
         <value>0x16a1</value>
         <object_component_ref idref="oc-157"/>
      </symbol>
      <symbol id="sm-1dc">
         <name>DL_Timer_setCaptureCompareValue</name>
         <value>0x31c9</value>
         <object_component_ref idref="oc-b9"/>
      </symbol>
      <symbol id="sm-1dd">
         <name>DL_Timer_initPWMMode</name>
         <value>0x1af9</value>
         <object_component_ref idref="oc-18f"/>
      </symbol>
      <symbol id="sm-1de">
         <name>DL_Timer_setCaptureCompareOutCtl</name>
         <value>0x2f85</value>
         <object_component_ref idref="oc-151"/>
      </symbol>
      <symbol id="sm-1df">
         <name>DL_Timer_setCaptCompUpdateMethod</name>
         <value>0x2e45</value>
         <object_component_ref idref="oc-152"/>
      </symbol>
      <symbol id="sm-1e0">
         <name>DL_TimerA_initPWMMode</name>
         <value>0x2029</value>
         <object_component_ref idref="oc-150"/>
      </symbol>
      <symbol id="sm-1ed">
         <name>DL_UART_init</name>
         <value>0x2819</value>
         <object_component_ref idref="oc-161"/>
      </symbol>
      <symbol id="sm-1ee">
         <name>DL_UART_setClockConfig</name>
         <value>0x3173</value>
         <object_component_ref idref="oc-15b"/>
      </symbol>
      <symbol id="sm-1fc">
         <name>DL_SYSCTL_configSYSPLL</name>
         <value>0x186d</value>
         <object_component_ref idref="oc-144"/>
      </symbol>
      <symbol id="sm-1fd">
         <name>DL_SYSCTL_switchMCLKfromSYSOSCtoHSCLK</name>
         <value>0x2861</value>
         <object_component_ref idref="oc-14c"/>
      </symbol>
      <symbol id="sm-20e">
         <name>printf</name>
         <value>0x24e1</value>
         <object_component_ref idref="oc-d5"/>
      </symbol>
      <symbol id="sm-257">
         <name>__TI_printfi</name>
         <value>0xc1</value>
         <object_component_ref idref="oc-174"/>
      </symbol>
      <symbol id="sm-261">
         <name>frexp</name>
         <value>0x2485</value>
         <object_component_ref idref="oc-1db"/>
      </symbol>
      <symbol id="sm-262">
         <name>frexpl</name>
         <value>0x2485</value>
         <object_component_ref idref="oc-1db"/>
      </symbol>
      <symbol id="sm-26c">
         <name>scalbn</name>
         <value>0x1949</value>
         <object_component_ref idref="oc-1df"/>
      </symbol>
      <symbol id="sm-26d">
         <name>ldexp</name>
         <value>0x1949</value>
         <object_component_ref idref="oc-1df"/>
      </symbol>
      <symbol id="sm-26e">
         <name>scalbnl</name>
         <value>0x1949</value>
         <object_component_ref idref="oc-1df"/>
      </symbol>
      <symbol id="sm-26f">
         <name>ldexpl</name>
         <value>0x1949</value>
         <object_component_ref idref="oc-1df"/>
      </symbol>
      <symbol id="sm-278">
         <name>wcslen</name>
         <value>0x31e9</value>
         <object_component_ref idref="oc-1a3"/>
      </symbol>
      <symbol id="sm-283">
         <name>__aeabi_errno_addr</name>
         <value>0x3255</value>
         <object_component_ref idref="oc-1a7"/>
      </symbol>
      <symbol id="sm-284">
         <name>__aeabi_errno</name>
         <value>0x20200100</value>
         <object_component_ref idref="oc-1d1"/>
      </symbol>
      <symbol id="sm-28d">
         <name>_nop</name>
         <value>0x2027</value>
         <object_component_ref idref="oc-175"/>
      </symbol>
      <symbol id="sm-28e">
         <name>_lock</name>
         <value>0x20200104</value>
         <object_component_ref idref="oc-114"/>
      </symbol>
      <symbol id="sm-28f">
         <name>_unlock</name>
         <value>0x20200108</value>
         <object_component_ref idref="oc-11a"/>
      </symbol>
      <symbol id="sm-298">
         <name>__TI_ltoa</name>
         <value>0x253d</value>
         <object_component_ref idref="oc-1e7"/>
      </symbol>
      <symbol id="sm-2a3">
         <name>atoi</name>
         <value>0x2969</value>
         <object_component_ref idref="oc-19f"/>
      </symbol>
      <symbol id="sm-2a8">
         <name>_ftable</name>
         <value>0x20200000</value>
         <object_component_ref idref="oc-116"/>
      </symbol>
      <symbol id="sm-2b1">
         <name>memccpy</name>
         <value>0x2cc1</value>
         <object_component_ref idref="oc-194"/>
      </symbol>
      <symbol id="sm-2bd">
         <name>_c_int00_noargs</name>
         <value>0x2c75</value>
         <object_component_ref idref="oc-59"/>
      </symbol>
      <symbol id="sm-2be">
         <name>__stack</name>
         <value>0x20207e00</value>
         <object_component_ref idref="oc-1a"/>
      </symbol>
      <symbol id="sm-2ca">
         <name>__TI_auto_init_nobinit_nopinit</name>
         <value>0x29e5</value>
         <object_component_ref idref="oc-e3"/>
      </symbol>
      <symbol id="sm-2d2">
         <name>_system_pre_init</name>
         <value>0x3287</value>
         <object_component_ref idref="oc-8a"/>
      </symbol>
      <symbol id="sm-2dd">
         <name>__TI_zero_init_nomemset</name>
         <value>0x306d</value>
         <object_component_ref idref="oc-50"/>
      </symbol>
      <symbol id="sm-2e6">
         <name>__TI_decompress_none</name>
         <value>0x3197</value>
         <object_component_ref idref="oc-20"/>
      </symbol>
      <symbol id="sm-2f1">
         <name>__TI_decompress_lzss</name>
         <value>0x2129</value>
         <object_component_ref idref="oc-1c"/>
      </symbol>
      <symbol id="sm-2f4">
         <name>__aeabi_ctype_table_</name>
         <value>0x3290</value>
         <object_component_ref idref="oc-1ca"/>
      </symbol>
      <symbol id="sm-2f5">
         <name>__aeabi_ctype_table_C</name>
         <value>0x3290</value>
         <object_component_ref idref="oc-1ca"/>
      </symbol>
      <symbol id="sm-2ff">
         <name>abort</name>
         <value>0x3275</value>
         <object_component_ref idref="oc-dc"/>
      </symbol>
      <symbol id="sm-308">
         <name>HOSTexit</name>
         <value>0x327f</value>
         <object_component_ref idref="oc-11d"/>
      </symbol>
      <symbol id="sm-309">
         <name>C$$EXIT</name>
         <value>0x327e</value>
         <object_component_ref idref="oc-11d"/>
      </symbol>
      <symbol id="sm-319">
         <name>__aeabi_fadd</name>
         <value>0x1a2b</value>
         <object_component_ref idref="oc-ab"/>
      </symbol>
      <symbol id="sm-31a">
         <name>__addsf3</name>
         <value>0x1a2b</value>
         <object_component_ref idref="oc-ab"/>
      </symbol>
      <symbol id="sm-31b">
         <name>__aeabi_fsub</name>
         <value>0x1a21</value>
         <object_component_ref idref="oc-ab"/>
      </symbol>
      <symbol id="sm-31c">
         <name>__subsf3</name>
         <value>0x1a21</value>
         <object_component_ref idref="oc-ab"/>
      </symbol>
      <symbol id="sm-322">
         <name>__aeabi_dadd</name>
         <value>0xe97</value>
         <object_component_ref idref="oc-204"/>
      </symbol>
      <symbol id="sm-323">
         <name>__adddf3</name>
         <value>0xe97</value>
         <object_component_ref idref="oc-204"/>
      </symbol>
      <symbol id="sm-324">
         <name>__aeabi_dsub</name>
         <value>0xe8d</value>
         <object_component_ref idref="oc-204"/>
      </symbol>
      <symbol id="sm-325">
         <name>__subdf3</name>
         <value>0xe8d</value>
         <object_component_ref idref="oc-204"/>
      </symbol>
      <symbol id="sm-32e">
         <name>__aeabi_dmul</name>
         <value>0x1789</value>
         <object_component_ref idref="oc-1f0"/>
      </symbol>
      <symbol id="sm-32f">
         <name>__muldf3</name>
         <value>0x1789</value>
         <object_component_ref idref="oc-1f0"/>
      </symbol>
      <symbol id="sm-335">
         <name>__muldsi3</name>
         <value>0x2a21</value>
         <object_component_ref idref="oc-f8"/>
      </symbol>
      <symbol id="sm-33b">
         <name>__aeabi_fmul</name>
         <value>0x1e95</value>
         <object_component_ref idref="oc-a2"/>
      </symbol>
      <symbol id="sm-33c">
         <name>__mulsf3</name>
         <value>0x1e95</value>
         <object_component_ref idref="oc-a2"/>
      </symbol>
      <symbol id="sm-342">
         <name>__aeabi_fdiv</name>
         <value>0x1fa5</value>
         <object_component_ref idref="oc-a6"/>
      </symbol>
      <symbol id="sm-343">
         <name>__divsf3</name>
         <value>0x1fa5</value>
         <object_component_ref idref="oc-a6"/>
      </symbol>
      <symbol id="sm-349">
         <name>__aeabi_ddiv</name>
         <value>0x14a9</value>
         <object_component_ref idref="oc-200"/>
      </symbol>
      <symbol id="sm-34a">
         <name>__divdf3</name>
         <value>0x14a9</value>
         <object_component_ref idref="oc-200"/>
      </symbol>
      <symbol id="sm-350">
         <name>__aeabi_f2d</name>
         <value>0x2929</value>
         <object_component_ref idref="oc-d1"/>
      </symbol>
      <symbol id="sm-351">
         <name>__extendsfdf2</name>
         <value>0x2929</value>
         <object_component_ref idref="oc-d1"/>
      </symbol>
      <symbol id="sm-357">
         <name>__aeabi_d2iz</name>
         <value>0x27cd</value>
         <object_component_ref idref="oc-1e3"/>
      </symbol>
      <symbol id="sm-358">
         <name>__fixdfsi</name>
         <value>0x27cd</value>
         <object_component_ref idref="oc-1e3"/>
      </symbol>
      <symbol id="sm-35e">
         <name>__aeabi_f2iz</name>
         <value>0x2a5d</value>
         <object_component_ref idref="oc-70"/>
      </symbol>
      <symbol id="sm-35f">
         <name>__fixsfsi</name>
         <value>0x2a5d</value>
         <object_component_ref idref="oc-70"/>
      </symbol>
      <symbol id="sm-365">
         <name>__aeabi_i2d</name>
         <value>0x2b7d</value>
         <object_component_ref idref="oc-1eb"/>
      </symbol>
      <symbol id="sm-366">
         <name>__floatsidf</name>
         <value>0x2b7d</value>
         <object_component_ref idref="oc-1eb"/>
      </symbol>
      <symbol id="sm-36c">
         <name>__aeabi_i2f</name>
         <value>0x29a9</value>
         <object_component_ref idref="oc-9e"/>
      </symbol>
      <symbol id="sm-36d">
         <name>__floatsisf</name>
         <value>0x29a9</value>
         <object_component_ref idref="oc-9e"/>
      </symbol>
      <symbol id="sm-373">
         <name>__aeabi_lmul</name>
         <value>0x2c9d</value>
         <object_component_ref idref="oc-1ac"/>
      </symbol>
      <symbol id="sm-374">
         <name>__muldi3</name>
         <value>0x2c9d</value>
         <object_component_ref idref="oc-1ac"/>
      </symbol>
      <symbol id="sm-37a">
         <name>__aeabi_dcmpeq</name>
         <value>0x23c5</value>
         <object_component_ref idref="oc-1b6"/>
      </symbol>
      <symbol id="sm-37b">
         <name>__aeabi_dcmplt</name>
         <value>0x23d9</value>
         <object_component_ref idref="oc-1b6"/>
      </symbol>
      <symbol id="sm-37c">
         <name>__aeabi_dcmple</name>
         <value>0x23ed</value>
         <object_component_ref idref="oc-1b6"/>
      </symbol>
      <symbol id="sm-37d">
         <name>__aeabi_dcmpge</name>
         <value>0x2401</value>
         <object_component_ref idref="oc-1b6"/>
      </symbol>
      <symbol id="sm-37e">
         <name>__aeabi_dcmpgt</name>
         <value>0x2415</value>
         <object_component_ref idref="oc-1b6"/>
      </symbol>
      <symbol id="sm-384">
         <name>__aeabi_idiv</name>
         <value>0x25ed</value>
         <object_component_ref idref="oc-21a"/>
      </symbol>
      <symbol id="sm-385">
         <name>__aeabi_idivmod</name>
         <value>0x25ed</value>
         <object_component_ref idref="oc-21a"/>
      </symbol>
      <symbol id="sm-38b">
         <name>__aeabi_memcpy</name>
         <value>0x325d</value>
         <object_component_ref idref="oc-49"/>
      </symbol>
      <symbol id="sm-38c">
         <name>__aeabi_memcpy4</name>
         <value>0x325d</value>
         <object_component_ref idref="oc-49"/>
      </symbol>
      <symbol id="sm-38d">
         <name>__aeabi_memcpy8</name>
         <value>0x325d</value>
         <object_component_ref idref="oc-49"/>
      </symbol>
      <symbol id="sm-394">
         <name>__aeabi_memset</name>
         <value>0x31f9</value>
         <object_component_ref idref="oc-193"/>
      </symbol>
      <symbol id="sm-395">
         <name>__aeabi_memset4</name>
         <value>0x31f9</value>
         <object_component_ref idref="oc-193"/>
      </symbol>
      <symbol id="sm-396">
         <name>__aeabi_memset8</name>
         <value>0x31f9</value>
         <object_component_ref idref="oc-193"/>
      </symbol>
      <symbol id="sm-39c">
         <name>__aeabi_uidiv</name>
         <value>0x28e9</value>
         <object_component_ref idref="oc-199"/>
      </symbol>
      <symbol id="sm-39d">
         <name>__aeabi_uidivmod</name>
         <value>0x28e9</value>
         <object_component_ref idref="oc-199"/>
      </symbol>
      <symbol id="sm-3a3">
         <name>__aeabi_uldivmod</name>
         <value>0x3139</value>
         <object_component_ref idref="oc-1b1"/>
      </symbol>
      <symbol id="sm-3a9">
         <name>__udivmoddi4</name>
         <value>0x1df1</value>
         <object_component_ref idref="oc-1d6"/>
      </symbol>
      <symbol id="sm-3af">
         <name>__aeabi_llsl</name>
         <value>0x2d45</value>
         <object_component_ref idref="oc-20e"/>
      </symbol>
      <symbol id="sm-3b0">
         <name>__ashldi3</name>
         <value>0x2d45</value>
         <object_component_ref idref="oc-20e"/>
      </symbol>
      <symbol id="sm-3be">
         <name>__ledf2</name>
         <value>0x22f5</value>
         <object_component_ref idref="oc-1f8"/>
      </symbol>
      <symbol id="sm-3bf">
         <name>__gedf2</name>
         <value>0x21a5</value>
         <object_component_ref idref="oc-1fe"/>
      </symbol>
      <symbol id="sm-3c0">
         <name>__cmpdf2</name>
         <value>0x22f5</value>
         <object_component_ref idref="oc-1f8"/>
      </symbol>
      <symbol id="sm-3c1">
         <name>__eqdf2</name>
         <value>0x22f5</value>
         <object_component_ref idref="oc-1f8"/>
      </symbol>
      <symbol id="sm-3c2">
         <name>__ltdf2</name>
         <value>0x22f5</value>
         <object_component_ref idref="oc-1f8"/>
      </symbol>
      <symbol id="sm-3c3">
         <name>__nedf2</name>
         <value>0x22f5</value>
         <object_component_ref idref="oc-1f8"/>
      </symbol>
      <symbol id="sm-3c4">
         <name>__gtdf2</name>
         <value>0x21a5</value>
         <object_component_ref idref="oc-1fe"/>
      </symbol>
      <symbol id="sm-3d0">
         <name>__aeabi_idiv0</name>
         <value>0x101f</value>
         <object_component_ref idref="oc-1c4"/>
      </symbol>
      <symbol id="sm-3d1">
         <name>__aeabi_ldiv0</name>
         <value>0x1e93</value>
         <object_component_ref idref="oc-20d"/>
      </symbol>
      <symbol id="sm-3da">
         <name>TI_memcpy_small</name>
         <value>0x3185</value>
         <object_component_ref idref="oc-bf"/>
      </symbol>
      <symbol id="sm-3e3">
         <name>TI_memset_small</name>
         <value>0x3215</value>
         <object_component_ref idref="oc-102"/>
      </symbol>
      <symbol id="sm-3e4">
         <name>__TI_static_base__</name>
         <value>0x0</value>
      </symbol>
      <symbol id="sm-3e8">
         <name>__mpu_init</name>
         <value>0x0</value>
      </symbol>
      <symbol id="sm-3e9">
         <name>_system_post_cinit</name>
         <value>0x0</value>
      </symbol>
   </symbol_table>
   <title>Link successful</title>
</link_info>
