******************************************************************************
            TI ARM Clang Linker PC v4.0.3                      
******************************************************************************
>> Linked Mon Jul 28 16:24:35 2025

OUTPUT FILE NAME:   <motor.out>
ENTRY POINT SYMBOL: "_c_int00_noargs"  address: 00002ce1


MEMORY CONFIGURATION

         name            origin    length      used     unused   attr    fill
----------------------  --------  ---------  --------  --------  ----  --------
  FLASH                 00000000   00008000  000034e0  00004b20  R  X
  SRAM                  20200000   00004000  000003f2  00003c0e  RW X
  BCR_CONFIG            41c00000   000000ff  00000000  000000ff  R   
  BSL_CONFIG            41c00100   00000080  00000000  00000080  R   


SEGMENT ALLOCATION MAP

run origin  load origin   length   init length attrs members
----------  ----------- ---------- ----------- ----- -------
00000000    00000000    000034e0   000034e0    r-x
  00000000    00000000    000000c0   000000c0    r-- .intvecs
  000000c0    000000c0    00003220   00003220    r-x .text
  000032e0    000032e0    000001a0   000001a0    r-- .rodata
  00003480    00003480    00000060   00000060    r-- .cinit
20200000    20200000    000001f2   00000000    rw-
  20200000    20200000    0000010c   00000000    rw- .data
  2020010c    2020010c    000000e6   00000000    rw- .bss
20203e00    20203e00    00000200   00000000    rw-
  20203e00    20203e00    00000200   00000000    rw- .stack


SECTION ALLOCATION MAP

 output                                  attributes/
section   page    origin      length       input sections
--------  ----  ----------  ----------   ----------------
.intvecs   0    00000000    000000c0     
                  00000000    000000c0     startup_mspm0g350x_ticlang.o (.intvecs)

.text      0    000000c0    00003220     
                  000000c0    000009d0     libc.a : _printfi.c.obj (.text:__TI_printfi)
                  00000a90    00000220            : _printfi.c.obj (.text._pconv_a)
                  00000cb0    000001dc            : _printfi.c.obj (.text._pconv_g)
                  00000e8c    00000192     libclang_rt.builtins.a : adddf3.S.obj (.text.adddf3_subdf3)
                  0000101e    00000002                            : aeabi_div0.c.obj (.text.__aeabi_idiv0)
                  00001020    0000013c     libc.a : _printfi.c.obj (.text.fcvt)
                  0000115c    00000120     encoder.o (.text.GROUP1_IRQHandler)
                  0000127c    00000120     libc.a : _printfi.c.obj (.text._pconv_e)
                  0000139c    0000011c     ti_msp_dl_config.o (.text.SYSCFG_DL_GPIO_init)
                  000014b8    0000010c     motor.o (.text.Set_PWM)
                  000015c4    0000010c     libclang_rt.builtins.a : divdf3.S.obj (.text.__divdf3)
                  000016d0    00000104     driverlib.a : dl_timer.o (.text.DL_Timer_initFourCCPWMMode)
                  000017d4    000000e8                 : dl_timer.o (.text.DL_Timer_initTimerMode)
                  000018bc    000000e4     libclang_rt.builtins.a : muldf3.S.obj (.text.__muldf3)
                  000019a0    000000dc     driverlib.a : dl_sysctl_mspm0g1x0x_g3x0x.o (.text.DL_SYSCTL_configSYSPLL)
                  00001a7c    000000d8     libc.a : s_scalbn.c.obj (.text.scalbn)
                  00001b54    000000d8     libclang_rt.builtins.a : addsf3.S.obj (.text)
                  00001c2c    000000c4     motor.o (.text.Velocity_A)
                  00001cf0    000000c4     motor.o (.text.Velocity_B)
                  00001db4    000000ac     empty.o (.text.TIMG0_IRQHandler)
                  00001e60    000000a2     libclang_rt.builtins.a : udivmoddi4.S.obj (.text)
                  00001f02    00000002                            : aeabi_div0.c.obj (.text.__aeabi_ldiv0)
                  00001f04    0000008c     ti_msp_dl_config.o (.text.SYSCFG_DL_PWM_0_init)
                  00001f90    0000008c     libclang_rt.builtins.a : mulsf3.S.obj (.text.__mulsf3)
                  0000201c    00000084     ti_msp_dl_config.o (.text.__NVIC_SetPriority)
                  000020a0    00000082     libclang_rt.builtins.a : divsf3.S.obj (.text.__divsf3)
                  00002122    00000002     libc.a : _lock.c.obj (.text._nop)
                  00002124    0000007c            : copy_decompress_lzss.c.obj (.text:decompress:lzss)
                  000021a0    00000074     libclang_rt.builtins.a : comparedf2.c.obj (.text.__gedf2)
                  00002214    00000074     empty.o (.text.main)
                  00002288    00000068     ti_msp_dl_config.o (.text.SYSCFG_DL_initPower)
                  000022f0    00000068     libclang_rt.builtins.a : comparedf2.c.obj (.text.__ledf2)
                  00002358    00000066     libc.a : _printfi.c.obj (.text._mcpy)
                  000023be    00000002     --HOLE-- [fill = 0]
                  000023c0    00000062     libclang_rt.builtins.a : aeabi_dcmp.S.obj (.text.__aeabi_dcmp)
                  00002422    00000002     --HOLE-- [fill = 0]
                  00002424    0000005c     ti_msp_dl_config.o (.text.SYSCFG_DL_UART_0_init)
                  00002480    0000005c     libc.a : s_frexp.c.obj (.text.frexp)
                  000024dc    0000005c            : printf.c.obj (.text.printf)
                  00002538    00000058            : _ltoa.c.obj (.text.__TI_ltoa)
                  00002590    00000058            : _printfi.c.obj (.text._pconv_f)
                  000025e8    00000056     libclang_rt.builtins.a : aeabi_idivmod.S.obj (.text.__aeabi_idivmod)
                  0000263e    00000052     libc.a : _printfi.c.obj (.text._ecpy)
                  00002690    00000050     encoder.o (.text.Calculate_Motor_RPM)
                  000026e0    00000050     board.o (.text.fputs)
                  00002730    0000004c     ti_msp_dl_config.o (.text.DL_UART_setBaudRateDivisor)
                  0000277c    0000004c     ti_msp_dl_config.o (.text.SYSCFG_DL_SYSCTL_init)
                  000027c8    0000004a     libclang_rt.builtins.a : fixdfsi.S.obj (.text.__fixdfsi)
                  00002812    00000002     --HOLE-- [fill = 0]
                  00002814    00000048     driverlib.a : dl_uart.o (.text.DL_UART_init)
                  0000285c    00000044                 : dl_sysctl_mspm0g1x0x_g3x0x.o (.text.DL_SYSCTL_switchMCLKfromSYSOSCtoHSCLK)
                  000028a0    00000044     led.o (.text.LED_Flash)
                  000028e4    00000040     libclang_rt.builtins.a : aeabi_uidivmod.S.obj (.text.__aeabi_uidivmod)
                  00002924    00000040                            : extendsfdf2.S.obj (.text.__extendsfdf2)
                  00002964    00000040     libc.a : atoi.c.obj (.text.atoi)
                  000029a4    0000003c     ti_msp_dl_config.o (.text.DL_Timer_setCounterControl)
                  000029e0    0000003c     libclang_rt.builtins.a : floatsisf.S.obj (.text.__floatsisf)
                  00002a1c    0000003c     libc.a : autoinit.c.obj (.text:__TI_auto_init_nobinit_nopinit)
                  00002a58    0000003a     libclang_rt.builtins.a : muldsi3.S.obj (.text.__muldsi3)
                  00002a92    00000002     --HOLE-- [fill = 0]
                  00002a94    00000038                            : fixsfsi.S.obj (.text.__fixsfsi)
                  00002acc    00000034     ti_msp_dl_config.o (.text.DL_GPIO_initDigitalInputFeatures)
                  00002b00    00000034     ti_msp_dl_config.o (.text.SYSCFG_DL_TIMER_0_init)
                  00002b34    00000030     libc.a : _printfi.c.obj (.text._fcpy)
                  00002b64    0000002c     ti_msp_dl_config.o (.text.SYSCFG_DL_init)
                  00002b90    0000002c     empty.o (.text.__NVIC_ClearPendingIRQ)
                  00002bbc    0000002c     empty.o (.text.__NVIC_EnableIRQ)
                  00002be8    0000002c     libclang_rt.builtins.a : floatsidf.S.obj (.text.__floatsidf)
                  00002c14    0000002c     board.o (.text.fputc)
                  00002c40    00000028     ti_msp_dl_config.o (.text.DL_Common_updateReg)
                  00002c68    00000028     ti_msp_dl_config.o (.text.DL_SYSTICK_init)
                  00002c90    00000028     ti_msp_dl_config.o (.text.DL_UART_setRXFIFOThreshold)
                  00002cb8    00000028     ti_msp_dl_config.o (.text.DL_UART_setTXFIFOThreshold)
                  00002ce0    00000028     libc.a : boot_cortex_m.c.obj (.text:_c_int00_noargs)
                  00002d08    00000024     libclang_rt.builtins.a : muldi3.S.obj (.text.__muldi3)
                  00002d2c    00000022     libc.a : memccpy.c.obj (.text.memccpy)
                  00002d4e    00000002     --HOLE-- [fill = 0]
                  00002d50    00000020     ti_msp_dl_config.o (.text.DL_GPIO_initPeripheralInputFunction)
                  00002d70    00000020     ti_msp_dl_config.o (.text.DL_SYSCTL_setFlashWaitState)
                  00002d90    0000001e     ti_msp_dl_config.o (.text.DL_UART_setOversampling)
                  00002dae    00000002     --HOLE-- [fill = 0]
                  00002db0    0000001e     libclang_rt.builtins.a : ashldi3.S.obj (.text.__ashldi3)
                  00002dce    00000002     --HOLE-- [fill = 0]
                  00002dd0    0000001c     encoder.o (.text.DL_GPIO_clearInterruptStatus)
                  00002dec    0000001c     ti_msp_dl_config.o (.text.DL_GPIO_clearInterruptStatus)
                  00002e08    0000001c     ti_msp_dl_config.o (.text.DL_GPIO_enableInterrupt)
                  00002e24    0000001c     ti_msp_dl_config.o (.text.DL_GPIO_initPeripheralOutputFunction)
                  00002e40    0000001c     ti_msp_dl_config.o (.text.DL_SYSCTL_setSYSOSCFreq)
                  00002e5c    0000001c     ti_msp_dl_config.o (.text.DL_SYSCTL_setULPCLKDivider)
                  00002e78    0000001c     ti_msp_dl_config.o (.text.DL_Timer_enableInterrupt)
                  00002e94    0000001c     driverlib.a : dl_timer.o (.text.DL_Timer_setCaptCompUpdateMethod)
                  00002eb0    0000001c                 : dl_timer.o (.text.DL_Timer_setClockConfig)
                  00002ecc    00000018     ti_msp_dl_config.o (.text.DL_GPIO_enableOutput)
                  00002ee4    00000018     ti_msp_dl_config.o (.text.DL_GPIO_enablePower)
                  00002efc    00000018     encoder.o (.text.DL_GPIO_getEnabledInterruptStatus)
                  00002f14    00000018     ti_msp_dl_config.o (.text.DL_GPIO_initDigitalOutput)
                  00002f2c    00000018     ti_msp_dl_config.o (.text.DL_GPIO_reset)
                  00002f44    00000018     motor.o (.text.DL_GPIO_setPins)
                  00002f5c    00000018     ti_msp_dl_config.o (.text.DL_GPIO_setUpperPinsPolarity)
                  00002f74    00000018     led.o (.text.DL_GPIO_togglePins)
                  00002f8c    00000018     ti_msp_dl_config.o (.text.DL_SYSCTL_setBORThreshold)
                  00002fa4    00000018     ti_msp_dl_config.o (.text.DL_Timer_enablePower)
                  00002fbc    00000018     ti_msp_dl_config.o (.text.DL_Timer_reset)
                  00002fd4    00000018     driverlib.a : dl_timer.o (.text.DL_Timer_setCaptureCompareOutCtl)
                  00002fec    00000018     empty.o (.text.DL_Timer_startCounter)
                  00003004    00000018     ti_msp_dl_config.o (.text.DL_UART_enableFIFOs)
                  0000301c    00000018     ti_msp_dl_config.o (.text.DL_UART_enablePower)
                  00003034    00000018     board.o (.text.DL_UART_isBusy)
                  0000304c    00000018     ti_msp_dl_config.o (.text.DL_UART_reset)
                  00003064    00000016     encoder.o (.text.DL_GPIO_readPins)
                  0000307a    00000016     ti_msp_dl_config.o (.text.DL_UART_enable)
                  00003090    00000016     ti_msp_dl_config.o (.text.DL_UART_enableLoopbackMode)
                  000030a6    00000016     board.o (.text.DL_UART_transmitData)
                  000030bc    00000016     libc.a : copy_zero_init.c.obj (.text:decompress:ZI:__TI_zero_init_nomemset)
                  000030d2    00000014     led.o (.text.DL_GPIO_clearPins)
                  000030e6    00000014     motor.o (.text.DL_GPIO_clearPins)
                  000030fa    00000014     ti_msp_dl_config.o (.text.DL_GPIO_clearPins)
                  0000310e    00000002     --HOLE-- [fill = 0]
                  00003110    00000014     ti_msp_dl_config.o (.text.DL_SYSCTL_disableSYSPLL)
                  00003124    00000014     ti_msp_dl_config.o (.text.DL_SYSCTL_enableMFCLK)
                  00003138    00000014     ti_msp_dl_config.o (.text.DL_Timer_enableClock)
                  0000314c    00000014     ti_msp_dl_config.o (.text.DL_Timer_setCCPDirection)
                  00003160    00000014     led.o (.text.LED_ON)
                  00003174    00000014     led.o (.text.LED_Toggle)
                  00003188    00000014     libclang_rt.builtins.a : aeabi_uldivmod.S.obj (.text.__aeabi_uldivmod)
                  0000319c    00000014     libc.a : _printfi.c.obj (.text.strchr)
                  000031b0    00000012     empty.o (.text.DL_Timer_getPendingInterrupt)
                  000031c2    00000012     driverlib.a : dl_uart.o (.text.DL_UART_setClockConfig)
                  000031d4    00000012     libc.a : memcpy16.S.obj (.text:TI_memcpy_small)
                  000031e6    00000012            : copy_decompress_none.c.obj (.text:decompress:none)
                  000031f8    00000010     ti_msp_dl_config.o (.text.DL_SYSCTL_disableHFXT)
                  00003208    00000010     ti_msp_dl_config.o (.text.DL_SYSTICK_enable)
                  00003218    00000010     driverlib.a : dl_timer.o (.text.DL_Timer_setCaptureCompareValue)
                  00003228    00000010     ti_msp_dl_config.o (.text.SYSCFG_DL_SYSTICK_init)
                  00003238    00000010     libc.a : wcslen.c.obj (.text.wcslen)
                  00003248    0000000e     libclang_rt.builtins.a : aeabi_memset.S.obj (.text.__aeabi_memset)
                  00003256    0000000e     libc.a : _printfi.c.obj (.text.strlen)
                  00003264    0000000e            : memset16.S.obj (.text:TI_memset_small)
                  00003272    0000000a     driverlib.a : dl_common.o (.text.DL_Common_delayCycles)
                  0000327c    0000000a     libc.a : _printfi.c.obj (.text.OUTLINED_FUNCTION_0)
                  00003286    00000002     --HOLE-- [fill = 0]
                  00003288    00000010     libclang_rt.builtins.a : adddf3.S.obj (.tramp.__aeabi_dsub.1)
                  00003298    0000000a     libc.a : _printfi.c.obj (.text.OUTLINED_FUNCTION_1)
                  000032a2    00000002     --HOLE-- [fill = 0]
                  000032a4    00000008            : aeabi_portable.c.obj (.text.__aeabi_errno_addr)
                  000032ac    00000008     libclang_rt.builtins.a : aeabi_memcpy.S.obj (.text.__aeabi_memcpy)
                  000032b4    00000008     libc.a : printf.c.obj (.text._outc)
                  000032bc    00000008            : printf.c.obj (.text._outs)
                  000032c4    00000006            : exit.c.obj (.text:abort)
                  000032ca    00000004     startup_mspm0g350x_ticlang.o (.text.Default_Handler)
                  000032ce    00000004     libsysbm.a : hostexit.c.obj (.text.HOSTexit)
                  000032d2    00000004     startup_mspm0g350x_ticlang.o (.text.Reset_Handler)
                  000032d6    00000004     libc.a : pre_init.c.obj (.text._system_pre_init)
                  000032da    00000006     --HOLE-- [fill = 0]

.cinit     0    00003480    00000060     
                  00003480    00000035     (.cinit..data.load) [load image, compression = lzss]
                  000034b5    00000003     --HOLE-- [fill = 0]
                  000034b8    0000000c     (__TI_handler_table)
                  000034c4    00000008     (.cinit..bss.load) [load image, compression = zero_init]
                  000034cc    00000010     (__TI_cinit_table)
                  000034dc    00000004     --HOLE-- [fill = 0]

.rodata    0    000032e0    000001a0     
                  000032e0    00000101     libc.a : aeabi_ctype.S.obj (.rodata:__aeabi_ctype_table_)
                  000033e1    00000003     ti_msp_dl_config.o (.rodata.gPWM_0ClockConfig)
                  000033e4    00000028     ti_msp_dl_config.o (.rodata.gSYSPLLConfig)
                  0000340c    0000001e     empty.o (.rodata.str1.9517790425240694019.1)
                  0000342a    00000002     ti_msp_dl_config.o (.rodata.gUART_0ClockConfig)
                  0000342c    00000014     ti_msp_dl_config.o (.rodata.gTIMER_0TimerConfig)
                  00003440    00000011     libc.a : _printfi.c.obj (.rodata.str1.10348868589481759720.1)
                  00003451    00000011            : _printfi.c.obj (.rodata.str1.15363888844622738466.1)
                  00003462    0000000a     ti_msp_dl_config.o (.rodata.gUART_0Config)
                  0000346c    00000008     ti_msp_dl_config.o (.rodata.gPWM_0Config)
                  00003474    00000003     ti_msp_dl_config.o (.rodata.gTIMER_0ClockConfig)
                  00003477    00000009     --HOLE-- [fill = 0]

.init_array 
*          0    00000000    00000000     UNINITIALIZED

.binit     0    00000000    00000000     

.data      0    20200000    0000010c     UNINITIALIZED
                  20200000    000000f0     libc.a : defs.c.obj (.data._ftable)
                  202000f0    00000004     empty.o (.data.MA_RPM)
                  202000f4    00000004     empty.o (.data.MB_RPM)
                  202000f8    00000004     motor.o (.data.Velcity_Ki)
                  202000fc    00000004     motor.o (.data.Velcity_Kp)
                  20200100    00000004     libc.a : aeabi_portable.c.obj (.data.__aeabi_errno)
                  20200104    00000004            : _lock.c.obj (.data._lock)
                  20200108    00000004            : _lock.c.obj (.data._unlock)

.bss       0    2020010c    000000e6     UNINITIALIZED
                  2020010c    000000bc     (.common:gPWM_0Backup)
                  202001c8    00000004     motor.o (.bss.Velocity_A.ControlVelocityA)
                  202001cc    00000004     motor.o (.bss.Velocity_A.Last_biasA)
                  202001d0    00000004     motor.o (.bss.Velocity_B.ControlVelocityB)
                  202001d4    00000004     motor.o (.bss.Velocity_B.Last_biasB)
                  202001d8    00000004     (.common:Get_Encoder_countA)
                  202001dc    00000004     (.common:Get_Encoder_countB)
                  202001e0    00000004     (.common:PWMA)
                  202001e4    00000004     (.common:PWMB)
                  202001e8    00000004     (.common:gpio_interrup1)
                  202001ec    00000004     (.common:gpio_interrup2)
                  202001f0    00000002     led.o (.bss.LED_Flash.temp)

.stack     0    20203e00    00000200     UNINITIALIZED
                  20203e00    00000004     libc.a : boot_cortex_m.c.obj (.stack)
                  20203e04    000001fc     --HOLE--

__llvm_prf_cnts 
*          0    20200000    00000000     UNINITIALIZED

__llvm_prf_bits 
*          0    20200000    00000000     UNINITIALIZED

MODULE SUMMARY

       Module                         code    ro data   rw data
       ------                         ----    -------   -------
    .\
       ti_msp_dl_config.o             1990    86        188    
       empty.o                        418     30        16     
       startup_mspm0g350x_ticlang.o   8       192       0      
    +--+------------------------------+-------+---------+---------+
       Total:                         2416    308       204    
                                                               
    .\Hardware\
       motor.o                        704     0         24     
       encoder.o                      442     0         16     
       board.o                        170     0         0      
       led.o                          152     0         2      
    +--+------------------------------+-------+---------+---------+
       Total:                         1468    0         42     
                                                               
    D:/Programe File/ccs/mspm0_sdk_2_05_01_00/source/ti/driverlib/lib/ticlang/m0p/mspm0g1x0x_g3x0x/driverlib.a
       dl_timer.o                     588     0         0      
       dl_sysctl_mspm0g1x0x_g3x0x.o   288     0         0      
       dl_uart.o                      90      0         0      
       dl_common.o                    10      0         0      
    +--+------------------------------+-------+---------+---------+
       Total:                         976     0         0      
                                                               
    D:\Programe File\ccs\ccs\tools\compiler\ti-cgt-armllvm_4.0.3.LTS\lib\armv6m-ti-none-eabi/c/libc.a
       _printfi.c.obj                 4510    34        0      
       aeabi_ctype.S.obj              0       257       0      
       defs.c.obj                     0       0         240    
       s_scalbn.c.obj                 216     0         0      
       copy_decompress_lzss.c.obj     124     0         0      
       printf.c.obj                   108     0         0      
       s_frexp.c.obj                  92      0         0      
       _ltoa.c.obj                    88      0         0      
       atoi.c.obj                     64      0         0      
       autoinit.c.obj                 60      0         0      
       boot_cortex_m.c.obj            40      0         0      
       memccpy.c.obj                  34      0         0      
       copy_zero_init.c.obj           22      0         0      
       copy_decompress_none.c.obj     18      0         0      
       memcpy16.S.obj                 18      0         0      
       wcslen.c.obj                   16      0         0      
       memset16.S.obj                 14      0         0      
       aeabi_portable.c.obj           8       0         4      
       _lock.c.obj                    2       0         8      
       exit.c.obj                     6       0         0      
       pre_init.c.obj                 4       0         0      
    +--+------------------------------+-------+---------+---------+
       Total:                         5444    291       252    
                                                               
    D:\Programe File\ccs\ccs\tools\compiler\ti-cgt-armllvm_4.0.3.LTS\lib\armv6m-ti-none-eabi/c/libsysbm.a
       hostexit.c.obj                 4       0         0      
    +--+------------------------------+-------+---------+---------+
       Total:                         4       0         0      
                                                               
    D:\Programe File\ccs\ccs\tools\compiler\ti-cgt-armllvm_4.0.3.LTS\lib\armv6m-ti-none-eabi/libclang_rt.builtins.a
       adddf3.S.obj                   418     0         0      
       divdf3.S.obj                   268     0         0      
       muldf3.S.obj                   228     0         0      
       comparedf2.c.obj               220     0         0      
       addsf3.S.obj                   216     0         0      
       udivmoddi4.S.obj               162     0         0      
       mulsf3.S.obj                   140     0         0      
       divsf3.S.obj                   130     0         0      
       aeabi_dcmp.S.obj               98      0         0      
       aeabi_idivmod.S.obj            86      0         0      
       fixdfsi.S.obj                  74      0         0      
       aeabi_uidivmod.S.obj           64      0         0      
       extendsfdf2.S.obj              64      0         0      
       floatsisf.S.obj                60      0         0      
       muldsi3.S.obj                  58      0         0      
       fixsfsi.S.obj                  56      0         0      
       floatsidf.S.obj                44      0         0      
       muldi3.S.obj                   36      0         0      
       ashldi3.S.obj                  30      0         0      
       aeabi_uldivmod.S.obj           20      0         0      
       aeabi_memset.S.obj             14      0         0      
       aeabi_memcpy.S.obj             8       0         0      
       aeabi_div0.c.obj               4       0         0      
    +--+------------------------------+-------+---------+---------+
       Total:                         2498    0         0      
                                                               
       Stack:                         0       0         512    
       Linker Generated:              0       89        0      
    +--+------------------------------+-------+---------+---------+
       Grand Total:                   12806   688       1010   


LINKER GENERATED COPY TABLES

__TI_cinit_table @ 000034cc records: 2, size/record: 8, table size: 16
	.data: load addr=00003480, load size=00000035 bytes, run addr=20200000, run size=0000010c bytes, compression=lzss
	.bss: load addr=000034c4, load size=00000008 bytes, run addr=2020010c, run size=000000e6 bytes, compression=zero_init


LINKER GENERATED HANDLER TABLE

__TI_handler_table @ 000034b8 records: 3, size/record: 4, table size: 12
	index: 0, handler: __TI_decompress_lzss
	index: 1, handler: __TI_decompress_none
	index: 2, handler: __TI_zero_init


FAR CALL TRAMPOLINES

callee name               trampoline name
   callee addr  tramp addr   call addr  call info
--------------  -----------  ---------  ----------------
__aeabi_dsub              $Tramp$TT$L$PI$$__aeabi_dsub
   00000e8d     00003288     00003284   libc.a : _printfi.c.obj (.text.OUTLINED_FUNCTION_0)

[1 trampolines]
[1 trampoline calls]


GLOBAL SYMBOLS: SORTED ALPHABETICALLY BY Name 

address   name                                 
-------   ----                                 
000032cb  ADC0_IRQHandler                      
000032cb  ADC1_IRQHandler                      
000032cb  AES_IRQHandler                       
000032ce  C$$EXIT                              
000032cb  CANFD0_IRQHandler                    
00002691  Calculate_Motor_RPM                  
000032cb  DAC0_IRQHandler                      
00003273  DL_Common_delayCycles                
000019a1  DL_SYSCTL_configSYSPLL               
0000285d  DL_SYSCTL_switchMCLKfromSYSOSCtoHSCLK
000016d1  DL_Timer_initFourCCPWMMode           
000017d5  DL_Timer_initTimerMode               
00002e95  DL_Timer_setCaptCompUpdateMethod     
00002fd5  DL_Timer_setCaptureCompareOutCtl     
00003219  DL_Timer_setCaptureCompareValue      
00002eb1  DL_Timer_setClockConfig              
00002815  DL_UART_init                         
000031c3  DL_UART_setClockConfig               
000032cb  DMA_IRQHandler                       
000032cb  Default_Handler                      
000032cb  GROUP0_IRQHandler                    
0000115d  GROUP1_IRQHandler                    
202001d8  Get_Encoder_countA                   
202001dc  Get_Encoder_countB                   
000032cf  HOSTexit                             
000032cb  HardFault_Handler                    
000032cb  I2C0_IRQHandler                      
000032cb  I2C1_IRQHandler                      
000028a1  LED_Flash                            
00003161  LED_ON                               
00003175  LED_Toggle                           
202000f0  MA_RPM                               
202000f4  MB_RPM                               
000032cb  NMI_Handler                          
202001e0  PWMA                                 
202001e4  PWMB                                 
000032cb  PendSV_Handler                       
000032cb  RTC_IRQHandler                       
000032d3  Reset_Handler                        
000032cb  SPI0_IRQHandler                      
000032cb  SPI1_IRQHandler                      
000032cb  SVC_Handler                          
0000139d  SYSCFG_DL_GPIO_init                  
00001f05  SYSCFG_DL_PWM_0_init                 
0000277d  SYSCFG_DL_SYSCTL_init                
00003229  SYSCFG_DL_SYSTICK_init               
00002b01  SYSCFG_DL_TIMER_0_init               
00002425  SYSCFG_DL_UART_0_init                
00002b65  SYSCFG_DL_init                       
00002289  SYSCFG_DL_initPower                  
000014b9  Set_PWM                              
000032cb  SysTick_Handler                      
000032cb  TIMA0_IRQHandler                     
000032cb  TIMA1_IRQHandler                     
00001db5  TIMG0_IRQHandler                     
000032cb  TIMG12_IRQHandler                    
000032cb  TIMG6_IRQHandler                     
000032cb  TIMG7_IRQHandler                     
000032cb  TIMG8_IRQHandler                     
000031d5  TI_memcpy_small                      
00003265  TI_memset_small                      
000032cb  UART0_IRQHandler                     
000032cb  UART1_IRQHandler                     
000032cb  UART2_IRQHandler                     
000032cb  UART3_IRQHandler                     
202000f8  Velcity_Ki                           
202000fc  Velcity_Kp                           
00001c2d  Velocity_A                           
00001cf1  Velocity_B                           
20204000  __STACK_END                          
00000200  __STACK_SIZE                         
00000000  __TI_ATRegion0_region_sz             
00000000  __TI_ATRegion0_src_addr              
00000000  __TI_ATRegion0_trg_addr              
00000000  __TI_ATRegion1_region_sz             
00000000  __TI_ATRegion1_src_addr              
00000000  __TI_ATRegion1_trg_addr              
00000000  __TI_ATRegion2_region_sz             
00000000  __TI_ATRegion2_src_addr              
00000000  __TI_ATRegion2_trg_addr              
000034cc  __TI_CINIT_Base                      
000034dc  __TI_CINIT_Limit                     
000034dc  __TI_CINIT_Warm                      
000034b8  __TI_Handler_Table_Base              
000034c4  __TI_Handler_Table_Limit             
00002a1d  __TI_auto_init_nobinit_nopinit       
00002125  __TI_decompress_lzss                 
000031e7  __TI_decompress_none                 
00002539  __TI_ltoa                            
ffffffff  __TI_pprof_out_hndl                  
000000c1  __TI_printfi                         
ffffffff  __TI_prof_data_size                  
ffffffff  __TI_prof_data_start                 
00000000  __TI_static_base__                   
000030bd  __TI_zero_init_nomemset              
00000e97  __adddf3                             
00001b5f  __addsf3                             
000032e0  __aeabi_ctype_table_                 
000032e0  __aeabi_ctype_table_C                
000027c9  __aeabi_d2iz                         
00000e97  __aeabi_dadd                         
000023c1  __aeabi_dcmpeq                       
000023fd  __aeabi_dcmpge                       
00002411  __aeabi_dcmpgt                       
000023e9  __aeabi_dcmple                       
000023d5  __aeabi_dcmplt                       
000015c5  __aeabi_ddiv                         
000018bd  __aeabi_dmul                         
00000e8d  __aeabi_dsub                         
20200100  __aeabi_errno                        
000032a5  __aeabi_errno_addr                   
00002925  __aeabi_f2d                          
00002a95  __aeabi_f2iz                         
00001b5f  __aeabi_fadd                         
000020a1  __aeabi_fdiv                         
00001f91  __aeabi_fmul                         
00001b55  __aeabi_fsub                         
00002be9  __aeabi_i2d                          
000029e1  __aeabi_i2f                          
000025e9  __aeabi_idiv                         
0000101f  __aeabi_idiv0                        
000025e9  __aeabi_idivmod                      
00001f03  __aeabi_ldiv0                        
00002db1  __aeabi_llsl                         
00002d09  __aeabi_lmul                         
000032ad  __aeabi_memcpy                       
000032ad  __aeabi_memcpy4                      
000032ad  __aeabi_memcpy8                      
00003249  __aeabi_memset                       
00003249  __aeabi_memset4                      
00003249  __aeabi_memset8                      
000028e5  __aeabi_uidiv                        
000028e5  __aeabi_uidivmod                     
00003189  __aeabi_uldivmod                     
00002db1  __ashldi3                            
ffffffff  __binit__                            
000022f1  __cmpdf2                             
000015c5  __divdf3                             
000020a1  __divsf3                             
000022f1  __eqdf2                              
00002925  __extendsfdf2                        
000027c9  __fixdfsi                            
00002a95  __fixsfsi                            
00002be9  __floatsidf                          
000029e1  __floatsisf                          
000021a1  __gedf2                              
000021a1  __gtdf2                              
000022f1  __ledf2                              
000022f1  __ltdf2                              
UNDEFED   __mpu_init                           
000018bd  __muldf3                             
00002d09  __muldi3                             
00002a59  __muldsi3                            
00001f91  __mulsf3                             
000022f1  __nedf2                              
20203e00  __stack                              
20200000  __start___llvm_prf_bits              
20200000  __start___llvm_prf_cnts              
20200000  __stop___llvm_prf_bits               
20200000  __stop___llvm_prf_cnts               
00000e8d  __subdf3                             
00001b55  __subsf3                             
00001e61  __udivmoddi4                         
00002ce1  _c_int00_noargs                      
20200000  _ftable                              
20200104  _lock                                
00002123  _nop                                 
UNDEFED   _system_post_cinit                   
000032d7  _system_pre_init                     
20200108  _unlock                              
000032c5  abort                                
00002965  atoi                                 
ffffffff  binit                                
00002c15  fputc                                
000026e1  fputs                                
00002481  frexp                                
00002481  frexpl                               
2020010c  gPWM_0Backup                         
202001e8  gpio_interrup1                       
202001ec  gpio_interrup2                       
00000000  interruptVectors                     
00001a7d  ldexp                                
00001a7d  ldexpl                               
00002215  main                                 
00002d2d  memccpy                              
000024dd  printf                               
00001a7d  scalbn                               
00001a7d  scalbnl                              
00003239  wcslen                               


GLOBAL SYMBOLS: SORTED BY Symbol Address 

address   name                                 
-------   ----                                 
00000000  __TI_ATRegion0_region_sz             
00000000  __TI_ATRegion0_src_addr              
00000000  __TI_ATRegion0_trg_addr              
00000000  __TI_ATRegion1_region_sz             
00000000  __TI_ATRegion1_src_addr              
00000000  __TI_ATRegion1_trg_addr              
00000000  __TI_ATRegion2_region_sz             
00000000  __TI_ATRegion2_src_addr              
00000000  __TI_ATRegion2_trg_addr              
00000000  __TI_static_base__                   
00000000  interruptVectors                     
000000c1  __TI_printfi                         
00000200  __STACK_SIZE                         
00000e8d  __aeabi_dsub                         
00000e8d  __subdf3                             
00000e97  __adddf3                             
00000e97  __aeabi_dadd                         
0000101f  __aeabi_idiv0                        
0000115d  GROUP1_IRQHandler                    
0000139d  SYSCFG_DL_GPIO_init                  
000014b9  Set_PWM                              
000015c5  __aeabi_ddiv                         
000015c5  __divdf3                             
000016d1  DL_Timer_initFourCCPWMMode           
000017d5  DL_Timer_initTimerMode               
000018bd  __aeabi_dmul                         
000018bd  __muldf3                             
000019a1  DL_SYSCTL_configSYSPLL               
00001a7d  ldexp                                
00001a7d  ldexpl                               
00001a7d  scalbn                               
00001a7d  scalbnl                              
00001b55  __aeabi_fsub                         
00001b55  __subsf3                             
00001b5f  __addsf3                             
00001b5f  __aeabi_fadd                         
00001c2d  Velocity_A                           
00001cf1  Velocity_B                           
00001db5  TIMG0_IRQHandler                     
00001e61  __udivmoddi4                         
00001f03  __aeabi_ldiv0                        
00001f05  SYSCFG_DL_PWM_0_init                 
00001f91  __aeabi_fmul                         
00001f91  __mulsf3                             
000020a1  __aeabi_fdiv                         
000020a1  __divsf3                             
00002123  _nop                                 
00002125  __TI_decompress_lzss                 
000021a1  __gedf2                              
000021a1  __gtdf2                              
00002215  main                                 
00002289  SYSCFG_DL_initPower                  
000022f1  __cmpdf2                             
000022f1  __eqdf2                              
000022f1  __ledf2                              
000022f1  __ltdf2                              
000022f1  __nedf2                              
000023c1  __aeabi_dcmpeq                       
000023d5  __aeabi_dcmplt                       
000023e9  __aeabi_dcmple                       
000023fd  __aeabi_dcmpge                       
00002411  __aeabi_dcmpgt                       
00002425  SYSCFG_DL_UART_0_init                
00002481  frexp                                
00002481  frexpl                               
000024dd  printf                               
00002539  __TI_ltoa                            
000025e9  __aeabi_idiv                         
000025e9  __aeabi_idivmod                      
00002691  Calculate_Motor_RPM                  
000026e1  fputs                                
0000277d  SYSCFG_DL_SYSCTL_init                
000027c9  __aeabi_d2iz                         
000027c9  __fixdfsi                            
00002815  DL_UART_init                         
0000285d  DL_SYSCTL_switchMCLKfromSYSOSCtoHSCLK
000028a1  LED_Flash                            
000028e5  __aeabi_uidiv                        
000028e5  __aeabi_uidivmod                     
00002925  __aeabi_f2d                          
00002925  __extendsfdf2                        
00002965  atoi                                 
000029e1  __aeabi_i2f                          
000029e1  __floatsisf                          
00002a1d  __TI_auto_init_nobinit_nopinit       
00002a59  __muldsi3                            
00002a95  __aeabi_f2iz                         
00002a95  __fixsfsi                            
00002b01  SYSCFG_DL_TIMER_0_init               
00002b65  SYSCFG_DL_init                       
00002be9  __aeabi_i2d                          
00002be9  __floatsidf                          
00002c15  fputc                                
00002ce1  _c_int00_noargs                      
00002d09  __aeabi_lmul                         
00002d09  __muldi3                             
00002d2d  memccpy                              
00002db1  __aeabi_llsl                         
00002db1  __ashldi3                            
00002e95  DL_Timer_setCaptCompUpdateMethod     
00002eb1  DL_Timer_setClockConfig              
00002fd5  DL_Timer_setCaptureCompareOutCtl     
000030bd  __TI_zero_init_nomemset              
00003161  LED_ON                               
00003175  LED_Toggle                           
00003189  __aeabi_uldivmod                     
000031c3  DL_UART_setClockConfig               
000031d5  TI_memcpy_small                      
000031e7  __TI_decompress_none                 
00003219  DL_Timer_setCaptureCompareValue      
00003229  SYSCFG_DL_SYSTICK_init               
00003239  wcslen                               
00003249  __aeabi_memset                       
00003249  __aeabi_memset4                      
00003249  __aeabi_memset8                      
00003265  TI_memset_small                      
00003273  DL_Common_delayCycles                
000032a5  __aeabi_errno_addr                   
000032ad  __aeabi_memcpy                       
000032ad  __aeabi_memcpy4                      
000032ad  __aeabi_memcpy8                      
000032c5  abort                                
000032cb  ADC0_IRQHandler                      
000032cb  ADC1_IRQHandler                      
000032cb  AES_IRQHandler                       
000032cb  CANFD0_IRQHandler                    
000032cb  DAC0_IRQHandler                      
000032cb  DMA_IRQHandler                       
000032cb  Default_Handler                      
000032cb  GROUP0_IRQHandler                    
000032cb  HardFault_Handler                    
000032cb  I2C0_IRQHandler                      
000032cb  I2C1_IRQHandler                      
000032cb  NMI_Handler                          
000032cb  PendSV_Handler                       
000032cb  RTC_IRQHandler                       
000032cb  SPI0_IRQHandler                      
000032cb  SPI1_IRQHandler                      
000032cb  SVC_Handler                          
000032cb  SysTick_Handler                      
000032cb  TIMA0_IRQHandler                     
000032cb  TIMA1_IRQHandler                     
000032cb  TIMG12_IRQHandler                    
000032cb  TIMG6_IRQHandler                     
000032cb  TIMG7_IRQHandler                     
000032cb  TIMG8_IRQHandler                     
000032cb  UART0_IRQHandler                     
000032cb  UART1_IRQHandler                     
000032cb  UART2_IRQHandler                     
000032cb  UART3_IRQHandler                     
000032ce  C$$EXIT                              
000032cf  HOSTexit                             
000032d3  Reset_Handler                        
000032d7  _system_pre_init                     
000032e0  __aeabi_ctype_table_                 
000032e0  __aeabi_ctype_table_C                
000034b8  __TI_Handler_Table_Base              
000034c4  __TI_Handler_Table_Limit             
000034cc  __TI_CINIT_Base                      
000034dc  __TI_CINIT_Limit                     
000034dc  __TI_CINIT_Warm                      
20200000  __start___llvm_prf_bits              
20200000  __start___llvm_prf_cnts              
20200000  __stop___llvm_prf_bits               
20200000  __stop___llvm_prf_cnts               
20200000  _ftable                              
202000f0  MA_RPM                               
202000f4  MB_RPM                               
202000f8  Velcity_Ki                           
202000fc  Velcity_Kp                           
20200100  __aeabi_errno                        
20200104  _lock                                
20200108  _unlock                              
2020010c  gPWM_0Backup                         
202001d8  Get_Encoder_countA                   
202001dc  Get_Encoder_countB                   
202001e0  PWMA                                 
202001e4  PWMB                                 
202001e8  gpio_interrup1                       
202001ec  gpio_interrup2                       
20203e00  __stack                              
20204000  __STACK_END                          
ffffffff  __TI_pprof_out_hndl                  
ffffffff  __TI_prof_data_size                  
ffffffff  __TI_prof_data_start                 
ffffffff  __binit__                            
ffffffff  binit                                
UNDEFED   __mpu_init                           
UNDEFED   _system_post_cinit                   

[189 symbols]
