******************************************************************************
            TI ARM Clang Linker PC v4.0.3                      
******************************************************************************
>> Linked Mon Jul 28 16:01:55 2025

OUTPUT FILE NAME:   <motor.out>
ENTRY POINT SYMBOL: "_c_int00_noargs"  address: 00002c75


MEMORY CONFIGURATION

         name            origin    length      used     unused   attr    fill
----------------------  --------  ---------  --------  --------  ----  --------
  FLASH                 00000000   00020000  00003490  0001cb70  R  X
  SRAM                  20200000   00008000  000003f2  00007c0e  RW X
  BCR_CONFIG            41c00000   00000080  00000000  00000080  R   
  BSL_CONFIG            41c00100   00000080  00000000  00000080  R   


SEGMENT ALLOCATION MAP

run origin  load origin   length   init length attrs members
----------  ----------- ---------- ----------- ----- -------
00000000    00000000    00003490   00003490    r-x
  00000000    00000000    000000c0   000000c0    r-- .intvecs
  000000c0    000000c0    000031d0   000031d0    r-x .text
  00003290    00003290    000001a0   000001a0    r-- .rodata
  00003430    00003430    00000060   00000060    r-- .cinit
20200000    20200000    000001f2   00000000    rw-
  20200000    20200000    0000010c   00000000    rw- .data
  2020010c    2020010c    000000e6   00000000    rw- .bss
20207e00    20207e00    00000200   00000000    rw-
  20207e00    20207e00    00000200   00000000    rw- .stack


SECTION ALLOCATION MAP

 output                                  attributes/
section   page    origin      length       input sections
--------  ----  ----------  ----------   ----------------
.intvecs   0    00000000    000000c0     
                  00000000    000000c0     startup_mspm0g350x_ticlang.o (.intvecs)

.text      0    000000c0    000031d0     
                  000000c0    000009d0     libc.a : _printfi.c.obj (.text:__TI_printfi)
                  00000a90    00000220            : _printfi.c.obj (.text._pconv_a)
                  00000cb0    000001dc            : _printfi.c.obj (.text._pconv_g)
                  00000e8c    00000192     libclang_rt.builtins.a : adddf3.S.obj (.text.adddf3_subdf3)
                  0000101e    00000002                            : aeabi_div0.c.obj (.text.__aeabi_idiv0)
                  00001020    0000013c     libc.a : _printfi.c.obj (.text.fcvt)
                  0000115c    00000120     encoder.o (.text.GROUP1_IRQHandler)
                  0000127c    00000120     libc.a : _printfi.c.obj (.text._pconv_e)
                  0000139c    0000010c     motor.o (.text.Set_PWM)
                  000014a8    0000010c     libclang_rt.builtins.a : divdf3.S.obj (.text.__divdf3)
                  000015b4    000000ec     ti_msp_dl_config.o (.text.SYSCFG_DL_GPIO_init)
                  000016a0    000000e8     driverlib.a : dl_timer.o (.text.DL_Timer_initTimerMode)
                  00001788    000000e4     libclang_rt.builtins.a : muldf3.S.obj (.text.__muldf3)
                  0000186c    000000dc     driverlib.a : dl_sysctl_mspm0g1x0x_g3x0x.o (.text.DL_SYSCTL_configSYSPLL)
                  00001948    000000d8     libc.a : s_scalbn.c.obj (.text.scalbn)
                  00001a20    000000d8     libclang_rt.builtins.a : addsf3.S.obj (.text)
                  00001af8    000000c4     driverlib.a : dl_timer.o (.text.DL_Timer_initPWMMode)
                  00001bbc    000000c4     motor.o (.text.Velocity_A)
                  00001c80    000000c4     motor.o (.text.Velocity_B)
                  00001d44    000000ac     empty.o (.text.TIMG0_IRQHandler)
                  00001df0    000000a2     libclang_rt.builtins.a : udivmoddi4.S.obj (.text)
                  00001e92    00000002                            : aeabi_div0.c.obj (.text.__aeabi_ldiv0)
                  00001e94    0000008c                            : mulsf3.S.obj (.text.__mulsf3)
                  00001f20    00000084     ti_msp_dl_config.o (.text.__NVIC_SetPriority)
                  00001fa4    00000082     libclang_rt.builtins.a : divsf3.S.obj (.text.__divsf3)
                  00002026    00000002     libc.a : _lock.c.obj (.text._nop)
                  00002028    00000080     driverlib.a : dl_timer.o (.text.DL_TimerA_initPWMMode)
                  000020a8    00000080     ti_msp_dl_config.o (.text.SYSCFG_DL_PWM_0_init)
                  00002128    0000007c     libc.a : copy_decompress_lzss.c.obj (.text:decompress:lzss)
                  000021a4    00000074     libclang_rt.builtins.a : comparedf2.c.obj (.text.__gedf2)
                  00002218    00000074     empty.o (.text.main)
                  0000228c    00000068     ti_msp_dl_config.o (.text.SYSCFG_DL_initPower)
                  000022f4    00000068     libclang_rt.builtins.a : comparedf2.c.obj (.text.__ledf2)
                  0000235c    00000066     libc.a : _printfi.c.obj (.text._mcpy)
                  000023c2    00000002     --HOLE-- [fill = 0]
                  000023c4    00000062     libclang_rt.builtins.a : aeabi_dcmp.S.obj (.text.__aeabi_dcmp)
                  00002426    00000002     --HOLE-- [fill = 0]
                  00002428    0000005c     ti_msp_dl_config.o (.text.SYSCFG_DL_UART_0_init)
                  00002484    0000005c     libc.a : s_frexp.c.obj (.text.frexp)
                  000024e0    0000005c            : printf.c.obj (.text.printf)
                  0000253c    00000058            : _ltoa.c.obj (.text.__TI_ltoa)
                  00002594    00000058            : _printfi.c.obj (.text._pconv_f)
                  000025ec    00000056     libclang_rt.builtins.a : aeabi_idivmod.S.obj (.text.__aeabi_idivmod)
                  00002642    00000052     libc.a : _printfi.c.obj (.text._ecpy)
                  00002694    00000050     encoder.o (.text.Calculate_Motor_RPM)
                  000026e4    00000050     board.o (.text.fputs)
                  00002734    0000004c     ti_msp_dl_config.o (.text.DL_UART_setBaudRateDivisor)
                  00002780    0000004c     ti_msp_dl_config.o (.text.SYSCFG_DL_SYSCTL_init)
                  000027cc    0000004a     libclang_rt.builtins.a : fixdfsi.S.obj (.text.__fixdfsi)
                  00002816    00000002     --HOLE-- [fill = 0]
                  00002818    00000048     driverlib.a : dl_uart.o (.text.DL_UART_init)
                  00002860    00000044                 : dl_sysctl_mspm0g1x0x_g3x0x.o (.text.DL_SYSCTL_switchMCLKfromSYSOSCtoHSCLK)
                  000028a4    00000044     led.o (.text.LED_Flash)
                  000028e8    00000040     libclang_rt.builtins.a : aeabi_uidivmod.S.obj (.text.__aeabi_uidivmod)
                  00002928    00000040                            : extendsfdf2.S.obj (.text.__extendsfdf2)
                  00002968    00000040     libc.a : atoi.c.obj (.text.atoi)
                  000029a8    0000003c     libclang_rt.builtins.a : floatsisf.S.obj (.text.__floatsisf)
                  000029e4    0000003c     libc.a : autoinit.c.obj (.text:__TI_auto_init_nobinit_nopinit)
                  00002a20    0000003a     libclang_rt.builtins.a : muldsi3.S.obj (.text.__muldsi3)
                  00002a5a    00000002     --HOLE-- [fill = 0]
                  00002a5c    00000038                            : fixsfsi.S.obj (.text.__fixsfsi)
                  00002a94    00000034     ti_msp_dl_config.o (.text.SYSCFG_DL_TIMER_0_init)
                  00002ac8    00000030     libc.a : _printfi.c.obj (.text._fcpy)
                  00002af8    0000002c     ti_msp_dl_config.o (.text.SYSCFG_DL_init)
                  00002b24    0000002c     empty.o (.text.__NVIC_ClearPendingIRQ)
                  00002b50    0000002c     empty.o (.text.__NVIC_EnableIRQ)
                  00002b7c    0000002c     libclang_rt.builtins.a : floatsidf.S.obj (.text.__floatsidf)
                  00002ba8    0000002c     board.o (.text.fputc)
                  00002bd4    00000028     ti_msp_dl_config.o (.text.DL_Common_updateReg)
                  00002bfc    00000028     ti_msp_dl_config.o (.text.DL_SYSTICK_init)
                  00002c24    00000028     ti_msp_dl_config.o (.text.DL_UART_setRXFIFOThreshold)
                  00002c4c    00000028     ti_msp_dl_config.o (.text.DL_UART_setTXFIFOThreshold)
                  00002c74    00000028     libc.a : boot_cortex_m.c.obj (.text:_c_int00_noargs)
                  00002c9c    00000024     libclang_rt.builtins.a : muldi3.S.obj (.text.__muldi3)
                  00002cc0    00000022     libc.a : memccpy.c.obj (.text.memccpy)
                  00002ce2    00000002     --HOLE-- [fill = 0]
                  00002ce4    00000020     ti_msp_dl_config.o (.text.DL_GPIO_initPeripheralInputFunction)
                  00002d04    00000020     ti_msp_dl_config.o (.text.DL_SYSCTL_setFlashWaitState)
                  00002d24    0000001e     ti_msp_dl_config.o (.text.DL_UART_setOversampling)
                  00002d42    00000002     --HOLE-- [fill = 0]
                  00002d44    0000001e     libclang_rt.builtins.a : ashldi3.S.obj (.text.__ashldi3)
                  00002d62    00000002     --HOLE-- [fill = 0]
                  00002d64    0000001c     encoder.o (.text.DL_GPIO_clearInterruptStatus)
                  00002d80    0000001c     ti_msp_dl_config.o (.text.DL_GPIO_clearInterruptStatus)
                  00002d9c    0000001c     ti_msp_dl_config.o (.text.DL_GPIO_enableInterrupt)
                  00002db8    0000001c     ti_msp_dl_config.o (.text.DL_GPIO_initDigitalInput)
                  00002dd4    0000001c     ti_msp_dl_config.o (.text.DL_GPIO_initPeripheralOutputFunction)
                  00002df0    0000001c     ti_msp_dl_config.o (.text.DL_SYSCTL_setSYSOSCFreq)
                  00002e0c    0000001c     ti_msp_dl_config.o (.text.DL_SYSCTL_setULPCLKDivider)
                  00002e28    0000001c     ti_msp_dl_config.o (.text.DL_Timer_enableInterrupt)
                  00002e44    0000001c     driverlib.a : dl_timer.o (.text.DL_Timer_setCaptCompUpdateMethod)
                  00002e60    0000001c                 : dl_timer.o (.text.DL_Timer_setClockConfig)
                  00002e7c    00000018     ti_msp_dl_config.o (.text.DL_GPIO_enableOutput)
                  00002e94    00000018     ti_msp_dl_config.o (.text.DL_GPIO_enablePower)
                  00002eac    00000018     encoder.o (.text.DL_GPIO_getEnabledInterruptStatus)
                  00002ec4    00000018     ti_msp_dl_config.o (.text.DL_GPIO_initDigitalOutput)
                  00002edc    00000018     ti_msp_dl_config.o (.text.DL_GPIO_reset)
                  00002ef4    00000018     motor.o (.text.DL_GPIO_setPins)
                  00002f0c    00000018     ti_msp_dl_config.o (.text.DL_GPIO_setUpperPinsPolarity)
                  00002f24    00000018     led.o (.text.DL_GPIO_togglePins)
                  00002f3c    00000018     ti_msp_dl_config.o (.text.DL_SYSCTL_setBORThreshold)
                  00002f54    00000018     ti_msp_dl_config.o (.text.DL_Timer_enablePower)
                  00002f6c    00000018     ti_msp_dl_config.o (.text.DL_Timer_reset)
                  00002f84    00000018     driverlib.a : dl_timer.o (.text.DL_Timer_setCaptureCompareOutCtl)
                  00002f9c    00000018     empty.o (.text.DL_Timer_startCounter)
                  00002fb4    00000018     ti_msp_dl_config.o (.text.DL_UART_enableFIFOs)
                  00002fcc    00000018     ti_msp_dl_config.o (.text.DL_UART_enablePower)
                  00002fe4    00000018     board.o (.text.DL_UART_isBusy)
                  00002ffc    00000018     ti_msp_dl_config.o (.text.DL_UART_reset)
                  00003014    00000016     encoder.o (.text.DL_GPIO_readPins)
                  0000302a    00000016     ti_msp_dl_config.o (.text.DL_UART_enable)
                  00003040    00000016     ti_msp_dl_config.o (.text.DL_UART_enableLoopbackMode)
                  00003056    00000016     board.o (.text.DL_UART_transmitData)
                  0000306c    00000016     libc.a : copy_zero_init.c.obj (.text:decompress:ZI:__TI_zero_init_nomemset)
                  00003082    00000014     led.o (.text.DL_GPIO_clearPins)
                  00003096    00000014     motor.o (.text.DL_GPIO_clearPins)
                  000030aa    00000014     ti_msp_dl_config.o (.text.DL_GPIO_clearPins)
                  000030be    00000002     --HOLE-- [fill = 0]
                  000030c0    00000014     ti_msp_dl_config.o (.text.DL_SYSCTL_disableSYSPLL)
                  000030d4    00000014     ti_msp_dl_config.o (.text.DL_SYSCTL_enableMFCLK)
                  000030e8    00000014     ti_msp_dl_config.o (.text.DL_Timer_enableClock)
                  000030fc    00000014     ti_msp_dl_config.o (.text.DL_Timer_setCCPDirection)
                  00003110    00000014     led.o (.text.LED_ON)
                  00003124    00000014     led.o (.text.LED_Toggle)
                  00003138    00000014     libclang_rt.builtins.a : aeabi_uldivmod.S.obj (.text.__aeabi_uldivmod)
                  0000314c    00000014     libc.a : _printfi.c.obj (.text.strchr)
                  00003160    00000012     empty.o (.text.DL_Timer_getPendingInterrupt)
                  00003172    00000012     driverlib.a : dl_uart.o (.text.DL_UART_setClockConfig)
                  00003184    00000012     libc.a : memcpy16.S.obj (.text:TI_memcpy_small)
                  00003196    00000012            : copy_decompress_none.c.obj (.text:decompress:none)
                  000031a8    00000010     ti_msp_dl_config.o (.text.DL_SYSCTL_disableHFXT)
                  000031b8    00000010     ti_msp_dl_config.o (.text.DL_SYSTICK_enable)
                  000031c8    00000010     driverlib.a : dl_timer.o (.text.DL_Timer_setCaptureCompareValue)
                  000031d8    00000010     ti_msp_dl_config.o (.text.SYSCFG_DL_SYSTICK_init)
                  000031e8    00000010     libc.a : wcslen.c.obj (.text.wcslen)
                  000031f8    0000000e     libclang_rt.builtins.a : aeabi_memset.S.obj (.text.__aeabi_memset)
                  00003206    0000000e     libc.a : _printfi.c.obj (.text.strlen)
                  00003214    0000000e            : memset16.S.obj (.text:TI_memset_small)
                  00003222    0000000a     driverlib.a : dl_common.o (.text.DL_Common_delayCycles)
                  0000322c    0000000a     libc.a : _printfi.c.obj (.text.OUTLINED_FUNCTION_0)
                  00003236    00000002     --HOLE-- [fill = 0]
                  00003238    00000010     libclang_rt.builtins.a : adddf3.S.obj (.tramp.__aeabi_dsub.1)
                  00003248    0000000a     libc.a : _printfi.c.obj (.text.OUTLINED_FUNCTION_1)
                  00003252    00000002     --HOLE-- [fill = 0]
                  00003254    00000008            : aeabi_portable.c.obj (.text.__aeabi_errno_addr)
                  0000325c    00000008     libclang_rt.builtins.a : aeabi_memcpy.S.obj (.text.__aeabi_memcpy)
                  00003264    00000008     libc.a : printf.c.obj (.text._outc)
                  0000326c    00000008            : printf.c.obj (.text._outs)
                  00003274    00000006            : exit.c.obj (.text:abort)
                  0000327a    00000004     startup_mspm0g350x_ticlang.o (.text.Default_Handler)
                  0000327e    00000004     libsysbm.a : hostexit.c.obj (.text.HOSTexit)
                  00003282    00000004     startup_mspm0g350x_ticlang.o (.text.Reset_Handler)
                  00003286    00000004     libc.a : pre_init.c.obj (.text._system_pre_init)
                  0000328a    00000006     --HOLE-- [fill = 0]

.cinit     0    00003430    00000060     
                  00003430    00000035     (.cinit..data.load) [load image, compression = lzss]
                  00003465    00000003     --HOLE-- [fill = 0]
                  00003468    0000000c     (__TI_handler_table)
                  00003474    00000008     (.cinit..bss.load) [load image, compression = zero_init]
                  0000347c    00000010     (__TI_cinit_table)
                  0000348c    00000004     --HOLE-- [fill = 0]

.rodata    0    00003290    000001a0     
                  00003290    00000101     libc.a : aeabi_ctype.S.obj (.rodata:__aeabi_ctype_table_)
                  00003391    00000003     ti_msp_dl_config.o (.rodata.gPWM_0ClockConfig)
                  00003394    00000028     ti_msp_dl_config.o (.rodata.gSYSPLLConfig)
                  000033bc    0000001e     empty.o (.rodata.str1.9517790425240694019.1)
                  000033da    00000002     ti_msp_dl_config.o (.rodata.gUART_0ClockConfig)
                  000033dc    00000014     ti_msp_dl_config.o (.rodata.gTIMER_0TimerConfig)
                  000033f0    00000011     libc.a : _printfi.c.obj (.rodata.str1.10348868589481759720.1)
                  00003401    00000011            : _printfi.c.obj (.rodata.str1.15363888844622738466.1)
                  00003412    0000000a     ti_msp_dl_config.o (.rodata.gUART_0Config)
                  0000341c    00000008     ti_msp_dl_config.o (.rodata.gPWM_0Config)
                  00003424    00000003     ti_msp_dl_config.o (.rodata.gTIMER_0ClockConfig)
                  00003427    00000009     --HOLE-- [fill = 0]

.init_array 
*          0    00000000    00000000     UNINITIALIZED

.binit     0    00000000    00000000     

.data      0    20200000    0000010c     UNINITIALIZED
                  20200000    000000f0     libc.a : defs.c.obj (.data._ftable)
                  202000f0    00000004     empty.o (.data.MA_RPM)
                  202000f4    00000004     empty.o (.data.MB_RPM)
                  202000f8    00000004     motor.o (.data.Velcity_Ki)
                  202000fc    00000004     motor.o (.data.Velcity_Kp)
                  20200100    00000004     libc.a : aeabi_portable.c.obj (.data.__aeabi_errno)
                  20200104    00000004            : _lock.c.obj (.data._lock)
                  20200108    00000004            : _lock.c.obj (.data._unlock)

.bss       0    2020010c    000000e6     UNINITIALIZED
                  2020010c    000000bc     (.common:gPWM_0Backup)
                  202001c8    00000004     motor.o (.bss.Velocity_A.ControlVelocityA)
                  202001cc    00000004     motor.o (.bss.Velocity_A.Last_biasA)
                  202001d0    00000004     motor.o (.bss.Velocity_B.ControlVelocityB)
                  202001d4    00000004     motor.o (.bss.Velocity_B.Last_biasB)
                  202001d8    00000004     (.common:Get_Encoder_countA)
                  202001dc    00000004     (.common:Get_Encoder_countB)
                  202001e0    00000004     (.common:PWMA)
                  202001e4    00000004     (.common:PWMB)
                  202001e8    00000004     (.common:gpio_interrup1)
                  202001ec    00000004     (.common:gpio_interrup2)
                  202001f0    00000002     led.o (.bss.LED_Flash.temp)

.stack     0    20207e00    00000200     UNINITIALIZED
                  20207e00    00000004     libc.a : boot_cortex_m.c.obj (.stack)
                  20207e04    000001fc     --HOLE--

__llvm_prf_cnts 
*          0    20200000    00000000     UNINITIALIZED

__llvm_prf_bits 
*          0    20200000    00000000     UNINITIALIZED

MODULE SUMMARY

       Module                         code    ro data   rw data
       ------                         ----    -------   -------
    .\
       ti_msp_dl_config.o             1846    86        188    
       empty.o                        418     30        16     
       startup_mspm0g350x_ticlang.o   8       192       0      
    +--+------------------------------+-------+---------+---------+
       Total:                         2272    308       204    
                                                               
    .\Hardware\
       motor.o                        704     0         24     
       encoder.o                      442     0         16     
       board.o                        170     0         0      
       led.o                          152     0         2      
    +--+------------------------------+-------+---------+---------+
       Total:                         1468    0         42     
                                                               
    C:/ti/mspm0_sdk_2_01_00_03/source/ti/driverlib/lib/ticlang/m0p/mspm0g1x0x_g3x0x/driverlib.a
       dl_timer.o                     652     0         0      
       dl_sysctl_mspm0g1x0x_g3x0x.o   288     0         0      
       dl_uart.o                      90      0         0      
       dl_common.o                    10      0         0      
    +--+------------------------------+-------+---------+---------+
       Total:                         1040    0         0      
                                                               
    C:\ti\ccs2020\ccs\tools\compiler\ti-cgt-armllvm_4.0.3.LTS\lib\armv6m-ti-none-eabi/c/libc.a
       _printfi.c.obj                 4510    34        0      
       aeabi_ctype.S.obj              0       257       0      
       defs.c.obj                     0       0         240    
       s_scalbn.c.obj                 216     0         0      
       copy_decompress_lzss.c.obj     124     0         0      
       printf.c.obj                   108     0         0      
       s_frexp.c.obj                  92      0         0      
       _ltoa.c.obj                    88      0         0      
       atoi.c.obj                     64      0         0      
       autoinit.c.obj                 60      0         0      
       boot_cortex_m.c.obj            40      0         0      
       memccpy.c.obj                  34      0         0      
       copy_zero_init.c.obj           22      0         0      
       copy_decompress_none.c.obj     18      0         0      
       memcpy16.S.obj                 18      0         0      
       wcslen.c.obj                   16      0         0      
       memset16.S.obj                 14      0         0      
       aeabi_portable.c.obj           8       0         4      
       _lock.c.obj                    2       0         8      
       exit.c.obj                     6       0         0      
       pre_init.c.obj                 4       0         0      
    +--+------------------------------+-------+---------+---------+
       Total:                         5444    291       252    
                                                               
    C:\ti\ccs2020\ccs\tools\compiler\ti-cgt-armllvm_4.0.3.LTS\lib\armv6m-ti-none-eabi/c/libsysbm.a
       hostexit.c.obj                 4       0         0      
    +--+------------------------------+-------+---------+---------+
       Total:                         4       0         0      
                                                               
    C:\ti\ccs2020\ccs\tools\compiler\ti-cgt-armllvm_4.0.3.LTS\lib\armv6m-ti-none-eabi/libclang_rt.builtins.a
       adddf3.S.obj                   418     0         0      
       divdf3.S.obj                   268     0         0      
       muldf3.S.obj                   228     0         0      
       comparedf2.c.obj               220     0         0      
       addsf3.S.obj                   216     0         0      
       udivmoddi4.S.obj               162     0         0      
       mulsf3.S.obj                   140     0         0      
       divsf3.S.obj                   130     0         0      
       aeabi_dcmp.S.obj               98      0         0      
       aeabi_idivmod.S.obj            86      0         0      
       fixdfsi.S.obj                  74      0         0      
       aeabi_uidivmod.S.obj           64      0         0      
       extendsfdf2.S.obj              64      0         0      
       floatsisf.S.obj                60      0         0      
       muldsi3.S.obj                  58      0         0      
       fixsfsi.S.obj                  56      0         0      
       floatsidf.S.obj                44      0         0      
       muldi3.S.obj                   36      0         0      
       ashldi3.S.obj                  30      0         0      
       aeabi_uldivmod.S.obj           20      0         0      
       aeabi_memset.S.obj             14      0         0      
       aeabi_memcpy.S.obj             8       0         0      
       aeabi_div0.c.obj               4       0         0      
    +--+------------------------------+-------+---------+---------+
       Total:                         2498    0         0      
                                                               
       Stack:                         0       0         512    
       Linker Generated:              0       89        0      
    +--+------------------------------+-------+---------+---------+
       Grand Total:                   12726   688       1010   


LINKER GENERATED COPY TABLES

__TI_cinit_table @ 0000347c records: 2, size/record: 8, table size: 16
	.data: load addr=00003430, load size=00000035 bytes, run addr=20200000, run size=0000010c bytes, compression=lzss
	.bss: load addr=00003474, load size=00000008 bytes, run addr=2020010c, run size=000000e6 bytes, compression=zero_init


LINKER GENERATED HANDLER TABLE

__TI_handler_table @ 00003468 records: 3, size/record: 4, table size: 12
	index: 0, handler: __TI_decompress_lzss
	index: 1, handler: __TI_decompress_none
	index: 2, handler: __TI_zero_init


FAR CALL TRAMPOLINES

callee name               trampoline name
   callee addr  tramp addr   call addr  call info
--------------  -----------  ---------  ----------------
__aeabi_dsub              $Tramp$TT$L$PI$$__aeabi_dsub
   00000e8d     00003238     00003234   libc.a : _printfi.c.obj (.text.OUTLINED_FUNCTION_0)

[1 trampolines]
[1 trampoline calls]


GLOBAL SYMBOLS: SORTED ALPHABETICALLY BY Name 

address   name                                 
-------   ----                                 
0000327b  ADC0_IRQHandler                      
0000327b  ADC1_IRQHandler                      
0000327b  AES_IRQHandler                       
0000327e  C$$EXIT                              
0000327b  CANFD0_IRQHandler                    
00002695  Calculate_Motor_RPM                  
0000327b  DAC0_IRQHandler                      
00003223  DL_Common_delayCycles                
0000186d  DL_SYSCTL_configSYSPLL               
00002861  DL_SYSCTL_switchMCLKfromSYSOSCtoHSCLK
00002029  DL_TimerA_initPWMMode                
00001af9  DL_Timer_initPWMMode                 
000016a1  DL_Timer_initTimerMode               
00002e45  DL_Timer_setCaptCompUpdateMethod     
00002f85  DL_Timer_setCaptureCompareOutCtl     
000031c9  DL_Timer_setCaptureCompareValue      
00002e61  DL_Timer_setClockConfig              
00002819  DL_UART_init                         
00003173  DL_UART_setClockConfig               
0000327b  DMA_IRQHandler                       
0000327b  Default_Handler                      
0000327b  GROUP0_IRQHandler                    
0000115d  GROUP1_IRQHandler                    
202001d8  Get_Encoder_countA                   
202001dc  Get_Encoder_countB                   
0000327f  HOSTexit                             
0000327b  HardFault_Handler                    
0000327b  I2C0_IRQHandler                      
0000327b  I2C1_IRQHandler                      
000028a5  LED_Flash                            
00003111  LED_ON                               
00003125  LED_Toggle                           
202000f0  MA_RPM                               
202000f4  MB_RPM                               
0000327b  NMI_Handler                          
202001e0  PWMA                                 
202001e4  PWMB                                 
0000327b  PendSV_Handler                       
0000327b  RTC_IRQHandler                       
00003283  Reset_Handler                        
0000327b  SPI0_IRQHandler                      
0000327b  SPI1_IRQHandler                      
0000327b  SVC_Handler                          
000015b5  SYSCFG_DL_GPIO_init                  
000020a9  SYSCFG_DL_PWM_0_init                 
00002781  SYSCFG_DL_SYSCTL_init                
000031d9  SYSCFG_DL_SYSTICK_init               
00002a95  SYSCFG_DL_TIMER_0_init               
00002429  SYSCFG_DL_UART_0_init                
00002af9  SYSCFG_DL_init                       
0000228d  SYSCFG_DL_initPower                  
0000139d  Set_PWM                              
0000327b  SysTick_Handler                      
0000327b  TIMA0_IRQHandler                     
0000327b  TIMA1_IRQHandler                     
00001d45  TIMG0_IRQHandler                     
0000327b  TIMG12_IRQHandler                    
0000327b  TIMG6_IRQHandler                     
0000327b  TIMG7_IRQHandler                     
0000327b  TIMG8_IRQHandler                     
00003185  TI_memcpy_small                      
00003215  TI_memset_small                      
0000327b  UART0_IRQHandler                     
0000327b  UART1_IRQHandler                     
0000327b  UART2_IRQHandler                     
0000327b  UART3_IRQHandler                     
202000f8  Velcity_Ki                           
202000fc  Velcity_Kp                           
00001bbd  Velocity_A                           
00001c81  Velocity_B                           
20208000  __STACK_END                          
00000200  __STACK_SIZE                         
00000000  __TI_ATRegion0_region_sz             
00000000  __TI_ATRegion0_src_addr              
00000000  __TI_ATRegion0_trg_addr              
00000000  __TI_ATRegion1_region_sz             
00000000  __TI_ATRegion1_src_addr              
00000000  __TI_ATRegion1_trg_addr              
00000000  __TI_ATRegion2_region_sz             
00000000  __TI_ATRegion2_src_addr              
00000000  __TI_ATRegion2_trg_addr              
0000347c  __TI_CINIT_Base                      
0000348c  __TI_CINIT_Limit                     
0000348c  __TI_CINIT_Warm                      
00003468  __TI_Handler_Table_Base              
00003474  __TI_Handler_Table_Limit             
000029e5  __TI_auto_init_nobinit_nopinit       
00002129  __TI_decompress_lzss                 
00003197  __TI_decompress_none                 
0000253d  __TI_ltoa                            
ffffffff  __TI_pprof_out_hndl                  
000000c1  __TI_printfi                         
ffffffff  __TI_prof_data_size                  
ffffffff  __TI_prof_data_start                 
00000000  __TI_static_base__                   
0000306d  __TI_zero_init_nomemset              
00000e97  __adddf3                             
00001a2b  __addsf3                             
00003290  __aeabi_ctype_table_                 
00003290  __aeabi_ctype_table_C                
000027cd  __aeabi_d2iz                         
00000e97  __aeabi_dadd                         
000023c5  __aeabi_dcmpeq                       
00002401  __aeabi_dcmpge                       
00002415  __aeabi_dcmpgt                       
000023ed  __aeabi_dcmple                       
000023d9  __aeabi_dcmplt                       
000014a9  __aeabi_ddiv                         
00001789  __aeabi_dmul                         
00000e8d  __aeabi_dsub                         
20200100  __aeabi_errno                        
00003255  __aeabi_errno_addr                   
00002929  __aeabi_f2d                          
00002a5d  __aeabi_f2iz                         
00001a2b  __aeabi_fadd                         
00001fa5  __aeabi_fdiv                         
00001e95  __aeabi_fmul                         
00001a21  __aeabi_fsub                         
00002b7d  __aeabi_i2d                          
000029a9  __aeabi_i2f                          
000025ed  __aeabi_idiv                         
0000101f  __aeabi_idiv0                        
000025ed  __aeabi_idivmod                      
00001e93  __aeabi_ldiv0                        
00002d45  __aeabi_llsl                         
00002c9d  __aeabi_lmul                         
0000325d  __aeabi_memcpy                       
0000325d  __aeabi_memcpy4                      
0000325d  __aeabi_memcpy8                      
000031f9  __aeabi_memset                       
000031f9  __aeabi_memset4                      
000031f9  __aeabi_memset8                      
000028e9  __aeabi_uidiv                        
000028e9  __aeabi_uidivmod                     
00003139  __aeabi_uldivmod                     
00002d45  __ashldi3                            
ffffffff  __binit__                            
000022f5  __cmpdf2                             
000014a9  __divdf3                             
00001fa5  __divsf3                             
000022f5  __eqdf2                              
00002929  __extendsfdf2                        
000027cd  __fixdfsi                            
00002a5d  __fixsfsi                            
00002b7d  __floatsidf                          
000029a9  __floatsisf                          
000021a5  __gedf2                              
000021a5  __gtdf2                              
000022f5  __ledf2                              
000022f5  __ltdf2                              
UNDEFED   __mpu_init                           
00001789  __muldf3                             
00002c9d  __muldi3                             
00002a21  __muldsi3                            
00001e95  __mulsf3                             
000022f5  __nedf2                              
20207e00  __stack                              
20200000  __start___llvm_prf_bits              
20200000  __start___llvm_prf_cnts              
20200000  __stop___llvm_prf_bits               
20200000  __stop___llvm_prf_cnts               
00000e8d  __subdf3                             
00001a21  __subsf3                             
00001df1  __udivmoddi4                         
00002c75  _c_int00_noargs                      
20200000  _ftable                              
20200104  _lock                                
00002027  _nop                                 
UNDEFED   _system_post_cinit                   
00003287  _system_pre_init                     
20200108  _unlock                              
00003275  abort                                
00002969  atoi                                 
ffffffff  binit                                
00002ba9  fputc                                
000026e5  fputs                                
00002485  frexp                                
00002485  frexpl                               
2020010c  gPWM_0Backup                         
202001e8  gpio_interrup1                       
202001ec  gpio_interrup2                       
00000000  interruptVectors                     
00001949  ldexp                                
00001949  ldexpl                               
00002219  main                                 
00002cc1  memccpy                              
000024e1  printf                               
00001949  scalbn                               
00001949  scalbnl                              
000031e9  wcslen                               


GLOBAL SYMBOLS: SORTED BY Symbol Address 

address   name                                 
-------   ----                                 
00000000  __TI_ATRegion0_region_sz             
00000000  __TI_ATRegion0_src_addr              
00000000  __TI_ATRegion0_trg_addr              
00000000  __TI_ATRegion1_region_sz             
00000000  __TI_ATRegion1_src_addr              
00000000  __TI_ATRegion1_trg_addr              
00000000  __TI_ATRegion2_region_sz             
00000000  __TI_ATRegion2_src_addr              
00000000  __TI_ATRegion2_trg_addr              
00000000  __TI_static_base__                   
00000000  interruptVectors                     
000000c1  __TI_printfi                         
00000200  __STACK_SIZE                         
00000e8d  __aeabi_dsub                         
00000e8d  __subdf3                             
00000e97  __adddf3                             
00000e97  __aeabi_dadd                         
0000101f  __aeabi_idiv0                        
0000115d  GROUP1_IRQHandler                    
0000139d  Set_PWM                              
000014a9  __aeabi_ddiv                         
000014a9  __divdf3                             
000015b5  SYSCFG_DL_GPIO_init                  
000016a1  DL_Timer_initTimerMode               
00001789  __aeabi_dmul                         
00001789  __muldf3                             
0000186d  DL_SYSCTL_configSYSPLL               
00001949  ldexp                                
00001949  ldexpl                               
00001949  scalbn                               
00001949  scalbnl                              
00001a21  __aeabi_fsub                         
00001a21  __subsf3                             
00001a2b  __addsf3                             
00001a2b  __aeabi_fadd                         
00001af9  DL_Timer_initPWMMode                 
00001bbd  Velocity_A                           
00001c81  Velocity_B                           
00001d45  TIMG0_IRQHandler                     
00001df1  __udivmoddi4                         
00001e93  __aeabi_ldiv0                        
00001e95  __aeabi_fmul                         
00001e95  __mulsf3                             
00001fa5  __aeabi_fdiv                         
00001fa5  __divsf3                             
00002027  _nop                                 
00002029  DL_TimerA_initPWMMode                
000020a9  SYSCFG_DL_PWM_0_init                 
00002129  __TI_decompress_lzss                 
000021a5  __gedf2                              
000021a5  __gtdf2                              
00002219  main                                 
0000228d  SYSCFG_DL_initPower                  
000022f5  __cmpdf2                             
000022f5  __eqdf2                              
000022f5  __ledf2                              
000022f5  __ltdf2                              
000022f5  __nedf2                              
000023c5  __aeabi_dcmpeq                       
000023d9  __aeabi_dcmplt                       
000023ed  __aeabi_dcmple                       
00002401  __aeabi_dcmpge                       
00002415  __aeabi_dcmpgt                       
00002429  SYSCFG_DL_UART_0_init                
00002485  frexp                                
00002485  frexpl                               
000024e1  printf                               
0000253d  __TI_ltoa                            
000025ed  __aeabi_idiv                         
000025ed  __aeabi_idivmod                      
00002695  Calculate_Motor_RPM                  
000026e5  fputs                                
00002781  SYSCFG_DL_SYSCTL_init                
000027cd  __aeabi_d2iz                         
000027cd  __fixdfsi                            
00002819  DL_UART_init                         
00002861  DL_SYSCTL_switchMCLKfromSYSOSCtoHSCLK
000028a5  LED_Flash                            
000028e9  __aeabi_uidiv                        
000028e9  __aeabi_uidivmod                     
00002929  __aeabi_f2d                          
00002929  __extendsfdf2                        
00002969  atoi                                 
000029a9  __aeabi_i2f                          
000029a9  __floatsisf                          
000029e5  __TI_auto_init_nobinit_nopinit       
00002a21  __muldsi3                            
00002a5d  __aeabi_f2iz                         
00002a5d  __fixsfsi                            
00002a95  SYSCFG_DL_TIMER_0_init               
00002af9  SYSCFG_DL_init                       
00002b7d  __aeabi_i2d                          
00002b7d  __floatsidf                          
00002ba9  fputc                                
00002c75  _c_int00_noargs                      
00002c9d  __aeabi_lmul                         
00002c9d  __muldi3                             
00002cc1  memccpy                              
00002d45  __aeabi_llsl                         
00002d45  __ashldi3                            
00002e45  DL_Timer_setCaptCompUpdateMethod     
00002e61  DL_Timer_setClockConfig              
00002f85  DL_Timer_setCaptureCompareOutCtl     
0000306d  __TI_zero_init_nomemset              
00003111  LED_ON                               
00003125  LED_Toggle                           
00003139  __aeabi_uldivmod                     
00003173  DL_UART_setClockConfig               
00003185  TI_memcpy_small                      
00003197  __TI_decompress_none                 
000031c9  DL_Timer_setCaptureCompareValue      
000031d9  SYSCFG_DL_SYSTICK_init               
000031e9  wcslen                               
000031f9  __aeabi_memset                       
000031f9  __aeabi_memset4                      
000031f9  __aeabi_memset8                      
00003215  TI_memset_small                      
00003223  DL_Common_delayCycles                
00003255  __aeabi_errno_addr                   
0000325d  __aeabi_memcpy                       
0000325d  __aeabi_memcpy4                      
0000325d  __aeabi_memcpy8                      
00003275  abort                                
0000327b  ADC0_IRQHandler                      
0000327b  ADC1_IRQHandler                      
0000327b  AES_IRQHandler                       
0000327b  CANFD0_IRQHandler                    
0000327b  DAC0_IRQHandler                      
0000327b  DMA_IRQHandler                       
0000327b  Default_Handler                      
0000327b  GROUP0_IRQHandler                    
0000327b  HardFault_Handler                    
0000327b  I2C0_IRQHandler                      
0000327b  I2C1_IRQHandler                      
0000327b  NMI_Handler                          
0000327b  PendSV_Handler                       
0000327b  RTC_IRQHandler                       
0000327b  SPI0_IRQHandler                      
0000327b  SPI1_IRQHandler                      
0000327b  SVC_Handler                          
0000327b  SysTick_Handler                      
0000327b  TIMA0_IRQHandler                     
0000327b  TIMA1_IRQHandler                     
0000327b  TIMG12_IRQHandler                    
0000327b  TIMG6_IRQHandler                     
0000327b  TIMG7_IRQHandler                     
0000327b  TIMG8_IRQHandler                     
0000327b  UART0_IRQHandler                     
0000327b  UART1_IRQHandler                     
0000327b  UART2_IRQHandler                     
0000327b  UART3_IRQHandler                     
0000327e  C$$EXIT                              
0000327f  HOSTexit                             
00003283  Reset_Handler                        
00003287  _system_pre_init                     
00003290  __aeabi_ctype_table_                 
00003290  __aeabi_ctype_table_C                
00003468  __TI_Handler_Table_Base              
00003474  __TI_Handler_Table_Limit             
0000347c  __TI_CINIT_Base                      
0000348c  __TI_CINIT_Limit                     
0000348c  __TI_CINIT_Warm                      
20200000  __start___llvm_prf_bits              
20200000  __start___llvm_prf_cnts              
20200000  __stop___llvm_prf_bits               
20200000  __stop___llvm_prf_cnts               
20200000  _ftable                              
202000f0  MA_RPM                               
202000f4  MB_RPM                               
202000f8  Velcity_Ki                           
202000fc  Velcity_Kp                           
20200100  __aeabi_errno                        
20200104  _lock                                
20200108  _unlock                              
2020010c  gPWM_0Backup                         
202001d8  Get_Encoder_countA                   
202001dc  Get_Encoder_countB                   
202001e0  PWMA                                 
202001e4  PWMB                                 
202001e8  gpio_interrup1                       
202001ec  gpio_interrup2                       
20207e00  __stack                              
20208000  __STACK_END                          
ffffffff  __TI_pprof_out_hndl                  
ffffffff  __TI_prof_data_size                  
ffffffff  __TI_prof_data_start                 
ffffffff  __binit__                            
ffffffff  binit                                
UNDEFED   __mpu_init                           
UNDEFED   _system_post_cinit                   

[190 symbols]
